2026-07-05 11:42:20.644  3784-3784  InsetsController        com.terrapulse.app                   D  hide(ime())
2026-07-05 11:42:20.644  3784-3784  ImeTracker              com.terrapulse.app                   I  com.terrapulse.app:faed202e: onCancelled at PHASE_CLIENT_ALREADY_HIDDEN
2026-07-05 11:42:20.644  3784-4001  ApplicationLoaders      com.terrapulse.app                   D  Returning zygote-cached class loader: /system/framework/android.test.base.jar
2026-07-05 11:42:20.644  3784-4001  ApplicationLoaders      com.terrapulse.app                   D  Returning zygote-cached class loader: /system_ext/framework/androidx.window.extensions.jar
2026-07-05 11:42:20.645  3784-3796  InputTransport          com.terrapulse.app                   D  Input channel constructed: 'ClientS', fd=208
2026-07-05 11:42:20.645  3784-3784  InputTransport          com.terrapulse.app                   D  Input channel destroyed: 'ClientS', fd=208
2026-07-05 11:42:20.647  3784-3784  VRI[SignIn...y]@207a281 com.terrapulse.app                   I  stopped(true) old = false
2026-07-05 11:42:20.647  3784-3784  VRI[SignIn...y]@207a281 com.terrapulse.app                   D  WindowStopped on com.terrapulse.app/com.google.android.gms.auth.api.signin.internal.SignInHubActivity set to true
2026-07-05 11:42:20.648  3784-3784  WindowOnBackDispatcher  com.terrapulse.app                   D  setTopOnBackInvokedCallback (unwrapped): null
2026-07-05 11:42:20.648  3784-3784  ViewRootImpl            com.terrapulse.app                   D  Skipping stats log for color mode
2026-07-05 11:42:20.648  3784-3784  VRI[SignIn...y]@207a281 com.terrapulse.app                   I  dispatchDetachedFromWindow
2026-07-05 11:42:20.648  3784-3784  InputTransport          com.terrapulse.app                   D  Input channel destroyed: '37e9892', fd=205
2026-07-05 11:42:20.649  3784-4001  nativeloader            com.terrapulse.app                   D  Configuring clns-10 for other apk /data/app/~~Cx9HcmpZFj51IJ-ZF8PXRg==/com.google.android.webview-SSX7OZTxNJKavtsbs3IyPg==/base.apk. target_sdk_version=36, uses_libraries=, library_path=/data/app/~~Cx9HcmpZFj51IJ-ZF8PXRg==/com.google.android.webview-SSX7OZTxNJKavtsbs3IyPg==/lib/arm64:/data/app/~~Cx9HcmpZFj51IJ-ZF8PXRg==/com.google.android.webview-SSX7OZTxNJKavtsbs3IyPg==/base.apk!/lib/arm64-v8a, permitted_path=/data:/mnt/expand
2026-07-05 11:42:20.670  3784-4001  cr_WVCFactoryProvider   com.terrapulse.app                   I  version=149.0.7827.159 (782715903) minSdkVersion=29 multiprocess=true packageId=2 splits=<none>
2026-07-05 11:42:20.672  3784-4001  nativeloader            com.terrapulse.app                   D  Load /data/app/~~Cx9HcmpZFj51IJ-ZF8PXRg==/com.google.android.webview-SSX7OZTxNJKavtsbs3IyPg==/base.apk!/lib/arm64-v8a/libwebviewchromium.so using class loader ns clns-10 (caller=/data/app/~~Cx9HcmpZFj51IJ-ZF8PXRg==/com.google.android.webview-SSX7OZTxNJKavtsbs3IyPg==/base.apk): ok
2026-07-05 11:42:20.673  3784-4001  nativeloader            com.terrapulse.app                   D  Load /system/lib64/libwebviewchromium_plat_support.so using class loader ns clns-10 (caller=/data/app/~~Cx9HcmpZFj51IJ-ZF8PXRg==/com.google.android.webview-SSX7OZTxNJKavtsbs3IyPg==/base.apk): ok
2026-07-05 11:42:20.676  3784-4011  chromium                com.terrapulse.app                   I  [0705/114220.675470:INFO:android_webview/browser/variations/variations_seed_loader.cc:67] Failed to open file for reading.: No such file or directory (2)
2026-07-05 11:42:20.676  3784-4011  chromium                com.terrapulse.app                   I  [0705/114220.676358:INFO:android_webview/browser/variations/variations_seed_loader.cc:67] Failed to open file for reading.: No such file or directory (2)
2026-07-05 11:42:20.686  3784-4001  cr_LibraryLoader        com.terrapulse.app                   I  Successfully loaded native library
2026-07-05 11:42:20.688  3784-4001  cr_CachingUmaRecorder   com.terrapulse.app                   I  Flushed 41 samples from 19 histograms, 0 samples were dropped.
2026-07-05 11:42:21.271  3784-3902  DefaultLoc...neProvider com.terrapulse.app                   D  DefaultLocationEngine will be used.
2026-07-05 11:42:21.273  3784-3784  MLRNOfflineModule       com.terrapulse.app                   D  No packs need migration
2026-07-05 11:42:21.332  3784-3784  unknown:BridgelessReact com.terrapulse.app                   W  ReactHost{0}.onUserLeaveHint(activity)
2026-07-05 11:42:21.332  3784-3784  unknown:BridgelessReact com.terrapulse.app                   W  ReactHost{0}.onHostPause(activity)
2026-07-05 11:42:21.332  3784-3784  unknown:BridgelessReact com.terrapulse.app                   W  ReactContext.onHostPause()
2026-07-05 11:42:21.382  3784-3907  DefaultLoc...neProvider com.terrapulse.app                   D  DefaultLocationEngine will be used.
2026-07-05 11:42:21.394  3784-3902  ReactNativeJS           com.terrapulse.app                   E  @maplibre/maplibre-react-native: Invalid color value ___fff, using ___ff0000 (red) instead
2026-07-05 11:42:21.395  3784-3907  unknown:ReactNative     com.terrapulse.app                   E  console.error: @maplibre/maplibre-react-native: Invalid color value ___fff, using ___ff0000 (red) instead, stack:
                                                                                                    _construct@1:121065
                                                                                                    Wrapper@1:120718
                                                                                                    _callSuper@1:106066
                                                                                                    SyntheticError@1:120203
                                                                                                    reactConsoleErrorHandler@1:119769
                                                                                                    transformStyle@1:1949270
                                                                                                    anonymous@1:1985212
                                                                                                    useMemo@1:291696
                                                                                                    anonymous@1:138402
                                                                                                    Layer@1:1984909
                                                                                                    renderWithHooks@1:235980
                                                                                                    updateFunctionComponent@1:254765
                                                                                                    beginWork@1:262615
                                                                                                    performUnitOfWork@1:281287
                                                                                                    workLoopSync@1:280295
                                                                                                    renderRootSync@1:280127
                                                                                                    performWorkOnRoot@1:277552
                                                                                                    performWorkOnRootViaSchedulerTask@1:231436
2026-07-05 11:42:21.396  3784-3784  unknown:BridgelessReact com.terrapulse.app                   W  ReactHost{0}.onHostResume(activity)
2026-07-05 11:42:21.396  3784-3784  unknown:BridgelessReact com.terrapulse.app                   W  ReactContext.onHostResume()
2026-07-05 11:42:21.397  3784-3784  DefaultLoc...neProvider com.terrapulse.app                   D  DefaultLocationEngine will be used.
2026-07-05 11:42:21.409  3784-3784  [RNScreens]             com.terrapulse.app                   W  backTitleVisible prop is not available on Android
2026-07-05 11:42:21.409  3784-3784  [RNScreens]             com.terrapulse.app                   W  backTitleFontFamily prop is not available on Android
2026-07-05 11:42:21.409  3784-3784  [RNScreens]             com.terrapulse.app                   W  largeTitleFontWeight prop is not available on Android
2026-07-05 11:42:21.409  3784-3784  [RNScreens]             com.terrapulse.app                   W  largeTitleHideShadow prop is not available on Android
2026-07-05 11:42:21.409  3784-3784  [RNScreens]             com.terrapulse.app                   W  disableBackButtonMenu prop is not available on Android
2026-07-05 11:42:21.409  3784-3784  [RNScreens]             com.terrapulse.app                   W  largeTitleFontFamily prop is not available on Android
2026-07-05 11:42:21.441  3784-3784  BLASTBufferQueue_Java   com.terrapulse.app                   I  update, w= 1440 h= 3120 mName = VRI[MainActivity]@85084b2 mNativeObject= 0xb400006ff1639730 sc.mNativeObject= 0xb4000071316141d0 format= -1 caller= android.view.ViewRootImpl.updateBlastSurfaceIfNeeded:3894 android.view.ViewRootImpl.updateRenderTargetIfNeeded:3886 android.view.ViewRootImpl.relayoutWindow:12625 android.view.ViewRootImpl.performTraversals:5286 android.view.ViewRootImpl.doTraversal:4254 android.view.ViewRootImpl$TraversalCallback.onVsync:13884 
2026-07-05 11:42:21.441  3784-3784  VRI[MainAc...y]@85084b2 com.terrapulse.app                   I  Relayout returned: old=(0,0,1440,3120) new=(0,0,1440,3120) relayoutAsync=true req=(1440,3120)0 dur=1 res=0x0 s={true 0xb400007001630050} ch=false seqId=0
2026-07-05 11:42:21.441  3784-3784  VRI[MainAc...y]@85084b2 com.terrapulse.app                   I  registerCallbackForPendingTransactions
2026-07-05 11:42:21.441  3784-3853  VRI[MainAc...y]@85084b2 com.terrapulse.app                   I  mWNT: t=0xb4000071f16458d0 fn= 133 HdrRenderState mRenderHdrSdrRatio=1.0 caller= android.view.ViewRootImpl$10.onFrameDraw:7102 android.view.ViewRootImpl$4.onFrameDraw:2700 android.view.ThreadedRenderer$1.onFrameDraw:750 
2026-07-05 11:42:21.443  3784-3784  SV[1876955...nActivity] com.terrapulse.app                   I  onWindowVisibilityChanged(0) true org.maplibre.android.maps.renderer.surfaceview.MapLibreGLSurfaceView{b3001bd V.E...... ......ID 0,0-1440,3120} of VRI[MainActivity]@85084b2
2026-07-05 11:42:21.446  3784-3784  BLASTBufferQueue_Java   com.terrapulse.app                   I  update, w= 1440 h= 3120 mName = VRI[MainActivity]@85084b2 mNativeObject= 0xb400006ff1639730 sc.mNativeObject= 0xb4000071316141d0 format= -3 caller= android.view.ViewRootImpl.updateBlastSurfaceIfNeeded:3894 android.view.ViewRootImpl.updateRenderTargetIfNeeded:3886 android.view.ViewRootImpl.relayoutWindow:12625 android.view.ViewRootImpl.performTraversals:5286 android.view.ViewRootImpl.doTraversal:4254 android.view.ViewRootImpl$TraversalCallback.onVsync:13884 
2026-07-05 11:42:21.446  3784-3784  VRI[MainAc...y]@85084b2 com.terrapulse.app                   I  Relayout returned: old=(0,0,1440,3120) new=(0,0,1440,3120) relayoutAsync=true req=(1440,3120)0 dur=0 res=0x0 s={true 0xb400007001630050} ch=false seqId=0
2026-07-05 11:42:21.446  3784-3784  SurfaceView             com.terrapulse.app                   I  187695549 Changes: creating=true format=true size=true visible=true alpha=false hint=false left=true top=true z=false attached=true lifecycleStrategy=false blurRegionsChanged=false
2026-07-05 11:42:21.446  3784-3784  Surface                 com.terrapulse.app                   I  Creating surface for consumer unnamed-3784-2 with slotExpansion=1 for 64 slots
2026-07-05 11:42:21.446  3784-3784  BufferQueueProducer     com.terrapulse.app                   I  [](id:ec800000002,api:0,p:-1275068303,c:3784) setDequeueTimeout:2077252342
2026-07-05 11:42:21.446  3784-4062  nativeloader            com.terrapulse.app                   D  Load /data/app/~~TSHtpAM3Zt_dcOzT2b_rZA==/com.terrapulse.app-M-Jd1bULM_3HBuvyGuXAQQ==/base.apk!/lib/arm64-v8a/libimagepipeline.so using class loader ns clns-9 (caller=/data/app/~~TSHtpAM3Zt_dcOzT2b_rZA==/com.terrapulse.app-M-Jd1bULM_3HBuvyGuXAQQ==/base.apk!classes4.dex): ok
2026-07-05 11:42:21.448  3784-4063  Kumiho-Kumiho           com.terrapulse.app                   I  getPackageName: com.terrapulse.app
2026-07-05 11:42:21.448  3784-4062  Kumiho-Kumiho           com.terrapulse.app                   I  getPackageName: com.terrapulse.app
2026-07-05 11:42:21.448  3784-4063  Kumiho-Kumiho           com.terrapulse.app                   E  updateList: Failed to read policy, trying default path
2026-07-05 11:42:21.448  3784-4063  Kumiho-Kumiho           com.terrapulse.app                   D  updateList: Adding package 'com.whatsapp' to third-party list
2026-07-05 11:42:21.448  3784-4063  Kumiho-Kumiho           com.terrapulse.app                   D  updateList: Adding package 'com.facebook.orca' to third-party list
2026-07-05 11:42:21.448  3784-4063  Kumiho-Kumiho           com.terrapulse.app                   D  updateList: Adding package 'org.telegram.messenger' to third-party list
2026-07-05 11:42:21.448  3784-4063  Kumiho-Kumiho           com.terrapulse.app                   D  updateList: Adding package 'com.kakao.talk' to third-party list
2026-07-05 11:42:21.448  3784-4063  Kumiho-Kumiho           com.terrapulse.app                   D  updateList: Adding package 'jp.naver.line.android' to third-party list
2026-07-05 11:42:21.448  3784-4063  Kumiho-Kumiho           com.terrapulse.app                   D  updateList: Adding package 'com.discord' to third-party list
2026-07-05 11:42:21.448  3784-4063  Kumiho-Kumiho           com.terrapulse.app                   D  updateList: Adding package 'com.tencent.mm' to third-party list
2026-07-05 11:42:21.448  3784-4063  Kumiho-Kumiho           com.terrapulse.app                   D  updateList: Adding package 'com.snapchat.android' to third-party list
2026-07-05 11:42:21.449  3784-4066  Kumiho-Kumiho           com.terrapulse.app                   I  getPackageName: com.terrapulse.app
2026-07-05 11:42:21.449  3784-4067  Kumiho-Kumiho           com.terrapulse.app                   I  getPackageName: com.terrapulse.app
2026-07-05 11:42:21.449  3784-4066  Kumiho-Kumiho           com.terrapulse.app                   I  getPackageName: com.terrapulse.app
2026-07-05 11:42:21.449  3784-4067  Kumiho-Kumiho           com.terrapulse.app                   I  getPackageName: com.terrapulse.app
2026-07-05 11:42:21.450  3784-3789  .terrapulse.app         com.terrapulse.app                   W  Cleared Reference was only reachable from finalizer (only reported once)
2026-07-05 11:42:21.460  3784-3784  BLASTBufferQueue_Java   com.terrapulse.app                   I  new BLASTBufferQueue, mName= b3001bd SurfaceView[com.terrapulse.app/com.terrapulse.app.MainActivity]@0 mNativeObject= 0xb400006ff1621be0 caller= android.view.SurfaceView.createBlastSurfaceControls:2043 android.view.SurfaceView.updateSurface:1677 android.view.SurfaceView.lambda$new$0:289 android.view.SurfaceView.$r8$lambda$NfZyM_TG8F8lqzaOVZ7noREFjzU:0 android.view.SurfaceView$$ExternalSyntheticLambda1.onPreDraw:0 android.view.ViewTreeObserver.dispatchOnPreDraw:1208 android.view.ViewRootImpl.performTraversals:5939 android.view.ViewRootImpl.doTraversal:4254 android.view.ViewRootImpl$TraversalCallback.onVsync:13884 android.view.Choreographer$CallbackRecord.run:1995 
2026-07-05 11:42:21.460  3784-3784  BLASTBufferQueue_Java   com.terrapulse.app                   I  update, w= 1440 h= 3120 mName = b3001bd SurfaceView[com.terrapulse.app/com.terrapulse.app.MainActivity]@0 mNativeObject= 0xb400006ff1621be0 sc.mNativeObject= 0xb400007131649090 format= -2 caller= android.view.SurfaceView.createBlastSurfaceControls:2044 android.view.SurfaceView.updateSurface:1677 android.view.SurfaceView.lambda$new$0:289 android.view.SurfaceView.$r8$lambda$NfZyM_TG8F8lqzaOVZ7noREFjzU:0 android.view.SurfaceView$$ExternalSyntheticLambda1.onPreDraw:0 android.view.ViewTreeObserver.dispatchOnPreDraw:1208 
2026-07-05 11:42:21.460  3784-3784  SurfaceView             com.terrapulse.app                   I  187695549 Cur surface: Surface(name=null mNativeObject=0)/@0xc5c3a91
2026-07-05 11:42:21.460  3784-3784  SurfaceView             com.terrapulse.app                   D  187695549 performSurfaceTransaction RenderWorker position = [0, 0, 1440, 3120] surfaceSize = 1440x3120
2026-07-05 11:42:21.460  3784-3784  Surface                 com.terrapulse.app                   I  Creating surface for consumer b3001bd SurfaceView[com.terrapulse.app/com.terrapulse.app.MainActivity]@0#2(BLAST Consumer)2 with slotExpansion=1 for 64 slots
2026-07-05 11:42:21.460  3784-3784  SV[1876955...nActivity] com.terrapulse.app                   I  updateSurface: mVisible = true mSurface.isValid() = true
2026-07-05 11:42:21.460  3784-3784  SV[1876955...nActivity] com.terrapulse.app                   I  updateSurface: mSurfaceCreated = false surfaceChanged = true visibleChanged = true
2026-07-05 11:42:21.460  3784-3784  SurfaceView             com.terrapulse.app                   I  187695549 visibleChanged -- surfaceCreated
2026-07-05 11:42:21.460  3784-3784  SV[1876955...nActivity] com.terrapulse.app                   I  surfaceCreated 1 #8 org.maplibre.android.maps.renderer.surfaceview.MapLibreGLSurfaceView{b3001bd V.E...... ......ID 0,0-1440,3120}
2026-07-05 11:42:21.460  3784-3784  SurfaceView             com.terrapulse.app                   I  187695549 surfaceChanged -- format=-2 w=1440 h=3120
2026-07-05 11:42:21.460  3784-3784  SV[1876955...nActivity] com.terrapulse.app                   I  surfaceChanged (1440,3120) 1 #8 org.maplibre.android.maps.renderer.surfaceview.MapLibreGLSurfaceView{b3001bd V.E...... ......ID 0,0-1440,3120}
2026-07-05 11:42:21.460  3784-3784  SurfaceView             com.terrapulse.app                   I  187695549 surfaceRedrawNeeded
2026-07-05 11:42:21.461  3784-4059  AdrenoGLES-0            com.terrapulse.app                   I  QUALCOMM build                   : 2e66171171, I1fac26e44e
                                                                                                    Build Date                       : 05/01/26
                                                                                                    OpenGL ES Shader Compiler Version: E031.50.19.27
                                                                                                    Local Branch                     : 
                                                                                                    Remote Branch                    : refs/tags/AU_LINUX_ANDROID_LA.VENDOR.16.2.0.11.00.00.1195.619
                                                                                                    Remote Branch                    : NONE
                                                                                                    Reconstruct Branch               : NOTHING
2026-07-05 11:42:21.461  3784-4059  AdrenoGLES-0            com.terrapulse.app                   I  Build Config                     : C P 20.0.0 AArch64
2026-07-05 11:42:21.461  3784-4059  AdrenoGLES-0            com.terrapulse.app                   I  Driver Path                      : /vendor/lib64/egl/libGLESv2_adreno.so
2026-07-05 11:42:21.461  3784-4059  AdrenoGLES-0            com.terrapulse.app                   I  Driver Version                   : 0842.19.11
2026-07-05 11:42:21.461  3784-4059  AdrenoGLES-0            com.terrapulse.app                   I  Process Name                     : com.terrapulse.app
2026-07-05 11:42:21.462  3784-3791  System                  com.terrapulse.app                   W  A resource failed to call close. 
2026-07-05 11:42:21.462  3784-4059  AdrenoGLES-0            com.terrapulse.app                   I  PFP: 0x01510594, ME: 0x01510025
2026-07-05 11:42:21.463  3784-4059  Adreno-AppProfiles      com.terrapulse.app                   E  QSPM AIDL service doesn't exist
2026-07-05 11:42:21.465  3784-3784  SurfaceView             com.terrapulse.app                   V  Layout: x=0 y=0 w=1440 h=3120, frame=Rect(0, 0 - 1440, 3120)
2026-07-05 11:42:21.465  3784-3784  VRI[MainAc...y]@85084b2 com.terrapulse.app                   I  registerCallbackForPendingTransactions
2026-07-05 11:42:21.469  3784-3829  SurfaceView             com.terrapulse.app                   D  187695549 updateSurfacePosition RenderWorker, frameNr = 134, position = [144, 0, 1584, 3120] clip = [0, 0, 1296, 3120] surfaceSize = 1440x3120 renderNodeSize = 14403120shouldDisableClip = false
2026-07-05 11:42:21.469  3784-3829  SV[1876955...nActivity] com.terrapulse.app                   I  onSSPAndSRT: pl = 144 pt = 0 sx = 1.0 sy = 1.0
2026-07-05 11:42:21.469  3784-3829  SurfaceComposerClient   com.terrapulse.app                   D  setBlurRegions for b3001bd SurfaceView[com.terrapulse.app/com.terrapulse.app.MainActivity]@0#179960 ## regionSize=0
2026-07-05 11:42:21.469  3784-3829  SurfaceView             com.terrapulse.app                   D  Setting layer crop = [0.000000, 0.000000, 1296.000000, 3120.000000] from scale 1.000000, 1.000000
2026-07-05 11:42:21.470  3784-3829  SV[1876955...nActivity] com.terrapulse.app                   I  aOrMT: VRI[MainActivity]@85084b2 t = android.view.SurfaceControl$Transaction@e7c8ad0 fN = 134 android.view.SurfaceView.-$$Nest$mapplyOrMergeTransaction:0 android.view.SurfaceView$SurfaceViewPositionUpdateListener.positionChanged:2280 android.graphics.RenderNode$CompositePositionUpdateListener.positionChanged:410 
2026-07-05 11:42:21.470  3784-3829  VRI[MainAc...y]@85084b2 com.terrapulse.app                   I  mWNT: t=0xb4000071f166b460 fn= 134 HdrRenderState mRenderHdrSdrRatio=1.0 caller= android.view.SurfaceView.applyOrMergeTransaction:2125 android.view.SurfaceView.-$$Nest$mapplyOrMergeTransaction:0 android.view.SurfaceView$SurfaceViewPositionUpdateListener.positionChanged:2280 
2026-07-05 11:42:21.470  3784-3851  VRI[MainAc...y]@85084b2 com.terrapulse.app                   I  mWNT: t=0xb4000071f166d020 fn= 134 HdrRenderState mRenderHdrSdrRatio=1.0 caller= android.view.ViewRootImpl$10.onFrameDraw:7102 android.view.ViewRootImpl$4.onFrameDraw:2700 android.view.ThreadedRenderer$1.onFrameDraw:750 
2026-07-05 11:42:21.471  3784-4059  BLASTBufferQueue        com.terrapulse.app                   I  [b3001bd SurfaceView[com.terrapulse.app/com.terrapulse.app.MainActivity]@0#2](f:0,a:0,s:0) onFrameAvailable the first frame is available
2026-07-05 11:42:21.471  3784-4059  SurfaceComposerClient   com.terrapulse.app                   I  apply transaction with the first frame. layerId: 179961, bufferData(ID: 16252156248072, frameNumber: 1)
2026-07-05 11:42:21.472  3784-4059  SurfaceView             com.terrapulse.app                   I  187695549 finishedDrawing
2026-07-05 11:42:21.486  3784-3829  SurfaceView             com.terrapulse.app                   D  187695549 updateSurfacePosition RenderWorker, frameNr = 136, position = [137, 0, 1577, 3120] clip = [0, 0, 1303, 3120] surfaceSize = 1440x3120 renderNodeSize = 14403120shouldDisableClip = false
2026-07-05 11:42:21.486  3784-3829  SV[1876955...nActivity] com.terrapulse.app                   I  onSSPAndSRT: pl = 137 pt = 0 sx = 1.0 sy = 1.0
2026-07-05 11:42:21.486  3784-3829  SurfaceComposerClient   com.terrapulse.app                   D  setBlurRegions for b3001bd SurfaceView[com.terrapulse.app/com.terrapulse.app.MainActivity]@0#179960 ## regionSize=0
2026-07-05 11:42:21.486  3784-3829  SurfaceView             com.terrapulse.app                   D  Setting layer crop = [0.000000, 0.000000, 1303.000000, 3120.000000] from scale 1.000000, 1.000000
2026-07-05 11:42:21.486  3784-3829  SV[1876955...nActivity] com.terrapulse.app                   I  aOrMT: VRI[MainActivity]@85084b2 t = android.view.SurfaceControl$Transaction@e7c8ad0 fN = 136 android.view.SurfaceView.-$$Nest$mapplyOrMergeTransaction:0 android.view.SurfaceView$SurfaceViewPositionUpdateListener.positionChanged:2280 android.graphics.RenderNode$CompositePositionUpdateListener.positionChanged:410 
2026-07-05 11:42:21.486  3784-3829  VRI[MainAc...y]@85084b2 com.terrapulse.app                   I  mWNT: t=0xb4000071f166b460 fn= 136 HdrRenderState mRenderHdrSdrRatio=1.0 caller= android.view.SurfaceView.applyOrMergeTransaction:2125 android.view.SurfaceView.-$$Nest$mapplyOrMergeTransaction:0 android.view.SurfaceView$SurfaceViewPositionUpdateListener.positionChanged:2280 
2026-07-05 11:42:21.490  3784-3829  SurfaceView             com.terrapulse.app                   D  187695549 updateSurfacePosition RenderWorker, frameNr = 137, position = [132, 0, 1573, 3120] clip = [0, 0, 1308, 3120] surfaceSize = 1440x3120 renderNodeSize = 14403120shouldDisableClip = false
2026-07-05 11:42:21.490  3784-3829  SV[1876955...nActivity] com.terrapulse.app                   I  onSSPAndSRT: pl = 132 pt = 0 sx = 1.0006944 sy = 1.0
2026-07-05 11:42:21.490  3784-3829  SurfaceComposerClient   com.terrapulse.app                   D  setBlurRegions for b3001bd SurfaceView[com.terrapulse.app/com.terrapulse.app.MainActivity]@0#179960 ## regionSize=0
2026-07-05 11:42:21.490  3784-3829  SurfaceView             com.terrapulse.app                   D  Setting layer crop = [0.000000, 0.000000, 1308.000000, 3120.000000] from scale 1.000000, 1.000000
2026-07-05 11:42:21.490  3784-3829  SV[1876955...nActivity] com.terrapulse.app                   I  aOrMT: VRI[MainActivity]@85084b2 t = android.view.SurfaceControl$Transaction@e7c8ad0 fN = 137 android.view.SurfaceView.-$$Nest$mapplyOrMergeTransaction:0 android.view.SurfaceView$SurfaceViewPositionUpdateListener.positionChanged:2280 android.graphics.RenderNode$CompositePositionUpdateListener.positionChanged:410 
2026-07-05 11:42:21.490  3784-3829  VRI[MainAc...y]@85084b2 com.terrapulse.app                   I  mWNT: t=0xb4000071f166b460 fn= 137 HdrRenderState mRenderHdrSdrRatio=1.0 caller= android.view.SurfaceView.applyOrMergeTransaction:2125 android.view.SurfaceView.-$$Nest$mapplyOrMergeTransaction:0 android.view.SurfaceView$SurfaceViewPositionUpdateListener.positionChanged:2280 
2026-07-05 11:42:21.496  3784-4068  Mbgl                    com.terrapulse.app                   W  {.terrapulse.app}[ParseStyle]: [4]: Expected array<color> but found string instead.
2026-07-05 11:42:21.501  3784-3784  Kumiho-Kumiho           com.terrapulse.app                   I  getPackageName: com.terrapulse.app
2026-07-05 11:42:21.501  3784-3784  Kumiho-Kumiho           com.terrapulse.app                   I  getPackageName: com.terrapulse.app
2026-07-05 11:42:21.502  3784-3784  Mbgl-MapChangeReceiver  com.terrapulse.app                   E  Exception in onDidFinishLoadingStyle
                                                                                                    com.facebook.react.bridge.UnexpectedNativeTypeException: Value for value cannot be cast from String to double
                                                                                                    	at com.facebook.react.bridge.ReadableNativeMap.getInt(ReadableNativeMap.kt:203)
                                                                                                    	at org.maplibre.reactnative.components.layer.style.MLRNStyleValue.getInt(MLRNStyleValue.kt:69)
                                                                                                    	at org.maplibre.reactnative.components.layer.style.MLRNStyleFactory.setCircleColor(MLRNStyleFactory.kt:2223)
                                                                                                    	at org.maplibre.reactnative.components.layer.style.MLRNStyleFactory.setCircleLayerStyle(MLRNStyleFactory.kt:542)
                                                                                                    	at org.maplibre.reactnative.components.layer.MLRNLayer.addStyles(MLRNLayer.kt:219)
                                                                                                    	at org.maplibre.reactnative.components.layer.MLRNLayer.addToMap(MLRNLayer.kt:360)
                                                                                                    	at org.maplibre.reactnative.components.sources.MLRNSource.addLayerToMap(MLRNSource.kt:171)
                                                                                                    	at org.maplibre.reactnative.components.sources.MLRNSource.addToMap$lambda$0(MLRNSource.kt:89)
                                                                                                    	at org.maplibre.reactnative.components.sources.MLRNSource.$r8$lambda$KJrHbVjzjIz-SOvYsWlB5aky_uc(MLRNSource.kt:0)
                                                                                                    	at org.maplibre.reactnative.components.sources.MLRNSource$$ExternalSyntheticLambda0.onStyleLoaded(D8$$SyntheticClass:0)
                                                                                                    	at org.maplibre.android.maps.MapLibreMap.getStyle(MapLibreMap.java:151)
                                                                                                    	at org.maplibre.reactnative.components.sources.MLRNSource.addToMap(MLRNSource.kt:78)
                                                                                                    	at org.maplibre.reactnative.components.sources.geojsonsource.MLRNGeoJSONSource.addToMap$lambda$0(MLRNGeoJSONSource.kt:39)
                                                                                                    	at org.maplibre.reactnative.components.sources.geojsonsource.MLRNGeoJSONSource.$r8$lambda$Q6vSOhlVJoWcBzYdexWleRgzsWY(MLRNGeoJSONSource.kt:0)
                                                                                                    	at org.maplibre.reactnative.components.sources.geojsonsource.MLRNGeoJSONSource$$ExternalSyntheticLambda0.onStyleLoaded(D8$$SyntheticClass:0)
                                                                                                    	at org.maplibre.android.maps.MapLibreMap.getStyle(MapLibreMap.java:151)
                                                                                                    	at org.maplibre.reactnative.components.sources.geojsonsource.MLRNGeoJSONSource.addToMap(MLRNGeoJSONSource.kt:38)
                                                                                                    	at org.maplibre.reactnative.components.mapview.MLRNMapView.addQueuedFeatures(MLRNMapView.kt:552)
                                                                                                    	at org.maplibre.reactnative.components.mapview.MLRNMapView.onMapReady$lambda$8(MLRNMapView.kt:469)
                                                                                                    	at org.maplibre.reactnative.components.mapview.MLRNMapView.$r8$lambda$0RrRVagNsNeZYz0SAbR_OeqmaMs(MLRNMapView.kt:0)
                                                                                                    	at org.maplibre.reactnative.components.mapview.MLRNMapView$$ExternalSyntheticLambda7.onStyleLoaded(D8$$SyntheticClass:0)
                                                                                                    	at org.maplibre.android.maps.MapLibreMap.notifyStyleLoaded(MapLibreMap.java:1174)
                                                                                                    	at org.maplibre.android.maps.MapLibreMap.onFinishLoadingStyle(MapLibreMap.java:255)
                                                                                                    	at org.maplibre.android.maps.MapView$MapCallback.onDidFinishLoadingStyle(MapView.java:1774)
                                                                                                    	at org.maplibre.android.maps.MapChangeReceiver.onDidFinishLoadingStyle(MapChangeReceiver.java:229)
                                                                                                    	at org.maplibre.android.maps.NativeMapView.onDidFinishLoadingStyle(NativeMapView.java:1260)
                                                                                                    	at android.os.MessageQueue.nativePollOnce(Native Method)
                                                                                                    	at android.os.MessageQueue.nextLegacy(MessageQueue.java:871)
                                                                                                    	at android.os.MessageQueue.next(MessageQueue.java:773)
                                                                                                    	at android.os.Looper.loopOnce(Looper.java:257)
                                                                                                    	at android.os.Looper.loop(Looper.java:422)
                                                                                                    	at android.app.ActivityThread.main(ActivityThread.java:10616)
                                                                                                    	at java.lang.reflect.Method.invoke(Native Method)
                                                                                                    	at com.android.internal.os.RuntimeInit$MethodAndArgsCaller.run(RuntimeInit.java:635)
                                                                                                    	at com.android.internal.os.ZygoteInit.main(ZygoteInit.java:982)
2026-07-05 11:42:21.502  3784-3784  System.err              com.terrapulse.app                   W  com.facebook.react.bridge.UnexpectedNativeTypeException: Value for value cannot be cast from String to double
2026-07-05 11:42:21.502  3784-3784  System.err              com.terrapulse.app                   W  	at com.facebook.react.bridge.ReadableNativeMap.getInt(ReadableNativeMap.kt:203)
2026-07-05 11:42:21.502  3784-3784  System.err              com.terrapulse.app                   W  	at org.maplibre.reactnative.components.layer.style.MLRNStyleValue.getInt(MLRNStyleValue.kt:69)
2026-07-05 11:42:21.502  3784-3784  System.err              com.terrapulse.app                   W  	at org.maplibre.reactnative.components.layer.style.MLRNStyleFactory.setCircleColor(MLRNStyleFactory.kt:2223)
2026-07-05 11:42:21.502  3784-3784  System.err              com.terrapulse.app                   W  	at org.maplibre.reactnative.components.layer.style.MLRNStyleFactory.setCircleLayerStyle(MLRNStyleFactory.kt:542)
2026-07-05 11:42:21.502  3784-3784  System.err              com.terrapulse.app                   W  	at org.maplibre.reactnative.components.layer.MLRNLayer.addStyles(MLRNLayer.kt:219)
2026-07-05 11:42:21.502  3784-3784  System.err              com.terrapulse.app                   W  	at org.maplibre.reactnative.components.layer.MLRNLayer.addToMap(MLRNLayer.kt:360)
2026-07-05 11:42:21.502  3784-3784  System.err              com.terrapulse.app                   W  	at org.maplibre.reactnative.components.sources.MLRNSource.addLayerToMap(MLRNSource.kt:171)
2026-07-05 11:42:21.502  3784-3784  System.err              com.terrapulse.app                   W  	at org.maplibre.reactnative.components.sources.MLRNSource.addToMap$lambda$0(MLRNSource.kt:89)
2026-07-05 11:42:21.502  3784-3784  System.err              com.terrapulse.app                   W  	at org.maplibre.reactnative.components.sources.MLRNSource.$r8$lambda$KJrHbVjzjIz-SOvYsWlB5aky_uc(MLRNSource.kt:0)
2026-07-05 11:42:21.502  3784-3784  System.err              com.terrapulse.app                   W  	at org.maplibre.reactnative.components.sources.MLRNSource$$ExternalSyntheticLambda0.onStyleLoaded(D8$$SyntheticClass:0)
2026-07-05 11:42:21.502  3784-3784  System.err              com.terrapulse.app                   W  	at org.maplibre.android.maps.MapLibreMap.getStyle(MapLibreMap.java:151)
2026-07-05 11:42:21.502  3784-3784  System.err              com.terrapulse.app                   W  	at org.maplibre.reactnative.components.sources.MLRNSource.addToMap(MLRNSource.kt:78)
2026-07-05 11:42:21.502  3784-3784  System.err              com.terrapulse.app                   W  	at org.maplibre.reactnative.components.sources.geojsonsource.MLRNGeoJSONSource.addToMap$lambda$0(MLRNGeoJSONSource.kt:39)
2026-07-05 11:42:21.502  3784-3784  System.err              com.terrapulse.app                   W  	at org.maplibre.reactnative.components.sources.geojsonsource.MLRNGeoJSONSource.$r8$lambda$Q6vSOhlVJoWcBzYdexWleRgzsWY(MLRNGeoJSONSource.kt:0)
2026-07-05 11:42:21.502  3784-3784  System.err              com.terrapulse.app                   W  	at org.maplibre.reactnative.components.sources.geojsonsource.MLRNGeoJSONSource$$ExternalSyntheticLambda0.onStyleLoaded(D8$$SyntheticClass:0)
2026-07-05 11:42:21.502  3784-3784  System.err              com.terrapulse.app                   W  	at org.maplibre.android.maps.MapLibreMap.getStyle(MapLibreMap.java:151)
2026-07-05 11:42:21.502  3784-3784  System.err              com.terrapulse.app                   W  	at org.maplibre.reactnative.components.sources.geojsonsource.MLRNGeoJSONSource.addToMap(MLRNGeoJSONSource.kt:38)
2026-07-05 11:42:21.502  3784-3784  System.err              com.terrapulse.app                   W  	at org.maplibre.reactnative.components.mapview.MLRNMapView.addQueuedFeatures(MLRNMapView.kt:552)
2026-07-05 11:42:21.502  3784-3784  System.err              com.terrapulse.app                   W  	at org.maplibre.reactnative.components.mapview.MLRNMapView.onMapReady$lambda$8(MLRNMapView.kt:469)
2026-07-05 11:42:21.502  3784-3784  System.err              com.terrapulse.app                   W  	at org.maplibre.reactnative.components.mapview.MLRNMapView.$r8$lambda$0RrRVagNsNeZYz0SAbR_OeqmaMs(MLRNMapView.kt:0)
2026-07-05 11:42:21.502  3784-3784  System.err              com.terrapulse.app                   W  	at org.maplibre.reactnative.components.mapview.MLRNMapView$$ExternalSyntheticLambda7.onStyleLoaded(D8$$SyntheticClass:0)
2026-07-05 11:42:21.502  3784-3784  System.err              com.terrapulse.app                   W  	at org.maplibre.android.maps.MapLibreMap.notifyStyleLoaded(MapLibreMap.java:1174)
2026-07-05 11:42:21.502  3784-3784  System.err              com.terrapulse.app                   W  	at org.maplibre.android.maps.MapLibreMap.onFinishLoadingStyle(MapLibreMap.java:255)
2026-07-05 11:42:21.502  3784-3784  System.err              com.terrapulse.app                   W  	at org.maplibre.android.maps.MapView$MapCallback.onDidFinishLoadingStyle(MapView.java:1774)
2026-07-05 11:42:21.502  3784-3784  System.err              com.terrapulse.app                   W  	at org.maplibre.android.maps.MapChangeReceiver.onDidFinishLoadingStyle(MapChangeReceiver.java:229)
2026-07-05 11:42:21.502  3784-3784  System.err              com.terrapulse.app                   W  	at org.maplibre.android.maps.NativeMapView.onDidFinishLoadingStyle(NativeMapView.java:1260)
2026-07-05 11:42:21.502  3784-3784  System.err              com.terrapulse.app                   W  	at android.os.MessageQueue.nativePollOnce(Native Method)
2026-07-05 11:42:21.502  3784-3784  System.err              com.terrapulse.app                   W  	at android.os.MessageQueue.nextLegacy(MessageQueue.java:871)
2026-07-05 11:42:21.502  3784-3784  System.err              com.terrapulse.app                   W  	at android.os.MessageQueue.next(MessageQueue.java:773)
2026-07-05 11:42:21.502  3784-3784  System.err              com.terrapulse.app                   W  	at android.os.Looper.loopOnce(Looper.java:257)
2026-07-05 11:42:21.502  3784-3784  System.err              com.terrapulse.app                   W  	at android.os.Looper.loop(Looper.java:422)
2026-07-05 11:42:21.502  3784-3784  System.err              com.terrapulse.app                   W  	at android.app.ActivityThread.main(ActivityThread.java:10616)
2026-07-05 11:42:21.502  3784-3784  System.err              com.terrapulse.app                   W  	at java.lang.reflect.Method.invoke(Native Method)
2026-07-05 11:42:21.502  3784-3784  System.err              com.terrapulse.app                   W  	at com.android.internal.os.RuntimeInit$MethodAndArgsCaller.run(RuntimeInit.java:635)
2026-07-05 11:42:21.502  3784-3784  System.err              com.terrapulse.app                   W  	at com.android.internal.os.ZygoteInit.main(ZygoteInit.java:982)
2026-07-05 11:42:21.504  3784-3784  libc++abi               com.terrapulse.app                   E  terminating due to uncaught exception of type jni::PendingJavaException
2026-07-05 11:42:21.505  3784-3784  libc                    com.terrapulse.app                   A  Fatal signal 6 (SIGABRT), code -1 (SI_QUEUE) in tid 3784 (.terrapulse.app), pid 3784 (.terrapulse.app)
2026-07-05 11:42:21.505  3784-3902  ReactNativeJS           com.terrapulse.app                   W  MapLibre Native [WARN] [Mbgl] {.terrapulse.app}[ParseStyle]: [4]: Expected array<color> but found string instead.
2026-07-05 11:42:21.506  3784-3902  ReactNativeJS           com.terrapulse.app                   E  MapLibre Native [ERROR] [Mbgl-MapChangeReceiver] Exception in onDidFinishLoadingStyle
2026-07-05 11:42:21.515  3784-3907  unknown:ReactNative     com.terrapulse.app                   E  console.error: MapLibre Native [ERROR] [Mbgl-MapChangeReceiver] Exception in onDidFinishLoadingStyle, stack:
                                                                                                    _construct@1:121065
                                                                                                    Wrapper@1:120718
                                                                                                    _callSuper@1:106066
                                                                                                    SyntheticError@1:120203
                                                                                                    reactConsoleErrorHandler@1:119769
                                                                                                    handleLog@1:1948744
2026-07-05 11:42:25.057  4199-4199  nativeloader            com.terrapulse.app                   D  Load libframework-connectivity-tiramisu-jni.so using APEX ns com_android_tethering for caller /apex/com.android.tethering/javalib/framework-connectivity-t.jar: ok
2026-07-05 11:42:25.078  4199-4199  nativeloader            com.terrapulse.app                   D  Configuring clns-9 for other apk /data/app/~~TSHtpAM3Zt_dcOzT2b_rZA==/com.terrapulse.app-M-Jd1bULM_3HBuvyGuXAQQ==/base.apk. target_sdk_version=36, uses_libraries=, library_path=/data/app/~~TSHtpAM3Zt_dcOzT2b_rZA==/com.terrapulse.app-M-Jd1bULM_3HBuvyGuXAQQ==/lib/arm64:/data/app/~~TSHtpAM3Zt_dcOzT2b_rZA==/com.terrapulse.app-M-Jd1bULM_3HBuvyGuXAQQ==/base.apk!/lib/arm64-v8a, permitted_path=/data:/mnt/expand:/data/user/0/com.terrapulse.app
2026-07-05 11:42:25.083  4199-4199  GraphicsEnvironment     com.terrapulse.app                   V  Currently set values for:
2026-07-05 11:42:25.083  4199-4199  GraphicsEnvironment     com.terrapulse.app                   V    angle_gl_driver_selection_pkgs=[]
2026-07-05 11:42:25.083  4199-4199  GraphicsEnvironment     com.terrapulse.app                   V    angle_gl_driver_selection_values=[]
2026-07-05 11:42:25.083  4199-4199  GraphicsEnvironment     com.terrapulse.app                   V  com.terrapulse.app is not listed in per-application setting
2026-07-05 11:42:25.083  4199-4199  GraphicsEnvironment     com.terrapulse.app                   V  No special selections for ANGLE, returning default driver choice
2026-07-05 11:42:25.083  4199-4199  GraphicsEnvironment     com.terrapulse.app                   V  App is not on the allowlist for updatable production driver.
2026-07-05 11:42:25.088  4199-4199  SoLoader                com.terrapulse.app                   W  Initializing SoLoader: 0
2026-07-05 11:42:25.088  4199-4199  SoLoader                com.terrapulse.app                   W  Recording new base apk path: /data/app/~~TSHtpAM3Zt_dcOzT2b_rZA==/com.terrapulse.app-M-Jd1bULM_3HBuvyGuXAQQ==/base.apk
                                                                                                    Previously recorded 0 base apk paths.
2026-07-05 11:42:25.088  4199-4199  SoLoader                com.terrapulse.app                   I  Preparing SO source: DirectorySoSource[root = /vendor/lib64 flags = 2]
2026-07-05 11:42:25.088  4199-4199  SoLoader                com.terrapulse.app                   I  Preparing SO source: DirectorySoSource[root = /system/lib64 flags = 2]
2026-07-05 11:42:25.088  4199-4199  SoLoader                com.terrapulse.app                   I  Preparing SO source: DirectApkSoSource[root = [/data/app/~~TSHtpAM3Zt_dcOzT2b_rZA==/com.terrapulse.app-M-Jd1bULM_3HBuvyGuXAQQ==/base.apk!/lib/arm64-v8a]]
2026-07-05 11:42:25.089  4199-4199  SoLoader                com.terrapulse.app                   I  Preparing SO source: ApplicationSoSource[DirectorySoSource[root = /data/app/~~TSHtpAM3Zt_dcOzT2b_rZA==/com.terrapulse.app-M-Jd1bULM_3HBuvyGuXAQQ==/lib/arm64 flags = 0]]
2026-07-05 11:42:25.089  4199-4199  SoLoader                com.terrapulse.app                   I  init finish: 4 SO sources prepared
2026-07-05 11:42:25.089  4199-4199  SoLoader                com.terrapulse.app                   W  SoLoader initialized: 8
2026-07-05 11:42:25.090  4199-4199  nativeloader            com.terrapulse.app                   D  Load /data/app/~~TSHtpAM3Zt_dcOzT2b_rZA==/com.terrapulse.app-M-Jd1bULM_3HBuvyGuXAQQ==/base.apk!/lib/arm64-v8a/libc++_shared.so using class loader ns clns-9 (caller=/data/app/~~TSHtpAM3Zt_dcOzT2b_rZA==/com.terrapulse.app-M-Jd1bULM_3HBuvyGuXAQQ==/base.apk!classes4.dex): ok
2026-07-05 11:42:25.091  4199-4199  nativeloader            com.terrapulse.app                   D  Load /data/app/~~TSHtpAM3Zt_dcOzT2b_rZA==/com.terrapulse.app-M-Jd1bULM_3HBuvyGuXAQQ==/base.apk!/lib/arm64-v8a/libjsi.so using class loader ns clns-9 (caller=/data/app/~~TSHtpAM3Zt_dcOzT2b_rZA==/com.terrapulse.app-M-Jd1bULM_3HBuvyGuXAQQ==/base.apk!classes4.dex): ok
2026-07-05 11:42:25.092  4199-4199  nativeloader            com.terrapulse.app                   D  Load /data/app/~~TSHtpAM3Zt_dcOzT2b_rZA==/com.terrapulse.app-M-Jd1bULM_3HBuvyGuXAQQ==/base.apk!/lib/arm64-v8a/libfbjni.so using class loader ns clns-9 (caller=/data/app/~~TSHtpAM3Zt_dcOzT2b_rZA==/com.terrapulse.app-M-Jd1bULM_3HBuvyGuXAQQ==/base.apk!classes4.dex): ok
2026-07-05 11:42:25.093  4199-4199  nativeloader            com.terrapulse.app                   D  Load /data/app/~~TSHtpAM3Zt_dcOzT2b_rZA==/com.terrapulse.app-M-Jd1bULM_3HBuvyGuXAQQ==/base.apk!/lib/arm64-v8a/libreactnative.so using class loader ns clns-9 (caller=/data/app/~~TSHtpAM3Zt_dcOzT2b_rZA==/com.terrapulse.app-M-Jd1bULM_3HBuvyGuXAQQ==/base.apk!classes4.dex): ok
2026-07-05 11:42:25.093  4199-4199  jni_lib_merge           com.terrapulse.app                   D  Entering merged library JNI_OnLoad.
2026-07-05 11:42:25.093  4199-4199  jni_lib_merge           com.terrapulse.app                   D  Preparing 12 pre-merged libs (including stub)
2026-07-05 11:42:25.093  4199-4199  jni_lib_merge           com.terrapulse.app                   D  Preparing to register libfabricjni_so.  onload_func: 0x6f40adbedc
2026-07-05 11:42:25.093  4199-4199  jni_lib_merge           com.terrapulse.app                   D  Preparing to register libreact_devsupportjni_so.  onload_func: 0x6f40bacf40
2026-07-05 11:42:25.093  4199-4199  jni_lib_merge           com.terrapulse.app                   D  Preparing to register libreact_featureflagsjni_so.  onload_func: 0x6f40bbf9f8
2026-07-05 11:42:25.093  4199-4199  jni_lib_merge           com.terrapulse.app                   D  Preparing to register libreact_newarchdefaults_so.  onload_func: 0x6f40be4e30
2026-07-05 11:42:25.093  4199-4199  jni_lib_merge           com.terrapulse.app                   D  Preparing to register libreactnativeblob_so.  onload_func: 0x6f40c775b0
2026-07-05 11:42:25.093  4199-4199  jni_lib_merge           com.terrapulse.app                   D  Preparing to register libreactnativejni_so.  onload_func: 0x6f40c91b24
2026-07-05 11:42:25.093  4199-4199  jni_lib_merge           com.terrapulse.app                   D  Preparing to register libreactnativejni_common_so.  onload_func: 0x6f40c98458
2026-07-05 11:42:25.093  4199-4199  jni_lib_merge           com.terrapulse.app                   D  Preparing to register librninstance_so.  onload_func: 0x6f40cb4070
2026-07-05 11:42:25.093  4199-4199  jni_lib_merge           com.terrapulse.app                   D  Preparing to register libturbomodulejsijni_so.  onload_func: 0x6f40d4c1a4
2026-07-05 11:42:25.093  4199-4199  jni_lib_merge           com.terrapulse.app                   D  Preparing to register libuimanagerjni_so.  onload_func: 0x6f40d537e0
2026-07-05 11:42:25.093  4199-4199  jni_lib_merge           com.terrapulse.app                   D  Preparing to register libyoga_so.  onload_func: 0x6f40d5ada4
2026-07-05 11:42:25.093  4199-4199  jni_lib_merge           com.terrapulse.app                   D  About to register 11 actual methods.
2026-07-05 11:42:25.095  4199-4199  nativeloader            com.terrapulse.app                   D  Load /data/app/~~TSHtpAM3Zt_dcOzT2b_rZA==/com.terrapulse.app-M-Jd1bULM_3HBuvyGuXAQQ==/base.apk!/lib/arm64-v8a/libreact_codegen_rnscreens.so using class loader ns clns-9 (caller=/data/app/~~TSHtpAM3Zt_dcOzT2b_rZA==/com.terrapulse.app-M-Jd1bULM_3HBuvyGuXAQQ==/base.apk!classes4.dex): ok
2026-07-05 11:42:25.095  4199-4199  jni_lib_merge           com.terrapulse.app                   D  Entering merged library JNI_OnLoad.
2026-07-05 11:42:25.095  4199-4199  jni_lib_merge           com.terrapulse.app                   D  Preparing 12 pre-merged libs (including stub)
