2026-07-05 12:23:40.458   329-408   unknown:Vi...rtyUpdater com.terrapulse.app                   W  Could not find generated setter for class org.maplibre.reactnative.components.images.MLRNImagesManager
2026-07-05 12:23:40.458   329-408   unknown:Vi...rtyUpdater com.terrapulse.app                   W  Could not find generated setter for class org.maplibre.reactnative.components.annotations.callout.MLRNCalloutManager
2026-07-05 12:23:40.459   329-408   unknown:Vi...rtyUpdater com.terrapulse.app                   W  Could not find generated setter for class com.th3rdwave.safeareacontext.SafeAreaProviderManager
2026-07-05 12:23:40.459   329-408   unknown:Vi...rtyUpdater com.terrapulse.app                   W  Could not find generated setter for class com.swmansion.rnscreens.SearchBarManager
2026-07-05 12:23:40.459   329-408   unknown:Vi...rtyUpdater com.terrapulse.app                   W  Could not find generated setter for class org.maplibre.reactnative.components.sources.tilesources.rastersource.MLRNRasterSourceManager
2026-07-05 12:23:40.459   329-408   unknown:Vi...rtyUpdater com.terrapulse.app                   W  Could not find generated setter for class org.maplibre.reactnative.components.camera.MLRNCameraManager
2026-07-05 12:23:40.459   329-408   unknown:Vi...rtyUpdater com.terrapulse.app                   W  Could not find generated setter for class com.swmansion.rnscreens.ScreenStackHeaderConfigViewManager
2026-07-05 12:23:40.459   329-408   unknown:Vi...rtyUpdater com.terrapulse.app                   W  Could not find generated setter for class com.swmansion.rnscreens.ScreenContentWrapperManager
2026-07-05 12:23:40.460   329-408   unknown:Vi...rtyUpdater com.terrapulse.app                   W  Could not find generated setter for class org.maplibre.reactnative.components.mapview.MLRNMapViewManager
2026-07-05 12:23:40.460   329-408   unknown:Vi...rtyUpdater com.terrapulse.app                   W  Could not find generated setter for class org.maplibre.reactnative.components.mapview.MLRNMapViewManager$MapShadowNode
2026-07-05 12:23:40.460   329-408   unknown:Vi...rtyUpdater com.terrapulse.app                   W  Could not find generated setter for class org.maplibre.reactnative.components.mapview.MLRNAndroidTextureMapViewManager
2026-07-05 12:23:40.460   329-408   unknown:Vi...rtyUpdater com.terrapulse.app                   W  Could not find generated setter for class org.maplibre.reactnative.components.sources.tilesources.rasterdemsource.MLRNRasterDEMSourceManager
2026-07-05 12:23:40.460   329-408   unknown:Vi...rtyUpdater com.terrapulse.app                   W  Could not find generated setter for class com.reactnativegooglesignin.RNGoogleSigninButtonViewManager
2026-07-05 12:23:40.460   329-408   unknown:Vi...rtyUpdater com.terrapulse.app                   W  Could not find generated setter for class com.swmansion.rnscreens.ScreenStackHeaderSubviewManager
2026-07-05 12:23:40.460   329-408   unknown:Vi...rtyUpdater com.terrapulse.app                   W  Could not find generated setter for class org.maplibre.reactnative.components.annotations.pointannotation.MLRNPointAnnotationManager
2026-07-05 12:23:40.470   329-408   unknown:Vi...rtyUpdater com.terrapulse.app                   W  Could not find generated setter for class com.horcrux.svg.RenderableViewManager$DefsViewManager
2026-07-05 12:23:40.470   329-408   unknown:Vi...rtyUpdater com.terrapulse.app                   W  Could not find generated setter for class com.horcrux.svg.VirtualViewManager$RenderableShadowNode
2026-07-05 12:23:40.470   329-408   unknown:Vi...rtyUpdater com.terrapulse.app                   W  Could not find generated setter for class com.horcrux.svg.RenderableViewManager$FeMergeManager
2026-07-05 12:23:40.471   329-408   unknown:Vi...rtyUpdater com.terrapulse.app                   W  Could not find generated setter for class com.facebook.react.views.safeareaview.ReactSafeAreaViewManager
2026-07-05 12:23:40.471   329-408   unknown:Vi...rtyUpdater com.terrapulse.app                   W  Could not find generated setter for class com.facebook.react.views.safeareaview.ReactSafeAreaViewShadowNode
2026-07-05 12:23:40.471   329-408   unknown:Vi...rtyUpdater com.terrapulse.app                   W  Could not find generated setter for class com.horcrux.svg.RenderableViewManager$LinearGradientManager
2026-07-05 12:23:40.471   329-408   unknown:Vi...rtyUpdater com.terrapulse.app                   W  Could not find generated setter for class com.horcrux.svg.RenderableViewManager$FeGaussianBlurManager
2026-07-05 12:23:40.472   329-408   unknown:Vi...rtyUpdater com.terrapulse.app                   W  Could not find generated setter for class com.facebook.react.views.progressbar.ReactProgressBarViewManager
2026-07-05 12:23:40.472   329-408   unknown:Vi...rtyUpdater com.terrapulse.app                   W  Could not find generated setter for class com.facebook.react.views.progressbar.ProgressBarShadowNode
2026-07-05 12:23:40.472   329-408   unknown:Vi...rtyUpdater com.terrapulse.app                   W  Could not find generated setter for class com.facebook.react.views.scroll.ReactHorizontalScrollViewManager
2026-07-05 12:23:40.472   329-408   unknown:Vi...rtyUpdater com.terrapulse.app                   W  Could not find generated setter for class com.facebook.react.views.text.ReactTextViewManager
2026-07-05 12:23:40.473   329-408   unknown:Vi...rtyUpdater com.terrapulse.app                   W  Could not find generated setter for class com.facebook.react.views.text.ReactTextShadowNode
2026-07-05 12:23:40.473   329-408   unknown:Vi...rtyUpdater com.terrapulse.app                   W  Could not find generated setter for class com.horcrux.svg.RenderableViewManager$FeColorMatrixManager
2026-07-05 12:23:40.473   329-408   unknown:Vi...rtyUpdater com.terrapulse.app                   W  Could not find generated setter for class com.facebook.react.views.scroll.ReactHorizontalScrollContainerViewManager
2026-07-05 12:23:40.473   329-408   unknown:Vi...rtyUpdater com.terrapulse.app                   W  Could not find generated setter for class com.horcrux.svg.RenderableViewManager$ClipPathViewManager
2026-07-05 12:23:40.474   329-408   unknown:Vi...rtyUpdater com.terrapulse.app                   W  Could not find generated setter for class com.horcrux.svg.RenderableViewManager$SymbolManager
2026-07-05 12:23:40.474   329-408   unknown:Vi...rtyUpdater com.terrapulse.app                   W  Could not find generated setter for class com.horcrux.svg.RenderableViewManager$PatternManager
2026-07-05 12:23:40.474   329-408   unknown:Vi...rtyUpdater com.terrapulse.app                   W  Could not find generated setter for class com.horcrux.svg.RenderableViewManager$FeBlendManager
2026-07-05 12:23:40.474   329-408   unknown:Vi...rtyUpdater com.terrapulse.app                   W  Could not find generated setter for class com.facebook.react.views.view.ReactViewManager
2026-07-05 12:23:40.475   329-408   unknown:Vi...rtyUpdater com.terrapulse.app                   W  Could not find generated setter for class com.horcrux.svg.SvgViewManager
2026-07-05 12:23:40.475   329-408   unknown:Vi...rtyUpdater com.terrapulse.app                   W  Could not find generated setter for class com.facebook.react.views.switchview.ReactSwitchManager
2026-07-05 12:23:40.475   329-408   unknown:Vi...rtyUpdater com.terrapulse.app                   W  Could not find generated setter for class com.facebook.react.views.switchview.ReactSwitchShadowNode
2026-07-05 12:23:40.475   329-408   unknown:Vi...rtyUpdater com.terrapulse.app                   W  Could not find generated setter for class com.horcrux.svg.RenderableViewManager$UseViewManager
2026-07-05 12:23:40.475   329-408   unknown:Vi...rtyUpdater com.terrapulse.app                   W  Could not find generated setter for class com.horcrux.svg.RenderableViewManager$CircleViewManager
2026-07-05 12:23:40.476   329-408   unknown:Vi...rtyUpdater com.terrapulse.app                   W  Could not find generated setter for class com.horcrux.svg.RenderableViewManager$TSpanViewManager
2026-07-05 12:23:40.476   329-408   unknown:Vi...rtyUpdater com.terrapulse.app                   W  Could not find generated setter for class com.horcrux.svg.RenderableViewManager$FilterManager
2026-07-05 12:23:40.476   329-408   unknown:Vi...rtyUpdater com.terrapulse.app                   W  Could not find generated setter for class com.horcrux.svg.RenderableViewManager$MarkerManager
2026-07-05 12:23:40.476   329-408   unknown:Vi...rtyUpdater com.terrapulse.app                   W  Could not find generated setter for class com.swmansion.gesturehandler.react.RNGestureHandlerButtonViewManager
2026-07-05 12:23:40.477   329-408   unknown:Vi...rtyUpdater com.terrapulse.app                   W  Could not find generated setter for class com.facebook.react.views.modal.ReactModalHostManager
2026-07-05 12:23:40.477   329-408   unknown:Vi...rtyUpdater com.terrapulse.app                   W  Could not find generated setter for class com.horcrux.svg.RenderableViewManager$ForeignObjectManager
2026-07-05 12:23:40.477   329-408   unknown:Vi...rtyUpdater com.terrapulse.app                   W  Could not find generated setter for class com.horcrux.svg.RenderableViewManager$EllipseViewManager
2026-07-05 12:23:40.477   329-408   unknown:Vi...rtyUpdater com.terrapulse.app                   W  Could not find generated setter for class com.horcrux.svg.RenderableViewManager$LineViewManager
2026-07-05 12:23:40.477   329-408   unknown:Vi...rtyUpdater com.terrapulse.app                   W  Could not find generated setter for class com.facebook.react.views.text.frescosupport.FrescoBasedReactTextInlineImageViewManager
2026-07-05 12:23:40.477   329-408   unknown:Vi...rtyUpdater com.terrapulse.app                   W  Could not find generated setter for class com.facebook.react.views.text.frescosupport.FrescoBasedReactTextInlineImageShadowNode
2026-07-05 12:23:40.478   329-408   unknown:Vi...rtyUpdater com.terrapulse.app                   W  Could not find generated setter for class com.horcrux.svg.RenderableViewManager$FeFloodManager
2026-07-05 12:23:40.478   329-408   unknown:Vi...rtyUpdater com.terrapulse.app                   W  Could not find generated setter for class com.horcrux.svg.RenderableViewManager$GroupViewManager
2026-07-05 12:23:40.478   329-408   unknown:Vi...rtyUpdater com.terrapulse.app                   W  Could not find generated setter for class com.horcrux.svg.RenderableViewManager$TextViewManager
2026-07-05 12:23:40.478   329-408   unknown:Vi...rtyUpdater com.terrapulse.app                   W  Could not find generated setter for class com.horcrux.svg.RenderableViewManager$ImageViewManager
2026-07-05 12:23:40.479   329-408   unknown:Vi...rtyUpdater com.terrapulse.app                   W  Could not find generated setter for class com.horcrux.svg.RenderableViewManager$FeCompositeManager
2026-07-05 12:23:40.479   329-408   unknown:Vi...rtyUpdater com.terrapulse.app                   W  Could not find generated setter for class com.facebook.react.views.image.ReactImageManager
2026-07-05 12:23:40.479   329-408   unknown:Vi...rtyUpdater com.terrapulse.app                   W  Could not find generated setter for class com.horcrux.svg.RenderableViewManager$RadialGradientManager
2026-07-05 12:23:40.479   329-408   unknown:Vi...rtyUpdater com.terrapulse.app                   W  Could not find generated setter for class com.horcrux.svg.RenderableViewManager$MaskManager
2026-07-05 12:23:40.479   329-408   unknown:Vi...rtyUpdater com.terrapulse.app                   W  Could not find generated setter for class com.facebook.react.views.unimplementedview.ReactUnimplementedViewManager
2026-07-05 12:23:40.480   329-408   unknown:Vi...rtyUpdater com.terrapulse.app                   W  Could not find generated setter for class com.horcrux.svg.RenderableViewManager$RectViewManager
2026-07-05 12:23:40.480   329-408   unknown:Vi...rtyUpdater com.terrapulse.app                   W  Could not find generated setter for class com.horcrux.svg.RenderableViewManager$TextPathViewManager
2026-07-05 12:23:40.480   329-408   unknown:Vi...rtyUpdater com.terrapulse.app                   W  Could not find generated setter for class com.facebook.react.views.scroll.ReactScrollViewManager
2026-07-05 12:23:40.481   329-408   unknown:Vi...rtyUpdater com.terrapulse.app                   W  Could not find generated setter for class com.horcrux.svg.RenderableViewManager$FeOffsetManager
2026-07-05 12:23:40.481   329-408   unknown:Vi...rtyUpdater com.terrapulse.app                   W  Could not find generated setter for class com.horcrux.svg.RenderableViewManager$PathViewManager
2026-07-05 12:23:40.481   329-408   unknown:Vi...rtyUpdater com.terrapulse.app                   W  Could not find generated setter for class com.facebook.react.views.drawer.ReactDrawerLayoutManager
2026-07-05 12:23:40.481   329-408   unknown:Vi...rtyUpdater com.terrapulse.app                   W  Could not find generated setter for class com.facebook.react.views.text.ReactVirtualTextViewManager
2026-07-05 12:23:40.481   329-408   unknown:Vi...rtyUpdater com.terrapulse.app                   W  Could not find generated setter for class com.facebook.react.views.text.ReactVirtualTextShadowNode
2026-07-05 12:23:40.481   329-408   unknown:Vi...rtyUpdater com.terrapulse.app                   W  Could not find generated setter for class com.facebook.react.views.swiperefresh.SwipeRefreshLayoutManager
2026-07-05 12:23:40.482   329-408   unknown:Vi...rtyUpdater com.terrapulse.app                   W  Could not find generated setter for class com.facebook.react.views.text.ReactRawTextManager
2026-07-05 12:23:40.482   329-408   unknown:Vi...rtyUpdater com.terrapulse.app                   W  Could not find generated setter for class com.facebook.react.views.text.ReactRawTextShadowNode
2026-07-05 12:23:40.482   329-408   unknown:Vi...rtyUpdater com.terrapulse.app                   W  Could not find generated setter for class com.facebook.react.views.textinput.ReactTextInputManager
2026-07-05 12:23:40.482   329-408   unknown:Vi...rtyUpdater com.terrapulse.app                   W  Could not find generated setter for class com.facebook.react.views.textinput.ReactTextInputShadowNode
2026-07-05 12:23:40.482   329-408   unknown:Vi...rtyUpdater com.terrapulse.app                   W  Could not find generated setter for class com.swmansion.gesturehandler.react.RNGestureHandlerRootViewManager
2026-07-05 12:23:40.484   329-408   BridgelessReactContext  com.terrapulse.app                   W  [WARNING] Bridgeless doesn't support CatalystInstance. Accessing an API that's not part of the new architecture is not encouraged usage.
2026-07-05 12:23:40.485   329-408   ExpoModulesCore         com.terrapulse.app                   I  ✅ JSI interop was installed
2026-07-05 12:23:40.486   329-408   ExpoModulesCore         com.terrapulse.app                   I  ✅ Constants were exported
2026-07-05 12:23:40.486   329-408   dev.expo.updates        com.terrapulse.app                   I  {"timestamp":1783279420486,"message":"UpdatesModule: getConstants called","code":"None","level":"info"}
2026-07-05 12:23:40.503   329-408   nativeloader            com.terrapulse.app                   D  Load /data/app/~~TSHtpAM3Zt_dcOzT2b_rZA==/com.terrapulse.app-M-Jd1bULM_3HBuvyGuXAQQ==/base.apk!/lib/arm64-v8a/librnscreens.so using class loader ns clns-9 (caller=/data/app/~~TSHtpAM3Zt_dcOzT2b_rZA==/com.terrapulse.app-M-Jd1bULM_3HBuvyGuXAQQ==/base.apk!classes5.dex): ok
2026-07-05 12:23:40.504   329-408   ReactNativeJS           com.terrapulse.app                   I  Running "main"
2026-07-05 12:23:40.517   329-408   ReactNativeJS           com.terrapulse.app                   W  '[2026-07-05T19:23:40.517Z]  @firebase/auth:', 'Auth (12.15.0): \nYou are initializing Firebase Auth for React Native without providing\nAsyncStorage. Auth state will default to memory persistence and will not\npersist between sessions. In order to persist auth state, install the package\n"@react-native-async-storage/async-storage" and provide it to\ninitializeAuth:\n\nimport { initializeAuth, getReactNativePersistence } from \'firebase/auth\';\n\n// For @react-native-async-storage/async-storage v3:\nimport { createAsyncStorage } from \'@react-native-async-storage/async-storage\';\nconst appStorage = createAsyncStorage("app");\nconst persistence = getReactNativePersistence(appStorage);\n\n/*\n// For @react-native-async-storage/async-storage v2:\nimport ReactNativeAsyncStorage from \'@react-native-async-storage/async-storage\';\nconst persistence = getReactNativePersistence(ReactNativeAsyncStorage);\n*/\n\n// Then, initialize auth:\nconst auth = initializeAuth(app, {\n  persistence\n});\n'
2026-07-05 12:23:40.541   329-412   HWUI                    com.terrapulse.app                   I  Using FreeType backend (prop=Auto)
2026-07-05 12:23:40.541   329-365   dev.expo.updates        com.terrapulse.app                   I  {"timestamp":1783279420541,"message":"Updates state change: Check, context = {isStartupProcedureRunning=false, isUpdateAvailable=false, isUpdatePending=false, isChecking=true, isDownloading=false, isRestarting=false, restartCount=0, downloadProgress=0.0, sequenceNumber=5, lastCheckForUpdateTime=Sun Jul 05 12:23:40 PDT 2026}","code":"None","level":"info"}
2026-07-05 12:23:40.557   329-329   [RNScreens]             com.terrapulse.app                   W  backTitleVisible prop is not available on Android
2026-07-05 12:23:40.558   329-329   [RNScreens]             com.terrapulse.app                   W  backTitleFontFamily prop is not available on Android
2026-07-05 12:23:40.558   329-329   [RNScreens]             com.terrapulse.app                   W  largeTitleFontWeight prop is not available on Android
2026-07-05 12:23:40.558   329-329   [RNScreens]             com.terrapulse.app                   W  largeTitleHideShadow prop is not available on Android
2026-07-05 12:23:40.558   329-329   [RNScreens]             com.terrapulse.app                   W  disableBackButtonMenu prop is not available on Android
2026-07-05 12:23:40.558   329-329   [RNScreens]             com.terrapulse.app                   W  largeTitleFontFamily prop is not available on Android
2026-07-05 12:23:40.567   329-329   ReactNative             com.terrapulse.app                   I  [GESTURE HANDLER] Initialize gesture handler for root view com.facebook.react.runtime.ReactSurfaceView{7bc5b74 V.E...... ......ID 0,0-1440,3120 #1}
2026-07-05 12:23:40.569   329-329   VRI[MainAc...y]@ead66bd com.terrapulse.app                   D  Setup new sync=wmsSync-VRI[MainActivity]@ead66bd#0
2026-07-05 12:23:40.569   329-329   VRI[MainAc...y]@ead66bd com.terrapulse.app                   I  Creating new active sync group VRI[MainActivity]@ead66bd#1
2026-07-05 12:23:40.569   329-329   VRI[MainAc...y]@ead66bd com.terrapulse.app                   D  Draw frame after cancel
2026-07-05 12:23:40.569   329-329   VRI[MainAc...y]@ead66bd com.terrapulse.app                   D  registerCallbacksForSync syncBuffer=false
2026-07-05 12:23:40.571   329-368   VRI[MainAc...y]@ead66bd com.terrapulse.app                   D  Received frameDrawingCallback syncResult=0 frameNum=1.
2026-07-05 12:23:40.571   329-368   VRI[MainAc...y]@ead66bd com.terrapulse.app                   I  mWNT: t=0xb4000071f1636f40 fn= 1 HdrRenderState mRenderHdrSdrRatio=1.0 caller= android.view.ViewRootImpl$12.onFrameDraw:16703 android.view.ThreadedRenderer$1.onFrameDraw:750 <bottom of call stack> 
2026-07-05 12:23:40.571   329-368   VRI[MainAc...y]@ead66bd com.terrapulse.app                   I  Setting up sync and frameCommitCallback
2026-07-05 12:23:40.571   329-359   AdrenoUtils             com.terrapulse.app                   I  <ReadGpuID:1333>: Reading chip ID through GSL
2026-07-05 12:23:40.572   329-408   nativeloader            com.terrapulse.app                   D  Load /data/app/~~TSHtpAM3Zt_dcOzT2b_rZA==/com.terrapulse.app-M-Jd1bULM_3HBuvyGuXAQQ==/base.apk!/lib/arm64-v8a/libgesturehandler.so using class loader ns clns-9 (caller=/data/app/~~TSHtpAM3Zt_dcOzT2b_rZA==/com.terrapulse.app-M-Jd1bULM_3HBuvyGuXAQQ==/base.apk!classes4.dex): ok
2026-07-05 12:23:40.572   329-408   jni_lib_merge           com.terrapulse.app                   D  Entering merged library JNI_OnLoad.
2026-07-05 12:23:40.572   329-408   jni_lib_merge           com.terrapulse.app                   D  Preparing 12 pre-merged libs (including stub)
2026-07-05 12:23:40.572   329-408   jni_lib_merge           com.terrapulse.app                   D  Preparing to register libfabricjni_so.  onload_func: 0x6eb76bfedc
2026-07-05 12:23:40.572   329-408   jni_lib_merge           com.terrapulse.app                   D  Preparing to register libreact_devsupportjni_so.  onload_func: 0x6eb7790f40
2026-07-05 12:23:40.572   329-408   jni_lib_merge           com.terrapulse.app                   D  Preparing to register libreact_featureflagsjni_so.  onload_func: 0x6eb77a39f8
2026-07-05 12:23:40.572   329-408   jni_lib_merge           com.terrapulse.app                   D  Preparing to register libreact_newarchdefaults_so.  onload_func: 0x6eb77c8e30
2026-07-05 12:23:40.572   329-408   jni_lib_merge           com.terrapulse.app                   D  Preparing to register libreactnativeblob_so.  onload_func: 0x6eb785b5b0
2026-07-05 12:23:40.572   329-408   jni_lib_merge           com.terrapulse.app                   D  Preparing to register libreactnativejni_so.  onload_func: 0x6eb7875b24
2026-07-05 12:23:40.572   329-408   jni_lib_merge           com.terrapulse.app                   D  Preparing to register libreactnativejni_common_so.  onload_func: 0x6eb787c458
2026-07-05 12:23:40.572   329-408   jni_lib_merge           com.terrapulse.app                   D  Preparing to register librninstance_so.  onload_func: 0x6eb7898070
2026-07-05 12:23:40.572   329-408   jni_lib_merge           com.terrapulse.app                   D  Preparing to register libturbomodulejsijni_so.  onload_func: 0x6eb79301a4
2026-07-05 12:23:40.572   329-408   jni_lib_merge           com.terrapulse.app                   D  Preparing to register libuimanagerjni_so.  onload_func: 0x6eb79377e0
2026-07-05 12:23:40.572   329-408   jni_lib_merge           com.terrapulse.app                   D  Preparing to register libyoga_so.  onload_func: 0x6eb793eda4
2026-07-05 12:23:40.572   329-408   jni_lib_merge           com.terrapulse.app                   D  About to register 11 actual methods.
2026-07-05 12:23:40.576   329-359   BLASTBufferQueue        com.terrapulse.app                   I  [VRI[MainActivity]@ead66bd#0](f:0,a:0,s:0) onFrameAvailable the first frame is available
2026-07-05 12:23:40.576   329-359   SurfaceComposerClient   com.terrapulse.app                   I  apply transaction with the first frame. layerId: 181258, bufferData(ID: 1413044240387, frameNumber: 1)
2026-07-05 12:23:40.576   329-359   VRI[MainAc...y]@ead66bd com.terrapulse.app                   I  Received frameCommittedCallback lastAttemptedDrawFrameNum=1 didProduceBuffer=true
2026-07-05 12:23:40.577   329-359   HWUI                    com.terrapulse.app                   D  CFMS:: SetUp Pid : 329    Tid : 359
2026-07-05 12:23:40.577   329-329   VRI[MainAc...y]@ead66bd com.terrapulse.app                   D  reportDrawFinished seqId=1
2026-07-05 12:23:40.577   329-329   VRI[MainAc...y]@ead66bd com.terrapulse.app                   I  call setFrameRateCategory category=high, reason=boost, vri=VRI[MainActivity]@ead66bd
2026-07-05 12:23:40.578   329-329   [RNScreens]             com.terrapulse.app                   W  backTitleVisible prop is not available on Android
2026-07-05 12:23:40.578   329-329   [RNScreens]             com.terrapulse.app                   W  backTitleFontFamily prop is not available on Android
2026-07-05 12:23:40.578   329-329   [RNScreens]             com.terrapulse.app                   W  largeTitleFontWeight prop is not available on Android
2026-07-05 12:23:40.578   329-329   [RNScreens]             com.terrapulse.app                   W  largeTitleHideShadow prop is not available on Android
2026-07-05 12:23:40.578   329-329   [RNScreens]             com.terrapulse.app                   W  disableBackButtonMenu prop is not available on Android
2026-07-05 12:23:40.578   329-329   [RNScreens]             com.terrapulse.app                   W  largeTitleFontFamily prop is not available on Android
2026-07-05 12:23:40.585   329-329   VRI[MainAc...y]@ead66bd com.terrapulse.app                   I  registerCallbackForPendingTransactions
2026-07-05 12:23:40.587   329-369   VRI[MainAc...y]@ead66bd com.terrapulse.app                   I  mWNT: t=0xb4000071f1643180 fn= 3 HdrRenderState mRenderHdrSdrRatio=1.0 caller= android.view.ViewRootImpl$10.onFrameDraw:7102 android.view.ViewRootImpl$4.onFrameDraw:2700 android.view.ThreadedRenderer$1.onFrameDraw:750 
2026-07-05 12:23:40.598   329-329   VRI[MainAc...y]@ead66bd com.terrapulse.app                   D  mThreadedRenderer.initializeIfNeeded()#2 mSurface={isValid=true 0xb40000700162d340}
2026-07-05 12:23:40.598   329-329   InputMethodManager      com.terrapulse.app                   D  setCurrentRootViewLocked: updateReceivingDispatcher
2026-07-05 12:23:40.598   329-329   InputMethodManagerUtils com.terrapulse.app                   D  startInputInner - Id : 0
2026-07-05 12:23:40.598   329-329   InputMethodManager      com.terrapulse.app                   I  startInputInner - IInputMethodManagerGlobalInvoker.startInputOrWindowGainedFocus
2026-07-05 12:23:40.600   329-329   InsetsController        com.terrapulse.app                   D  hide(ime())
2026-07-05 12:23:40.600   329-329   ImeTracker              com.terrapulse.app                   I  com.terrapulse.app:a9878e35: onCancelled at PHASE_CLIENT_ALREADY_HIDDEN
2026-07-05 12:23:40.602   329-340   InputTransport          com.terrapulse.app                   D  Input channel constructed: 'ClientS', fd=209
2026-07-05 12:23:40.607   329-329   VRI[MainAc...y]@ead66bd com.terrapulse.app                   I  registerCallbackForPendingTransactions
2026-07-05 12:23:40.608   329-368   VRI[MainAc...y]@ead66bd com.terrapulse.app                   I  mWNT: t=0xb4000071f1647490 fn= 5 HdrRenderState mRenderHdrSdrRatio=1.0 caller= android.view.ViewRootImpl$10.onFrameDraw:7102 android.view.ViewRootImpl$4.onFrameDraw:2700 android.view.ThreadedRenderer$1.onFrameDraw:750 
2026-07-05 12:23:40.675   329-365   dev.expo.updates        com.terrapulse.app                   I  {"timestamp":1783279420675,"message":"Updates state change: CheckCompleteUnavailable, context = {isStartupProcedureRunning=false, isUpdateAvailable=false, isUpdatePending=false, isChecking=false, isDownloading=false, isRestarting=false, restartCount=0, downloadProgress=0.0, sequenceNumber=6, lastCheckForUpdateTime=Sun Jul 05 12:23:40 PDT 2026}","code":"None","level":"info"}
2026-07-05 12:23:42.237   329-329   VRI[MainAc...y]@ead66bd com.terrapulse.app                   I  ViewPostIme pointer 0
2026-07-05 12:23:42.240   329-329   VRI[MainAc...y]@ead66bd com.terrapulse.app                   I  call setFrameRateCategory category=high hint, reason=touch, vri=VRI[MainActivity]@ead66bd
2026-07-05 12:23:42.310   329-329   VRI[MainAc...y]@ead66bd com.terrapulse.app                   I  ViewPostIme pointer 1
2026-07-05 12:23:42.335   329-329   unknown:BridgelessReact com.terrapulse.app                   W  ReactHost{0}.onUserLeaveHint(activity)
2026-07-05 12:23:42.336   329-329   unknown:BridgelessReact com.terrapulse.app                   W  ReactHost{0}.onHostPause(activity)
2026-07-05 12:23:42.336   329-329   unknown:BridgelessReact com.terrapulse.app                   W  ReactContext.onHostPause()
2026-07-05 12:23:42.340   329-329   ActivityThread          com.terrapulse.app                   D  com.terrapulse.app will use render engine as VK
2026-07-05 12:23:42.352   329-329   DecorView               com.terrapulse.app                   I  setWindowBackground: isPopOver=false color=0 d=android.graphics.drawable.ColorDrawable@a4c2bf8
2026-07-05 12:23:42.353   329-329   ViewRootImpl            com.terrapulse.app                   D  desktopMode is false
2026-07-05 12:23:42.353   329-329   ViewRootImpl            com.terrapulse.app                   I  dVRR is enabled
2026-07-05 12:23:42.353   329-359   NativeCust...ncyManager com.terrapulse.app                   D  [NativeCFMS] BpCustomFrequencyManager::BpCustomFrequencyManager()
2026-07-05 12:23:42.355   329-329   InputTransport          com.terrapulse.app                   D  Input channel constructed: 'd69f47b', fd=210
2026-07-05 12:23:42.355   329-369   perf_hint               com.terrapulse.app                   E  Session ID too large, must fit 32-bit integer
2026-07-05 12:23:42.355   329-329   InsetsController        com.terrapulse.app                   I  onStateChanged: host=com.terrapulse.app/com.google.android.gms.auth.api.signin.internal.SignInHubActivity, from=android.view.ViewRootImpl.onInsetsStateChanged:3314, state=InsetsState: {mDisplayFrame=Rect(0, 0 - 1440, 3120), mDisplayCutout=DisplayCutout{insets=Rect(0, 139 - 0, 0) waterfall=Insets{left=0, top=0, right=0, bottom=0} boundingRect={Bounds=[Rect(0, 0 - 0, 0), Rect(680, 0 - 760, 139), Rect(0, 0 - 0, 0), Rect(0, 0 - 0, 0)]} cutoutPathParserInfo={CutoutPathParserInfo{displayWidth=1440 displayHeight=3120 physicalDisplayWidth=1440 physicalDisplayHeight=3120 density={3.75} cutoutSpec={M 0,0 H -10.66666666666667 V 37.06666666666667 H 10.66666666666667 V 0 H 0 Z @dp} rotation={0} scale={1.0} physicalPixelDisplaySizeRatio={1.0}}} sideOverrides={}}, mRoundedCorners=RoundedCorners{[RoundedCorner{position=TopLeft, radius=105, center=Point(105, 105)}, RoundedCorner{position=TopRight, radius=105, center=Point(1335, 105)}, RoundedCorner{position=BottomRight, radius=105, center=Point(1335, 3015)}, RoundedCorner{position=BottomLeft, radius=105, center=Point(105, 3015)}]}  mRoundedCornerFrame=Rect(0, 0 - 1440, 3120), mPrivacyIndicatorBounds=PrivacyIndicatorBounds {static bounds=Rect(1275, 0 - 1440, 149) rotation=0}, mDisplayShape=DisplayShape{type=2, displayWidth=1440, displayHeight=3120, physicalPixelDisplaySizeRatio=1.0, rotation=0, offsetX=0, offsetY=0, scale=1.0}, mSources= { InsetsSource: {b8a90001 mType=navigationBars mFrame=[0,2940][1440,3120] mAttachedInsets=null mVisible=true mFlags= mSideHint=BOTTOM}, InsetsSource: {b8a90004 mType=systemGestures mFrame=[0,0][0,0] mAttachedInsets=null mVisible=true mFlags= mSideHint=NONE}, InsetsSource: {b8a90005 mType=mandatorySystemGestures mFrame=[0,2940][1440,3120] mAttachedInsets=null mVisible=true mFlags= mSideHint=BOTTOM}, InsetsSource: {b8a90006 mType=tappableElement mFrame=[0,2940][1440,3120] mAttachedInsets=null mVisible=true mFlags= mSideHint=BOTTOM}, InsetsSource: {b8a90024 mType=systemGestures mFrame=[0,0][0,0] mAttachedInsets=null mVisible=true mFlags= mSideHint=NONE}, InsetsSource: {fa900000 mType=statusBars mFrame=[0,0][1440,149] mAttachedInsets=null mVisible=true mFlags= mSideHint=TOP}, InsetsSource: {fa900005 mType=mandatorySystemGestures mFrame=[0,0][1440,184] mAttachedInsets=null mVisible=true mFlags= mSideHint=TOP}, InsetsSource: {fa900006 mType=tappableElement mFrame=[0,0][1440,149] mAttachedInsets=null mVisible=true mFlags= mSideHint=TOP}, InsetsSource: {27 mType=displayCutout mFrame=[0,0][1440,139] mAttachedInsets=null mVisible=true mFlags= mSideHint=TOP} }
2026-07-05 12:23:42.356   329-329   VRI[SignIn...y]@6c3a6d3 com.terrapulse.app                   I  synced displayState. AttachInfo displayState=2
2026-07-05 12:23:42.356   329-329   VRI[SignIn...y]@6c3a6d3 com.terrapulse.app                   I  setView = com.android.internal.policy.DecorView@a7214c5 IsHRR=false mFlingFrameRateChange=0 TM=true
2026-07-05 12:23:42.359   329-359   HWUI                    com.terrapulse.app                   D  HWUI - treat SMPTE_170M as sRGB
2026-07-05 12:23:42.360   329-329   VRI[SignIn...y]@6c3a6d3 com.terrapulse.app                   D  WindowInsets changed: 1440x3120 statusBars:[0,149,0,0] navigationBars:[0,0,0,180] mandatorySystemGestures:[0,184,0,180] 
2026-07-05 12:23:42.360   329-329   WindowOnBackDispatcher  com.terrapulse.app                   D  setTopOnBackInvokedCallback (unwrapped): android.view.ViewRootImpl$$ExternalSyntheticLambda17@795f1e6
2026-07-05 12:23:42.362   329-329   InsetsController        com.terrapulse.app                   I  onStateChanged: host=com.terrapulse.app/com.google.android.gms.auth.api.signin.internal.SignInHubActivity, from=android.view.ViewRootImpl.onInsetsStateChanged:3314, state=InsetsState: {mDisplayFrame=Rect(0, 0 - 1440, 3120), mDisplayCutout=DisplayCutout{insets=Rect(0, 139 - 0, 0) waterfall=Insets{left=0, top=0, right=0, bottom=0} boundingRect={Bounds=[Rect(0, 0 - 0, 0), Rect(680, 0 - 760, 139), Rect(0, 0 - 0, 0), Rect(0, 0 - 0, 0)]} cutoutPathParserInfo={CutoutPathParserInfo{displayWidth=1440 displayHeight=3120 physicalDisplayWidth=1440 physicalDisplayHeight=3120 density={3.75} cutoutSpec={M 0,0 H -10.66666666666667 V 37.06666666666667 H 10.66666666666667 V 0 H 0 Z @dp} rotation={0} scale={1.0} physicalPixelDisplaySizeRatio={1.0}}} sideOverrides={}}, mRoundedCorners=RoundedCorners{[RoundedCorner{position=TopLeft, radius=105, center=Point(105, 105)}, RoundedCorner{position=TopRight, radius=105, center=Point(1335, 105)}, RoundedCorner{position=BottomRight, radius=105, center=Point(1335, 3015)}, RoundedCorner{position=BottomLeft, radius=105, center=Point(105, 3015)}]}  mRoundedCornerFrame=Rect(0, 0 - 1440, 3120), mPrivacyIndicatorBounds=PrivacyIndicatorBounds {static bounds=Rect(1275, 0 - 1440, 149) rotation=0}, mDisplayShape=DisplayShape{type=2, displayWidth=1440, displayHeight=3120, physicalPixelDisplaySizeRatio=1.0, rotation=0, offsetX=0, offsetY=0, scale=1.0}, mSources= { InsetsSource: {b8a90001 mType=navigationBars mFrame=[0,2940][1440,3120] mAttachedInsets=null mVisible=true mFlags= mSideHint=BOTTOM}, InsetsSource: {b8a90004 mType=systemGestures mFrame=[0,0][0,0] mAttachedInsets=null mVisible=true mFlags= mSideHint=NONE}, InsetsSource: {b8a90005 mType=mandatorySystemGestures mFrame=[0,2940][1440,3120] mAttachedInsets=null mVisible=true mFlags= mSideHint=BOTTOM}, InsetsSource: {b8a90006 mType=tappableElement mFrame=[0,2940][1440,3120] mAttachedInsets=null mVisible=true mFlags= mSideHint=BOTTOM}, InsetsSource: {b8a90024 mType=systemGestures mFrame=[0,0][0,0] mAttachedInsets=null mVisible=true mFlags= mSideHint=NONE}, InsetsSource: {fa900000 mType=statusBars mFrame=[0,0][1440,149] mAttachedInsets=null mVisible=true mFlags= mSideHint=TOP}, InsetsSource: {fa900005 mType=mandatorySystemGestures mFrame=[0,0][1440,184] mAttachedInsets=null mVisible=true mFlags= mSideHint=TOP}, InsetsSource: {fa900006 mType=tappableElement mFrame=[0,0][1440,149] mAttachedInsets=null mVisible=true mFlags= mSideHint=TOP}, InsetsSource: {3 mType=ime mFrame=[0,0][0,0] mAttachedInsets=null mVisible=false mFlags=INVALID mSideHint=NONE}, InsetsSource: {27 mType=displayCutout mFrame=[0,0][1440,139] mAttachedInsets=null mVisible=true mFlags= mSideHint=TOP} }
2026-07-05 12:23:42.362   329-329   VRI[SignIn...y]@6c3a6d3 com.terrapulse.app                   D  applyPrivacyLayerOverlapPolicy: request=false
2026-07-05 12:23:42.362   329-329   VRI[SignIn...y]@6c3a6d3 com.terrapulse.app                   D  applyPrivacyDisplayOverlapBounds: bounds=Rect(0, 0 - 0, 0)
2026-07-05 12:23:42.362   329-329   SurfaceComposerClient   com.terrapulse.app                   I  setPrivacyOverlapBounds VRI-com.terrapulse.app/com.google.android.gms.auth.api.signin.internal.SignInHubActivity$_329#181267 bounds=[0, 0, 0, 0]
2026-07-05 12:23:42.362   329-329   Surface                 com.terrapulse.app                   I  Creating surface for consumer unnamed-329-1 with slotExpansion=1 for 64 slots
2026-07-05 12:23:42.362   329-329   BufferQueueProducer     com.terrapulse.app                   I  [](id:14900000001,api:0,p:0,c:329) setDequeueTimeout:2077252342
2026-07-05 12:23:42.362   329-329   BLASTBufferQueue_Java   com.terrapulse.app                   I  new BLASTBufferQueue, mName= VRI[SignInHubActivity]@6c3a6d3 mNativeObject= 0xb400006ff1616740 caller= android.view.ViewRootImpl.updateBlastSurfaceIfNeeded:3905 android.view.ViewRootImpl.updateRenderTargetIfNeeded:3886 android.view.ViewRootImpl.relayoutWindow:12625 android.view.ViewRootImpl.performTraversals:5286 android.view.ViewRootImpl.doTraversal:4254 android.view.ViewRootImpl$TraversalCallback.onVsync:13884 android.view.Choreographer$CallbackRecord.run:1995 android.view.Choreographer.doCallbacks:1440 android.view.Choreographer.doFrame:1393 android.view.Choreographer$FrameDisplayEventReceiver.run:1957 
2026-07-05 12:23:42.362   329-329   BLASTBufferQueue_Java   com.terrapulse.app                   I  update, w= 1440 h= 3120 mName = VRI[SignInHubActivity]@6c3a6d3 mNativeObject= 0xb400006ff1616740 sc.mNativeObject= 0xb400007131624c10 format= -2 caller= android.view.ViewRootImpl.updateBlastSurfaceIfNeeded:3910 android.view.ViewRootImpl.updateRenderTargetIfNeeded:3886 android.view.ViewRootImpl.relayoutWindow:12625 android.view.ViewRootImpl.performTraversals:5286 android.view.ViewRootImpl.doTraversal:4254 android.view.ViewRootImpl$TraversalCallback.onVsync:13884 
2026-07-05 12:23:42.363   329-329   Surface                 com.terrapulse.app                   I  Creating surface for consumer VRI[SignInHubActivity]@6c3a6d3#1(BLAST Consumer)1 with slotExpansion=1 for 64 slots
2026-07-05 12:23:42.363   329-329   SurfaceComposerClient   com.terrapulse.app                   I  [GC_PD] apply eCanOverlapPrivacyLayer layerId=181267 eCanOverlapPrivacyLayer=0 flags=0x2000 mask=0x20002000
2026-07-05 12:23:42.363   329-329   VRI[SignIn...y]@6c3a6d3 com.terrapulse.app                   I  Relayout returned: old=(0,0,1440,3120) new=(0,0,1440,3120) relayoutAsync=false req=(1440,3120)0 dur=2 res=0x3 s={true 0xb4000070016b3960} ch=true seqId=0
2026-07-05 12:23:42.363   329-329   VRI[SignIn...y]@6c3a6d3 com.terrapulse.app                   D  reportNextDraw android.view.ViewRootImpl.performTraversals:5294 android.view.ViewRootImpl.doTraversal:4254 android.view.ViewRootImpl$TraversalCallback.onVsync:13884 android.view.Choreographer$CallbackRecord.run:1995 android.view.Choreographer.doCallbacks:1440 
2026-07-05 12:23:42.363   329-329   VRI[SignIn...y]@6c3a6d3 com.terrapulse.app                   D  applyTransactionOnDraw applyImmediately
2026-07-05 12:23:42.363   329-329   VRI[SignIn...y]@6c3a6d3 com.terrapulse.app                   I  performConfigurationChange setNightDimText nightDimLevel=0
2026-07-05 12:23:42.363   329-329   VRI[SignIn...y]@6c3a6d3 com.terrapulse.app                   D  mThreadedRenderer.initialize() mSurface={isValid=true 0xb4000070016b3960} hwInitialized=true
2026-07-05 12:23:42.363   329-329   VRI[SignIn...y]@6c3a6d3 com.terrapulse.app                   D  reportNextDraw android.view.ViewRootImpl.performTraversals:5934 android.view.ViewRootImpl.doTraversal:4254 android.view.ViewRootImpl$TraversalCallback.onVsync:13884 android.view.Choreographer$CallbackRecord.run:1995 android.view.Choreographer.doCallbacks:1440 
2026-07-05 12:23:42.363   329-329   VRI[SignIn...y]@6c3a6d3 com.terrapulse.app                   D  Setup new sync=wmsSync-VRI[SignInHubActivity]@6c3a6d3#2
2026-07-05 12:23:42.363   329-329   VRI[SignIn...y]@6c3a6d3 com.terrapulse.app                   I  Creating new active sync group VRI[SignInHubActivity]@6c3a6d3#3
2026-07-05 12:23:42.363   329-329   VRI[SignIn...y]@6c3a6d3 com.terrapulse.app                   D  registerCallbacksForSync syncBuffer=false
2026-07-05 12:23:42.363   329-368   VRI[SignIn...y]@6c3a6d3 com.terrapulse.app                   D  Received frameDrawingCallback syncResult=0 frameNum=1.
2026-07-05 12:23:42.363   329-368   VRI[SignIn...y]@6c3a6d3 com.terrapulse.app                   I  mWNT: t=0xb4000071f164ecd0 fn= 1 HdrRenderState mRenderHdrSdrRatio=1.0 caller= android.view.ViewRootImpl$12.onFrameDraw:16703 android.view.ThreadedRenderer$1.onFrameDraw:750 <bottom of call stack> 
2026-07-05 12:23:42.363   329-368   VRI[SignIn...y]@6c3a6d3 com.terrapulse.app                   I  Setting up sync and frameCommitCallback
2026-07-05 12:23:42.364   329-359   BLASTBufferQueue        com.terrapulse.app                   I  [VRI[SignInHubActivity]@6c3a6d3#1](f:0,a:0,s:0) onFrameAvailable the first frame is available
2026-07-05 12:23:42.364   329-359   SurfaceComposerClient   com.terrapulse.app                   I  apply transaction with the first frame. layerId: 181267, bufferData(ID: 1413044240388, frameNumber: 1)
2026-07-05 12:23:42.365   329-359   VRI[SignIn...y]@6c3a6d3 com.terrapulse.app                   I  Received frameCommittedCallback lastAttemptedDrawFrameNum=1 didProduceBuffer=true
2026-07-05 12:23:42.365   329-359   HWUI                    com.terrapulse.app                   D  CFMS:: SetUp Pid : 329    Tid : 359
2026-07-05 12:23:42.365   329-329   VRI[SignIn...y]@6c3a6d3 com.terrapulse.app                   D  reportDrawFinished seqId=1
2026-07-05 12:23:42.365   329-329   VRI[SignIn...y]@6c3a6d3 com.terrapulse.app                   D  call clearFrameRate
2026-07-05 12:23:42.365   329-329   VRI[SignIn...y]@6c3a6d3 com.terrapulse.app                   I  call setFrameRateCategory category=high, reason=boost, vri=VRI[SignInHubActivity]@6c3a6d3
2026-07-05 12:23:42.377   329-329   InsetsSourceConsumer    com.terrapulse.app                   I  applyRequestedVisibilityToControl: visible=true, type=statusBars, host=com.terrapulse.app/com.google.android.gms.auth.api.signin.internal.SignInHubActivity
2026-07-05 12:23:42.377   329-329   InsetsSourceConsumer    com.terrapulse.app                   I  applyRequestedVisibilityToControl: visible=true, type=navigationBars, host=com.terrapulse.app/com.google.android.gms.auth.api.signin.internal.SignInHubActivity
2026-07-05 12:23:42.378   329-329   ImeFocusController      com.terrapulse.app                   I  onPreWindowFocus: skipped hasWindowFocus=false mHasImeFocus=true
2026-07-05 12:23:42.378   329-329   ImeFocusController      com.terrapulse.app                   I  onPostWindowFocus: skipped hasWindowFocus=false mHasImeFocus=true
2026-07-05 12:23:42.430   329-329   InputTransport          com.terrapulse.app                   D  Input channel destroyed: 'ClientS', fd=209
2026-07-05 12:23:42.477   329-329   BLASTBufferQueue_Java   com.terrapulse.app                   I  update, w= 1440 h= 3120 mName = VRI[SignInHubActivity]@6c3a6d3 mNativeObject= 0xb400006ff1616740 sc.mNativeObject= 0xb400007131624c10 format= -2 caller= android.view.ViewRootImpl.updateBlastSurfaceIfNeeded:3894 android.view.ViewRootImpl.updateRenderTargetIfNeeded:3886 android.view.ViewRootImpl.relayoutWindow:12625 android.view.ViewRootImpl.performTraversals:5286 android.view.ViewRootImpl.doTraversal:4254 android.view.ViewRootImpl$TraversalCallback.onVsync:13884 
2026-07-05 12:23:42.477   329-329   VRI[SignIn...y]@6c3a6d3 com.terrapulse.app                   I  Relayout returned: old=(0,0,1440,3120) new=(0,0,1440,3120) relayoutAsync=true req=(1440,3120)0 dur=0 res=0x0 s={true 0xb4000070016b3960} ch=false seqId=0
2026-07-05 12:23:42.477   329-329   VRI[SignIn...y]@6c3a6d3 com.terrapulse.app                   I  registerCallbackForPendingTransactions
2026-07-05 12:23:42.477   329-369   VRI[SignIn...y]@6c3a6d3 com.terrapulse.app                   I  mWNT: t=0xb4000071f164be90 fn= 2 HdrRenderState mRenderHdrSdrRatio=1.0 caller= android.view.ViewRootImpl$10.onFrameDraw:7102 android.view.ViewRootImpl$4.onFrameDraw:2700 android.view.ThreadedRenderer$1.onFrameDraw:750 
2026-07-05 12:23:42.482   329-329   InsetsSourceConsumer    com.terrapulse.app                   I  applyRequestedVisibilityToControl: visible=true, type=statusBars, host=com.terrapulse.app/com.google.android.gms.auth.api.signin.internal.SignInHubActivity
2026-07-05 12:23:42.482   329-329   InsetsSourceConsumer    com.terrapulse.app                   I  applyRequestedVisibilityToControl: visible=true, type=navigationBars, host=com.terrapulse.app/com.google.android.gms.auth.api.signin.internal.SignInHubActivity
2026-07-05 12:23:42.486   329-329   VRI[SignIn...y]@6c3a6d3 com.terrapulse.app                   D  mThreadedRenderer.initializeIfNeeded()#2 mSurface={isValid=true 0xb4000070016b3960}
2026-07-05 12:23:42.486   329-329   InputMethodManager      com.terrapulse.app                   D  setCurrentRootViewLocked: updateReceivingDispatcher
2026-07-05 12:23:42.486   329-329   InputMethodManagerUtils com.terrapulse.app                   D  startInputInner - Id : 0
2026-07-05 12:23:42.486   329-329   InputMethodManager      com.terrapulse.app                   I  startInputInner - IInputMethodManagerGlobalInvoker.startInputOrWindowGainedFocus
2026-07-05 12:23:42.487   329-329   unknown:BridgelessReact com.terrapulse.app                   W  ReactHost{0}.onHostResume(activity)
2026-07-05 12:23:42.487   329-329   unknown:BridgelessReact com.terrapulse.app                   W  ReactContext.onHostResume()
2026-07-05 12:23:42.488   329-329   InsetsController        com.terrapulse.app                   D  hide(ime())
2026-07-05 12:23:42.488   329-329   ImeTracker              com.terrapulse.app                   I  com.terrapulse.app:ffb71eb1: onCancelled at PHASE_CLIENT_ALREADY_HIDDEN
2026-07-05 12:23:42.491   329-329   VRI[SignIn...y]@6c3a6d3 com.terrapulse.app                   I  handleAppVisibility oldVisibility=true newVisibility=false seqId=-1 mSeqId=1
2026-07-05 12:23:42.491   329-329   VRI[SignIn...y]@6c3a6d3 com.terrapulse.app                   D  visibilityChanged oldVisibility=true newVisibility=false
2026-07-05 12:23:42.491   329-342   InputTransport          com.terrapulse.app                   D  Input channel constructed: 'ClientS', fd=207
2026-07-05 12:23:42.495   329-329   VRI[SignIn...y]@6c3a6d3 com.terrapulse.app                   I  Relayout returned: old=(0,0,1440,3120) new=(0,0,1440,3120) relayoutAsync=true req=(1440,3120)8 dur=0 res=0x0 s={false 0x0} ch=true seqId=0
2026-07-05 12:23:42.495   329-462   WebViewFactory          com.terrapulse.app                   I  Loading com.google.android.webview version 149.0.7827.159 (code 782715903)
2026-07-05 12:23:42.495   329-329   VRI[SignIn...y]@6c3a6d3 com.terrapulse.app                   D  Not drawing due to not visible. Reason=!mAppVisible && !mForceDecorViewVisibility
2026-07-05 12:23:42.495   329-329   VRI[SignIn...y]@6c3a6d3 com.terrapulse.app                   I  stopped(true) old = false
2026-07-05 12:23:42.495   329-329   VRI[SignIn...y]@6c3a6d3 com.terrapulse.app                   D  WindowStopped on com.terrapulse.app/com.google.android.gms.auth.api.signin.internal.SignInHubActivity set to true
2026-07-05 12:23:42.497   329-329   WindowOnBackDispatcher  com.terrapulse.app                   D  setTopOnBackInvokedCallback (unwrapped): null
2026-07-05 12:23:42.498   329-329   ViewRootImpl            com.terrapulse.app                   D  Skipping stats log for color mode
2026-07-05 12:23:42.498   329-329   VRI[SignIn...y]@6c3a6d3 com.terrapulse.app                   I  dispatchDetachedFromWindow
2026-07-05 12:23:42.498   329-462   ResourcesManager        com.terrapulse.app                   V  The following library key has been added: ResourcesKey{ mHash=88b894d5 mResDir=null mSplitDirs=[] mOverlayDirs=[] mLibDirs=[/data/app/~~Cx9HcmpZFj51IJ-ZF8PXRg==/com.google.android.webview-SSX7OZTxNJKavtsbs3IyPg==/base.apk,/system/framework/android.test.base.jar,/system_ext/framework/androidx.window.extensions.jar] mDisplayId=0 mOverrideConfig=v37 mCompatInfo={450dpi always-compat} mLoaders=[]}
2026-07-05 12:23:42.499   329-329   InputTransport          com.terrapulse.app                   D  Input channel destroyed: 'd69f47b', fd=210
2026-07-05 12:23:42.500   329-329   InsetsSourceConsumer    com.terrapulse.app                   I  applyRequestedVisibilityToControl: visible=true, type=statusBars, host=com.terrapulse.app/com.terrapulse.app.MainActivity
2026-07-05 12:23:42.500   329-329   InsetsSourceConsumer    com.terrapulse.app                   I  applyRequestedVisibilityToControl: visible=true, type=navigationBars, host=com.terrapulse.app/com.terrapulse.app.MainActivity
2026-07-05 12:23:42.501   329-462   ApplicationLoaders      com.terrapulse.app                   D  Returning zygote-cached class loader: /system/framework/android.test.base.jar
2026-07-05 12:23:42.501   329-462   ApplicationLoaders      com.terrapulse.app                   D  Returning zygote-cached class loader: /system_ext/framework/androidx.window.extensions.jar
2026-07-05 12:23:42.501   329-329   VRI[MainAc...y]@ead66bd com.terrapulse.app                   D  mThreadedRenderer.initializeIfNeeded()#2 mSurface={isValid=true 0xb40000700162d340}
2026-07-05 12:23:42.501   329-329   InputMethodManager      com.terrapulse.app                   D  setCurrentRootViewLocked: updateReceivingDispatcher
2026-07-05 12:23:42.501   329-329   InputMethodManagerUtils com.terrapulse.app                   D  startInputInner - Id : 0
2026-07-05 12:23:42.501   329-329   InputMethodManager      com.terrapulse.app                   I  startInputInner - IInputMethodManagerGlobalInvoker.startInputOrWindowGainedFocus
2026-07-05 12:23:42.504   329-340   InputTransport          com.terrapulse.app                   D  Input channel constructed: 'ClientS', fd=222
2026-07-05 12:23:42.504   329-329   InsetsController        com.terrapulse.app                   D  hide(ime())
2026-07-05 12:23:42.504   329-329   ImeTracker              com.terrapulse.app                   I  com.terrapulse.app:76d334cb: onCancelled at PHASE_CLIENT_ALREADY_HIDDEN
2026-07-05 12:23:42.504   329-329   InputTransport          com.terrapulse.app                   D  Input channel destroyed: 'ClientS', fd=222
