2026-07-05 11:42:25.391  4199-4289  unknown:Vi...rtyUpdater com.terrapulse.app                   W  Could not find generated setter for class com.horcrux.svg.RenderableViewManager$TSpanViewManager
2026-07-05 11:42:25.391  4199-4289  unknown:Vi...rtyUpdater com.terrapulse.app                   W  Could not find generated setter for class com.horcrux.svg.RenderableViewManager$FilterManager
2026-07-05 11:42:25.392  4199-4289  unknown:Vi...rtyUpdater com.terrapulse.app                   W  Could not find generated setter for class com.horcrux.svg.RenderableViewManager$MarkerManager
2026-07-05 11:42:25.392  4199-4289  unknown:Vi...rtyUpdater com.terrapulse.app                   W  Could not find generated setter for class com.swmansion.gesturehandler.react.RNGestureHandlerButtonViewManager
2026-07-05 11:42:25.392  4199-4289  unknown:Vi...rtyUpdater com.terrapulse.app                   W  Could not find generated setter for class com.facebook.react.views.modal.ReactModalHostManager
2026-07-05 11:42:25.392  4199-4289  unknown:Vi...rtyUpdater com.terrapulse.app                   W  Could not find generated setter for class com.horcrux.svg.RenderableViewManager$ForeignObjectManager
2026-07-05 11:42:25.393  4199-4289  unknown:Vi...rtyUpdater com.terrapulse.app                   W  Could not find generated setter for class com.horcrux.svg.RenderableViewManager$EllipseViewManager
2026-07-05 11:42:25.393  4199-4289  unknown:Vi...rtyUpdater com.terrapulse.app                   W  Could not find generated setter for class com.horcrux.svg.RenderableViewManager$LineViewManager
2026-07-05 11:42:25.393  4199-4289  unknown:Vi...rtyUpdater com.terrapulse.app                   W  Could not find generated setter for class com.facebook.react.views.text.frescosupport.FrescoBasedReactTextInlineImageViewManager
2026-07-05 11:42:25.393  4199-4289  unknown:Vi...rtyUpdater com.terrapulse.app                   W  Could not find generated setter for class com.facebook.react.views.text.frescosupport.FrescoBasedReactTextInlineImageShadowNode
2026-07-05 11:42:25.393  4199-4289  unknown:Vi...rtyUpdater com.terrapulse.app                   W  Could not find generated setter for class com.horcrux.svg.RenderableViewManager$FeFloodManager
2026-07-05 11:42:25.393  4199-4289  unknown:Vi...rtyUpdater com.terrapulse.app                   W  Could not find generated setter for class com.horcrux.svg.RenderableViewManager$GroupViewManager
2026-07-05 11:42:25.394  4199-4289  unknown:Vi...rtyUpdater com.terrapulse.app                   W  Could not find generated setter for class com.horcrux.svg.RenderableViewManager$TextViewManager
2026-07-05 11:42:25.394  4199-4289  unknown:Vi...rtyUpdater com.terrapulse.app                   W  Could not find generated setter for class com.horcrux.svg.RenderableViewManager$ImageViewManager
2026-07-05 11:42:25.394  4199-4289  unknown:Vi...rtyUpdater com.terrapulse.app                   W  Could not find generated setter for class com.horcrux.svg.RenderableViewManager$FeCompositeManager
2026-07-05 11:42:25.395  4199-4289  unknown:Vi...rtyUpdater com.terrapulse.app                   W  Could not find generated setter for class com.facebook.react.views.image.ReactImageManager
2026-07-05 11:42:25.395  4199-4289  unknown:Vi...rtyUpdater com.terrapulse.app                   W  Could not find generated setter for class com.horcrux.svg.RenderableViewManager$RadialGradientManager
2026-07-05 11:42:25.395  4199-4289  unknown:Vi...rtyUpdater com.terrapulse.app                   W  Could not find generated setter for class com.horcrux.svg.RenderableViewManager$MaskManager
2026-07-05 11:42:25.395  4199-4289  unknown:Vi...rtyUpdater com.terrapulse.app                   W  Could not find generated setter for class com.facebook.react.views.unimplementedview.ReactUnimplementedViewManager
2026-07-05 11:42:25.396  4199-4289  unknown:Vi...rtyUpdater com.terrapulse.app                   W  Could not find generated setter for class com.horcrux.svg.RenderableViewManager$RectViewManager
2026-07-05 11:42:25.396  4199-4289  unknown:Vi...rtyUpdater com.terrapulse.app                   W  Could not find generated setter for class com.horcrux.svg.RenderableViewManager$TextPathViewManager
2026-07-05 11:42:25.396  4199-4289  unknown:Vi...rtyUpdater com.terrapulse.app                   W  Could not find generated setter for class com.facebook.react.views.scroll.ReactScrollViewManager
2026-07-05 11:42:25.396  4199-4289  unknown:Vi...rtyUpdater com.terrapulse.app                   W  Could not find generated setter for class com.horcrux.svg.RenderableViewManager$FeOffsetManager
2026-07-05 11:42:25.397  4199-4289  unknown:Vi...rtyUpdater com.terrapulse.app                   W  Could not find generated setter for class com.horcrux.svg.RenderableViewManager$PathViewManager
2026-07-05 11:42:25.397  4199-4289  unknown:Vi...rtyUpdater com.terrapulse.app                   W  Could not find generated setter for class com.facebook.react.views.drawer.ReactDrawerLayoutManager
2026-07-05 11:42:25.397  4199-4289  unknown:Vi...rtyUpdater com.terrapulse.app                   W  Could not find generated setter for class com.facebook.react.views.text.ReactVirtualTextViewManager
2026-07-05 11:42:25.397  4199-4289  unknown:Vi...rtyUpdater com.terrapulse.app                   W  Could not find generated setter for class com.facebook.react.views.text.ReactVirtualTextShadowNode
2026-07-05 11:42:25.397  4199-4289  unknown:Vi...rtyUpdater com.terrapulse.app                   W  Could not find generated setter for class com.facebook.react.views.swiperefresh.SwipeRefreshLayoutManager
2026-07-05 11:42:25.398  4199-4289  unknown:Vi...rtyUpdater com.terrapulse.app                   W  Could not find generated setter for class com.facebook.react.views.text.ReactRawTextManager
2026-07-05 11:42:25.398  4199-4289  unknown:Vi...rtyUpdater com.terrapulse.app                   W  Could not find generated setter for class com.facebook.react.views.text.ReactRawTextShadowNode
2026-07-05 11:42:25.398  4199-4289  unknown:Vi...rtyUpdater com.terrapulse.app                   W  Could not find generated setter for class com.facebook.react.views.textinput.ReactTextInputManager
2026-07-05 11:42:25.398  4199-4289  unknown:Vi...rtyUpdater com.terrapulse.app                   W  Could not find generated setter for class com.facebook.react.views.textinput.ReactTextInputShadowNode
2026-07-05 11:42:25.398  4199-4289  unknown:Vi...rtyUpdater com.terrapulse.app                   W  Could not find generated setter for class com.swmansion.gesturehandler.react.RNGestureHandlerRootViewManager
2026-07-05 11:42:25.399  4199-4289  BridgelessReactContext  com.terrapulse.app                   W  [WARNING] Bridgeless doesn't support CatalystInstance. Accessing an API that's not part of the new architecture is not encouraged usage.
2026-07-05 11:42:25.400  4199-4289  ExpoModulesCore         com.terrapulse.app                   I  ✅ JSI interop was installed
2026-07-05 11:42:25.401  4199-4289  ExpoModulesCore         com.terrapulse.app                   I  ✅ Constants were exported
2026-07-05 11:42:25.402  4199-4289  dev.expo.updates        com.terrapulse.app                   I  {"timestamp":1783276945402,"message":"UpdatesModule: getConstants called","code":"None","level":"info"}
2026-07-05 11:42:25.417  4199-4289  nativeloader            com.terrapulse.app                   D  Load /data/app/~~TSHtpAM3Zt_dcOzT2b_rZA==/com.terrapulse.app-M-Jd1bULM_3HBuvyGuXAQQ==/base.apk!/lib/arm64-v8a/librnscreens.so using class loader ns clns-9 (caller=/data/app/~~TSHtpAM3Zt_dcOzT2b_rZA==/com.terrapulse.app-M-Jd1bULM_3HBuvyGuXAQQ==/base.apk!classes5.dex): ok
2026-07-05 11:42:25.418  4199-4289  ReactNativeJS           com.terrapulse.app                   I  Running "main"
2026-07-05 11:42:25.430  4199-4289  ReactNativeJS           com.terrapulse.app                   W  '[2026-07-05T18:42:25.430Z]  @firebase/auth:', 'Auth (12.15.0): \nYou are initializing Firebase Auth for React Native without providing\nAsyncStorage. Auth state will default to memory persistence and will not\npersist between sessions. In order to persist auth state, install the package\n"@react-native-async-storage/async-storage" and provide it to\ninitializeAuth:\n\nimport { initializeAuth, getReactNativePersistence } from \'firebase/auth\';\n\n// For @react-native-async-storage/async-storage v3:\nimport { createAsyncStorage } from \'@react-native-async-storage/async-storage\';\nconst appStorage = createAsyncStorage("app");\nconst persistence = getReactNativePersistence(appStorage);\n\n/*\n// For @react-native-async-storage/async-storage v2:\nimport ReactNativeAsyncStorage from \'@react-native-async-storage/async-storage\';\nconst persistence = getReactNativePersistence(ReactNativeAsyncStorage);\n*/\n\n// Then, initialize auth:\nconst auth = initializeAuth(app, {\n  persistence\n});\n'
2026-07-05 11:42:25.451  4199-4293  HWUI                    com.terrapulse.app                   I  Using FreeType backend (prop=Auto)
2026-07-05 11:42:25.451  4199-4231  dev.expo.updates        com.terrapulse.app                   I  {"timestamp":1783276945451,"message":"Updates state change: Check, context = {isStartupProcedureRunning=false, isUpdateAvailable=false, isUpdatePending=false, isChecking=true, isDownloading=false, isRestarting=false, restartCount=0, downloadProgress=0.0, sequenceNumber=5, lastCheckForUpdateTime=Sun Jul 05 11:42:25 PDT 2026}","code":"None","level":"info"}
2026-07-05 11:42:25.460  4199-4199  [RNScreens]             com.terrapulse.app                   W  backTitleVisible prop is not available on Android
2026-07-05 11:42:25.460  4199-4199  [RNScreens]             com.terrapulse.app                   W  backTitleFontFamily prop is not available on Android
2026-07-05 11:42:25.460  4199-4199  [RNScreens]             com.terrapulse.app                   W  largeTitleFontWeight prop is not available on Android
2026-07-05 11:42:25.460  4199-4199  [RNScreens]             com.terrapulse.app                   W  largeTitleHideShadow prop is not available on Android
2026-07-05 11:42:25.460  4199-4199  [RNScreens]             com.terrapulse.app                   W  disableBackButtonMenu prop is not available on Android
2026-07-05 11:42:25.460  4199-4199  [RNScreens]             com.terrapulse.app                   W  largeTitleFontFamily prop is not available on Android
2026-07-05 11:42:25.463  4199-4199  ReactNative             com.terrapulse.app                   I  [GESTURE HANDLER] Initialize gesture handler for root view com.facebook.react.runtime.ReactSurfaceView{6e8f967 V.E...... ......ID 0,0-1440,3120 #1}
2026-07-05 11:42:25.465  4199-4199  VRI[MainAc...y]@ead66bd com.terrapulse.app                   D  Setup new sync=wmsSync-VRI[MainActivity]@ead66bd#0
2026-07-05 11:42:25.465  4199-4199  VRI[MainAc...y]@ead66bd com.terrapulse.app                   I  Creating new active sync group VRI[MainActivity]@ead66bd#1
2026-07-05 11:42:25.465  4199-4199  VRI[MainAc...y]@ead66bd com.terrapulse.app                   D  Draw frame after cancel
2026-07-05 11:42:25.465  4199-4199  VRI[MainAc...y]@ead66bd com.terrapulse.app                   D  registerCallbacksForSync syncBuffer=false
2026-07-05 11:42:25.467  4199-4234  VRI[MainAc...y]@ead66bd com.terrapulse.app                   D  Received frameDrawingCallback syncResult=0 frameNum=1.
2026-07-05 11:42:25.467  4199-4234  VRI[MainAc...y]@ead66bd com.terrapulse.app                   I  mWNT: t=0xb4000071f162d450 fn= 1 HdrRenderState mRenderHdrSdrRatio=1.0 caller= android.view.ViewRootImpl$12.onFrameDraw:16703 android.view.ThreadedRenderer$1.onFrameDraw:750 <bottom of call stack> 
2026-07-05 11:42:25.467  4199-4234  VRI[MainAc...y]@ead66bd com.terrapulse.app                   I  Setting up sync and frameCommitCallback
2026-07-05 11:42:25.467  4199-4224  AdrenoUtils             com.terrapulse.app                   I  <ReadGpuID:1333>: Reading chip ID through GSL
2026-07-05 11:42:25.472  4199-4224  BLASTBufferQueue        com.terrapulse.app                   I  [VRI[MainActivity]@ead66bd#0](f:0,a:0,s:0) onFrameAvailable the first frame is available
2026-07-05 11:42:25.472  4199-4224  SurfaceComposerClient   com.terrapulse.app                   I  apply transaction with the first frame. layerId: 179993, bufferData(ID: 18034567675907, frameNumber: 1)
2026-07-05 11:42:25.472  4199-4224  VRI[MainAc...y]@ead66bd com.terrapulse.app                   I  Received frameCommittedCallback lastAttemptedDrawFrameNum=1 didProduceBuffer=true
2026-07-05 11:42:25.472  4199-4224  HWUI                    com.terrapulse.app                   D  CFMS:: SetUp Pid : 4199    Tid : 4224
2026-07-05 11:42:25.472  4199-4199  VRI[MainAc...y]@ead66bd com.terrapulse.app                   D  reportDrawFinished seqId=1
2026-07-05 11:42:25.472  4199-4199  VRI[MainAc...y]@ead66bd com.terrapulse.app                   I  call setFrameRateCategory category=high, reason=boost, vri=VRI[MainActivity]@ead66bd
2026-07-05 11:42:25.475  4199-4199  [RNScreens]             com.terrapulse.app                   W  backTitleVisible prop is not available on Android
2026-07-05 11:42:25.476  4199-4199  [RNScreens]             com.terrapulse.app                   W  backTitleFontFamily prop is not available on Android
2026-07-05 11:42:25.476  4199-4199  [RNScreens]             com.terrapulse.app                   W  largeTitleFontWeight prop is not available on Android
2026-07-05 11:42:25.476  4199-4199  [RNScreens]             com.terrapulse.app                   W  largeTitleHideShadow prop is not available on Android
2026-07-05 11:42:25.476  4199-4199  [RNScreens]             com.terrapulse.app                   W  disableBackButtonMenu prop is not available on Android
2026-07-05 11:42:25.476  4199-4199  [RNScreens]             com.terrapulse.app                   W  largeTitleFontFamily prop is not available on Android
2026-07-05 11:42:25.478  4199-4289  nativeloader            com.terrapulse.app                   D  Load /data/app/~~TSHtpAM3Zt_dcOzT2b_rZA==/com.terrapulse.app-M-Jd1bULM_3HBuvyGuXAQQ==/base.apk!/lib/arm64-v8a/libgesturehandler.so using class loader ns clns-9 (caller=/data/app/~~TSHtpAM3Zt_dcOzT2b_rZA==/com.terrapulse.app-M-Jd1bULM_3HBuvyGuXAQQ==/base.apk!classes4.dex): ok
2026-07-05 11:42:25.478  4199-4289  jni_lib_merge           com.terrapulse.app                   D  Entering merged library JNI_OnLoad.
2026-07-05 11:42:25.478  4199-4289  jni_lib_merge           com.terrapulse.app                   D  Preparing 12 pre-merged libs (including stub)
2026-07-05 11:42:25.478  4199-4289  jni_lib_merge           com.terrapulse.app                   D  Preparing to register libfabricjni_so.  onload_func: 0x6f40adbedc
2026-07-05 11:42:25.478  4199-4289  jni_lib_merge           com.terrapulse.app                   D  Preparing to register libreact_devsupportjni_so.  onload_func: 0x6f40bacf40
2026-07-05 11:42:25.478  4199-4289  jni_lib_merge           com.terrapulse.app                   D  Preparing to register libreact_featureflagsjni_so.  onload_func: 0x6f40bbf9f8
2026-07-05 11:42:25.478  4199-4289  jni_lib_merge           com.terrapulse.app                   D  Preparing to register libreact_newarchdefaults_so.  onload_func: 0x6f40be4e30
2026-07-05 11:42:25.478  4199-4289  jni_lib_merge           com.terrapulse.app                   D  Preparing to register libreactnativeblob_so.  onload_func: 0x6f40c775b0
2026-07-05 11:42:25.478  4199-4289  jni_lib_merge           com.terrapulse.app                   D  Preparing to register libreactnativejni_so.  onload_func: 0x6f40c91b24
2026-07-05 11:42:25.478  4199-4289  jni_lib_merge           com.terrapulse.app                   D  Preparing to register libreactnativejni_common_so.  onload_func: 0x6f40c98458
2026-07-05 11:42:25.478  4199-4289  jni_lib_merge           com.terrapulse.app                   D  Preparing to register librninstance_so.  onload_func: 0x6f40cb4070
2026-07-05 11:42:25.478  4199-4289  jni_lib_merge           com.terrapulse.app                   D  Preparing to register libturbomodulejsijni_so.  onload_func: 0x6f40d4c1a4
2026-07-05 11:42:25.478  4199-4289  jni_lib_merge           com.terrapulse.app                   D  Preparing to register libuimanagerjni_so.  onload_func: 0x6f40d537e0
2026-07-05 11:42:25.478  4199-4289  jni_lib_merge           com.terrapulse.app                   D  Preparing to register libyoga_so.  onload_func: 0x6f40d5ada4
2026-07-05 11:42:25.478  4199-4289  jni_lib_merge           com.terrapulse.app                   D  About to register 11 actual methods.
2026-07-05 11:42:25.485  4199-4199  VRI[MainAc...y]@ead66bd com.terrapulse.app                   I  registerCallbackForPendingTransactions
2026-07-05 11:42:25.487  4199-4235  VRI[MainAc...y]@ead66bd com.terrapulse.app                   I  mWNT: t=0xb4000071f16226e0 fn= 3 HdrRenderState mRenderHdrSdrRatio=1.0 caller= android.view.ViewRootImpl$10.onFrameDraw:7102 android.view.ViewRootImpl$4.onFrameDraw:2700 android.view.ThreadedRenderer$1.onFrameDraw:750 
2026-07-05 11:42:25.493  4199-4199  VRI[MainAc...y]@ead66bd com.terrapulse.app                   D  mThreadedRenderer.initializeIfNeeded()#2 mSurface={isValid=true 0xb40000700162e690}
2026-07-05 11:42:25.493  4199-4199  InputMethodManager      com.terrapulse.app                   D  setCurrentRootViewLocked: updateReceivingDispatcher
2026-07-05 11:42:25.493  4199-4199  InputMethodManagerUtils com.terrapulse.app                   D  startInputInner - Id : 0
2026-07-05 11:42:25.493  4199-4199  InputMethodManager      com.terrapulse.app                   I  startInputInner - IInputMethodManagerGlobalInvoker.startInputOrWindowGainedFocus
2026-07-05 11:42:25.494  4199-4199  InsetsController        com.terrapulse.app                   D  hide(ime())
2026-07-05 11:42:25.494  4199-4199  ImeTracker              com.terrapulse.app                   I  com.terrapulse.app:5332e9f3: onCancelled at PHASE_CLIENT_ALREADY_HIDDEN
2026-07-05 11:42:25.496  4199-4212  InputTransport          com.terrapulse.app                   D  Input channel constructed: 'ClientS', fd=204
2026-07-05 11:42:25.501  4199-4199  VRI[MainAc...y]@ead66bd com.terrapulse.app                   I  registerCallbackForPendingTransactions
2026-07-05 11:42:25.502  4199-4234  VRI[MainAc...y]@ead66bd com.terrapulse.app                   I  mWNT: t=0xb4000071f1649050 fn= 5 HdrRenderState mRenderHdrSdrRatio=1.0 caller= android.view.ViewRootImpl$10.onFrameDraw:7102 android.view.ViewRootImpl$4.onFrameDraw:2700 android.view.ThreadedRenderer$1.onFrameDraw:750 
2026-07-05 11:42:25.710  4199-4231  dev.expo.updates        com.terrapulse.app                   I  {"timestamp":1783276945710,"message":"Updates state change: CheckCompleteUnavailable, context = {isStartupProcedureRunning=false, isUpdateAvailable=false, isUpdatePending=false, isChecking=false, isDownloading=false, isRestarting=false, restartCount=0, downloadProgress=0.0, sequenceNumber=6, lastCheckForUpdateTime=Sun Jul 05 11:42:25 PDT 2026}","code":"None","level":"info"}
2026-07-05 11:42:26.298  4199-4199  VRI[MainAc...y]@ead66bd com.terrapulse.app                   I  ViewPostIme pointer 0
2026-07-05 11:42:26.300  4199-4199  VRI[MainAc...y]@ead66bd com.terrapulse.app                   I  call setFrameRateCategory category=high hint, reason=touch, vri=VRI[MainActivity]@ead66bd
2026-07-05 11:42:26.359  4199-4199  VRI[MainAc...y]@ead66bd com.terrapulse.app                   I  ViewPostIme pointer 1
2026-07-05 11:42:26.382  4199-4199  unknown:BridgelessReact com.terrapulse.app                   W  ReactHost{0}.onUserLeaveHint(activity)
2026-07-05 11:42:26.382  4199-4199  unknown:BridgelessReact com.terrapulse.app                   W  ReactHost{0}.onHostPause(activity)
2026-07-05 11:42:26.382  4199-4199  unknown:BridgelessReact com.terrapulse.app                   W  ReactContext.onHostPause()
2026-07-05 11:42:26.386  4199-4199  ActivityThread          com.terrapulse.app                   D  com.terrapulse.app will use render engine as VK
2026-07-05 11:42:26.399  4199-4199  DecorView               com.terrapulse.app                   I  setWindowBackground: isPopOver=false color=0 d=android.graphics.drawable.ColorDrawable@2386280
2026-07-05 11:42:26.400  4199-4199  ViewRootImpl            com.terrapulse.app                   D  desktopMode is false
2026-07-05 11:42:26.400  4199-4199  ViewRootImpl            com.terrapulse.app                   I  dVRR is enabled
2026-07-05 11:42:26.400  4199-4224  NativeCust...ncyManager com.terrapulse.app                   D  [NativeCFMS] BpCustomFrequencyManager::BpCustomFrequencyManager()
2026-07-05 11:42:26.402  4199-4235  perf_hint               com.terrapulse.app                   E  Session ID too large, must fit 32-bit integer
2026-07-05 11:42:26.402  4199-4199  InputTransport          com.terrapulse.app                   D  Input channel constructed: '2923474', fd=205
2026-07-05 11:42:26.402  4199-4199  InsetsController        com.terrapulse.app                   I  onStateChanged: host=com.terrapulse.app/com.google.android.gms.auth.api.signin.internal.SignInHubActivity, from=android.view.ViewRootImpl.onInsetsStateChanged:3314, state=InsetsState: {mDisplayFrame=Rect(0, 0 - 1440, 3120), mDisplayCutout=DisplayCutout{insets=Rect(0, 139 - 0, 0) waterfall=Insets{left=0, top=0, right=0, bottom=0} boundingRect={Bounds=[Rect(0, 0 - 0, 0), Rect(680, 0 - 760, 139), Rect(0, 0 - 0, 0), Rect(0, 0 - 0, 0)]} cutoutPathParserInfo={CutoutPathParserInfo{displayWidth=1440 displayHeight=3120 physicalDisplayWidth=1440 physicalDisplayHeight=3120 density={3.75} cutoutSpec={M 0,0 H -10.66666666666667 V 37.06666666666667 H 10.66666666666667 V 0 H 0 Z @dp} rotation={0} scale={1.0} physicalPixelDisplaySizeRatio={1.0}}} sideOverrides={}}, mRoundedCorners=RoundedCorners{[RoundedCorner{position=TopLeft, radius=105, center=Point(105, 105)}, RoundedCorner{position=TopRight, radius=105, center=Point(1335, 105)}, RoundedCorner{position=BottomRight, radius=105, center=Point(1335, 3015)}, RoundedCorner{position=BottomLeft, radius=105, center=Point(105, 3015)}]}  mRoundedCornerFrame=Rect(0, 0 - 1440, 3120), mPrivacyIndicatorBounds=PrivacyIndicatorBounds {static bounds=Rect(1275, 0 - 1440, 149) rotation=0}, mDisplayShape=DisplayShape{type=2, displayWidth=1440, displayHeight=3120, physicalPixelDisplaySizeRatio=1.0, rotation=0, offsetX=0, offsetY=0, scale=1.0}, mSources= { InsetsSource: {b8a90001 mType=navigationBars mFrame=[0,2940][1440,3120] mAttachedInsets=null mVisible=true mFlags= mSideHint=BOTTOM}, InsetsSource: {b8a90004 mType=systemGestures mFrame=[0,0][0,0] mAttachedInsets=null mVisible=true mFlags= mSideHint=NONE}, InsetsSource: {b8a90005 mType=mandatorySystemGestures mFrame=[0,2940][1440,3120] mAttachedInsets=null mVisible=true mFlags= mSideHint=BOTTOM}, InsetsSource: {b8a90006 mType=tappableElement mFrame=[0,2940][1440,3120] mAttachedInsets=null mVisible=true mFlags= mSideHint=BOTTOM}, InsetsSource: {b8a90024 mType=systemGestures mFrame=[0,0][0,0] mAttachedInsets=null mVisible=true mFlags= mSideHint=NONE}, InsetsSource: {fa900000 mType=statusBars mFrame=[0,0][1440,149] mAttachedInsets=null mVisible=true mFlags= mSideHint=TOP}, InsetsSource: {fa900005 mType=mandatorySystemGestures mFrame=[0,0][1440,184] mAttachedInsets=null mVisible=true mFlags= mSideHint=TOP}, InsetsSource: {fa900006 mType=tappableElement mFrame=[0,0][1440,149] mAttachedInsets=null mVisible=true mFlags= mSideHint=TOP}, InsetsSource: {27 mType=displayCutout mFrame=[0,0][1440,139] mAttachedInsets=null mVisible=true mFlags= mSideHint=TOP} }
2026-07-05 11:42:26.402  4199-4199  VRI[SignIn...y]@636cf7b com.terrapulse.app                   I  synced displayState. AttachInfo displayState=2
2026-07-05 11:42:26.402  4199-4199  VRI[SignIn...y]@636cf7b com.terrapulse.app                   I  setView = com.android.internal.policy.DecorView@ca5b82d IsHRR=false mFlingFrameRateChange=0 TM=true
2026-07-05 11:42:26.404  4199-4224  HWUI                    com.terrapulse.app                   D  HWUI - treat SMPTE_170M as sRGB
2026-07-05 11:42:26.409  4199-4199  VRI[SignIn...y]@636cf7b com.terrapulse.app                   D  WindowInsets changed: 1440x3120 statusBars:[0,149,0,0] navigationBars:[0,0,0,180] mandatorySystemGestures:[0,184,0,180] 
2026-07-05 11:42:26.409  4199-4199  WindowOnBackDispatcher  com.terrapulse.app                   D  setTopOnBackInvokedCallback (unwrapped): android.view.ViewRootImpl$$ExternalSyntheticLambda17@4121ae
2026-07-05 11:42:26.411  4199-4199  InsetsController        com.terrapulse.app                   I  onStateChanged: host=com.terrapulse.app/com.google.android.gms.auth.api.signin.internal.SignInHubActivity, from=android.view.ViewRootImpl.onInsetsStateChanged:3314, state=InsetsState: {mDisplayFrame=Rect(0, 0 - 1440, 3120), mDisplayCutout=DisplayCutout{insets=Rect(0, 139 - 0, 0) waterfall=Insets{left=0, top=0, right=0, bottom=0} boundingRect={Bounds=[Rect(0, 0 - 0, 0), Rect(680, 0 - 760, 139), Rect(0, 0 - 0, 0), Rect(0, 0 - 0, 0)]} cutoutPathParserInfo={CutoutPathParserInfo{displayWidth=1440 displayHeight=3120 physicalDisplayWidth=1440 physicalDisplayHeight=3120 density={3.75} cutoutSpec={M 0,0 H -10.66666666666667 V 37.06666666666667 H 10.66666666666667 V 0 H 0 Z @dp} rotation={0} scale={1.0} physicalPixelDisplaySizeRatio={1.0}}} sideOverrides={}}, mRoundedCorners=RoundedCorners{[RoundedCorner{position=TopLeft, radius=105, center=Point(105, 105)}, RoundedCorner{position=TopRight, radius=105, center=Point(1335, 105)}, RoundedCorner{position=BottomRight, radius=105, center=Point(1335, 3015)}, RoundedCorner{position=BottomLeft, radius=105, center=Point(105, 3015)}]}  mRoundedCornerFrame=Rect(0, 0 - 1440, 3120), mPrivacyIndicatorBounds=PrivacyIndicatorBounds {static bounds=Rect(1275, 0 - 1440, 149) rotation=0}, mDisplayShape=DisplayShape{type=2, displayWidth=1440, displayHeight=3120, physicalPixelDisplaySizeRatio=1.0, rotation=0, offsetX=0, offsetY=0, scale=1.0}, mSources= { InsetsSource: {b8a90001 mType=navigationBars mFrame=[0,2940][1440,3120] mAttachedInsets=null mVisible=true mFlags= mSideHint=BOTTOM}, InsetsSource: {b8a90004 mType=systemGestures mFrame=[0,0][0,0] mAttachedInsets=null mVisible=true mFlags= mSideHint=NONE}, InsetsSource: {b8a90005 mType=mandatorySystemGestures mFrame=[0,2940][1440,3120] mAttachedInsets=null mVisible=true mFlags= mSideHint=BOTTOM}, InsetsSource: {b8a90006 mType=tappableElement mFrame=[0,2940][1440,3120] mAttachedInsets=null mVisible=true mFlags= mSideHint=BOTTOM}, InsetsSource: {b8a90024 mType=systemGestures mFrame=[0,0][0,0] mAttachedInsets=null mVisible=true mFlags= mSideHint=NONE}, InsetsSource: {fa900000 mType=statusBars mFrame=[0,0][1440,149] mAttachedInsets=null mVisible=true mFlags= mSideHint=TOP}, InsetsSource: {fa900005 mType=mandatorySystemGestures mFrame=[0,0][1440,184] mAttachedInsets=null mVisible=true mFlags= mSideHint=TOP}, InsetsSource: {fa900006 mType=tappableElement mFrame=[0,0][1440,149] mAttachedInsets=null mVisible=true mFlags= mSideHint=TOP}, InsetsSource: {3 mType=ime mFrame=[0,0][0,0] mAttachedInsets=null mVisible=false mFlags=INVALID mSideHint=NONE}, InsetsSource: {27 mType=displayCutout mFrame=[0,0][1440,139] mAttachedInsets=null mVisible=true mFlags= mSideHint=TOP} }
2026-07-05 11:42:26.411  4199-4199  VRI[SignIn...y]@636cf7b com.terrapulse.app                   D  applyPrivacyLayerOverlapPolicy: request=false
2026-07-05 11:42:26.411  4199-4199  VRI[SignIn...y]@636cf7b com.terrapulse.app                   D  applyPrivacyDisplayOverlapBounds: bounds=Rect(0, 0 - 0, 0)
2026-07-05 11:42:26.411  4199-4199  SurfaceComposerClient   com.terrapulse.app                   I  setPrivacyOverlapBounds VRI-com.terrapulse.app/com.google.android.gms.auth.api.signin.internal.SignInHubActivity$_4199#180001 bounds=[0, 0, 0, 0]
2026-07-05 11:42:26.411  4199-4199  Surface                 com.terrapulse.app                   I  Creating surface for consumer unnamed-4199-1 with slotExpansion=1 for 64 slots
2026-07-05 11:42:26.411  4199-4199  BufferQueueProducer     com.terrapulse.app                   I  [](id:106700000001,api:0,p:0,c:4199) setDequeueTimeout:2077252342
2026-07-05 11:42:26.411  4199-4199  BLASTBufferQueue_Java   com.terrapulse.app                   I  new BLASTBufferQueue, mName= VRI[SignInHubActivity]@636cf7b mNativeObject= 0xb400006ff1601010 caller= android.view.ViewRootImpl.updateBlastSurfaceIfNeeded:3905 android.view.ViewRootImpl.updateRenderTargetIfNeeded:3886 android.view.ViewRootImpl.relayoutWindow:12625 android.view.ViewRootImpl.performTraversals:5286 android.view.ViewRootImpl.doTraversal:4254 android.view.ViewRootImpl$TraversalCallback.onVsync:13884 android.view.Choreographer$CallbackRecord.run:1995 android.view.Choreographer.doCallbacks:1440 android.view.Choreographer.doFrame:1393 android.view.Choreographer$FrameDisplayEventReceiver.run:1957 
2026-07-05 11:42:26.411  4199-4199  BLASTBufferQueue_Java   com.terrapulse.app                   I  update, w= 1440 h= 3120 mName = VRI[SignInHubActivity]@636cf7b mNativeObject= 0xb400006ff1601010 sc.mNativeObject= 0xb400007131617650 format= -2 caller= android.view.ViewRootImpl.updateBlastSurfaceIfNeeded:3910 android.view.ViewRootImpl.updateRenderTargetIfNeeded:3886 android.view.ViewRootImpl.relayoutWindow:12625 android.view.ViewRootImpl.performTraversals:5286 android.view.ViewRootImpl.doTraversal:4254 android.view.ViewRootImpl$TraversalCallback.onVsync:13884 
2026-07-05 11:42:26.411  4199-4199  Surface                 com.terrapulse.app                   I  Creating surface for consumer VRI[SignInHubActivity]@636cf7b#1(BLAST Consumer)1 with slotExpansion=1 for 64 slots
2026-07-05 11:42:26.411  4199-4199  SurfaceComposerClient   com.terrapulse.app                   I  [GC_PD] apply eCanOverlapPrivacyLayer layerId=180001 eCanOverlapPrivacyLayer=0 flags=0x2000 mask=0x20002000
2026-07-05 11:42:26.411  4199-4199  VRI[SignIn...y]@636cf7b com.terrapulse.app                   I  Relayout returned: old=(0,0,1440,3120) new=(0,0,1440,3120) relayoutAsync=false req=(1440,3120)0 dur=2 res=0x3 s={true 0xb4000070016ab230} ch=true seqId=0
2026-07-05 11:42:26.411  4199-4199  VRI[SignIn...y]@636cf7b com.terrapulse.app                   D  reportNextDraw android.view.ViewRootImpl.performTraversals:5294 android.view.ViewRootImpl.doTraversal:4254 android.view.ViewRootImpl$TraversalCallback.onVsync:13884 android.view.Choreographer$CallbackRecord.run:1995 android.view.Choreographer.doCallbacks:1440 
2026-07-05 11:42:26.411  4199-4199  VRI[SignIn...y]@636cf7b com.terrapulse.app                   D  applyTransactionOnDraw applyImmediately
2026-07-05 11:42:26.411  4199-4199  VRI[SignIn...y]@636cf7b com.terrapulse.app                   I  performConfigurationChange setNightDimText nightDimLevel=0
2026-07-05 11:42:26.411  4199-4199  VRI[SignIn...y]@636cf7b com.terrapulse.app                   D  mThreadedRenderer.initialize() mSurface={isValid=true 0xb4000070016ab230} hwInitialized=true
2026-07-05 11:42:26.411  4199-4199  VRI[SignIn...y]@636cf7b com.terrapulse.app                   D  reportNextDraw android.view.ViewRootImpl.performTraversals:5934 android.view.ViewRootImpl.doTraversal:4254 android.view.ViewRootImpl$TraversalCallback.onVsync:13884 android.view.Choreographer$CallbackRecord.run:1995 android.view.Choreographer.doCallbacks:1440 
2026-07-05 11:42:26.411  4199-4199  VRI[SignIn...y]@636cf7b com.terrapulse.app                   D  Setup new sync=wmsSync-VRI[SignInHubActivity]@636cf7b#2
2026-07-05 11:42:26.411  4199-4199  VRI[SignIn...y]@636cf7b com.terrapulse.app                   I  Creating new active sync group VRI[SignInHubActivity]@636cf7b#3
2026-07-05 11:42:26.412  4199-4199  VRI[SignIn...y]@636cf7b com.terrapulse.app                   D  registerCallbacksForSync syncBuffer=false
2026-07-05 11:42:26.412  4199-4234  VRI[SignIn...y]@636cf7b com.terrapulse.app                   D  Received frameDrawingCallback syncResult=0 frameNum=1.
2026-07-05 11:42:26.412  4199-4234  VRI[SignIn...y]@636cf7b com.terrapulse.app                   I  mWNT: t=0xb4000071f1654ba0 fn= 1 HdrRenderState mRenderHdrSdrRatio=1.0 caller= android.view.ViewRootImpl$12.onFrameDraw:16703 android.view.ThreadedRenderer$1.onFrameDraw:750 <bottom of call stack> 
2026-07-05 11:42:26.412  4199-4234  VRI[SignIn...y]@636cf7b com.terrapulse.app                   I  Setting up sync and frameCommitCallback
2026-07-05 11:42:26.413  4199-4224  BLASTBufferQueue        com.terrapulse.app                   I  [VRI[SignInHubActivity]@636cf7b#1](f:0,a:0,s:0) onFrameAvailable the first frame is available
2026-07-05 11:42:26.413  4199-4224  SurfaceComposerClient   com.terrapulse.app                   I  apply transaction with the first frame. layerId: 180001, bufferData(ID: 18034567675908, frameNumber: 1)
2026-07-05 11:42:26.413  4199-4224  VRI[SignIn...y]@636cf7b com.terrapulse.app                   I  Received frameCommittedCallback lastAttemptedDrawFrameNum=1 didProduceBuffer=true
2026-07-05 11:42:26.413  4199-4224  HWUI                    com.terrapulse.app                   D  CFMS:: SetUp Pid : 4199    Tid : 4224
2026-07-05 11:42:26.413  4199-4199  VRI[SignIn...y]@636cf7b com.terrapulse.app                   D  reportDrawFinished seqId=1
2026-07-05 11:42:26.413  4199-4199  VRI[SignIn...y]@636cf7b com.terrapulse.app                   D  call clearFrameRate
2026-07-05 11:42:26.413  4199-4199  VRI[SignIn...y]@636cf7b com.terrapulse.app                   I  call setFrameRateCategory category=high, reason=boost, vri=VRI[SignInHubActivity]@636cf7b
2026-07-05 11:42:26.429  4199-4199  ImeFocusController      com.terrapulse.app                   I  onPreWindowFocus: skipped hasWindowFocus=false mHasImeFocus=true
2026-07-05 11:42:26.429  4199-4199  ImeFocusController      com.terrapulse.app                   I  onPostWindowFocus: skipped hasWindowFocus=false mHasImeFocus=true
2026-07-05 11:42:26.430  4199-4199  VRI[SignIn...y]@636cf7b com.terrapulse.app                   D  mThreadedRenderer.initializeIfNeeded()#2 mSurface={isValid=true 0xb4000070016ab230}
2026-07-05 11:42:26.430  4199-4199  InputMethodManagerUtils com.terrapulse.app                   D  startInputInner - Id : 0
2026-07-05 11:42:26.430  4199-4199  InputMethodManager      com.terrapulse.app                   I  startInputInner - IInputMethodManagerGlobalInvoker.startInputOrWindowGainedFocus
2026-07-05 11:42:26.437  4199-4199  ImeFocusController      com.terrapulse.app                   I  onPreWindowFocus: skipped hasWindowFocus=false mHasImeFocus=true
2026-07-05 11:42:26.437  4199-4199  ImeFocusController      com.terrapulse.app                   I  onPostWindowFocus: skipped hasWindowFocus=false mHasImeFocus=true
2026-07-05 11:42:26.438  4199-4199  InputTransport          com.terrapulse.app                   D  Input channel destroyed: 'ClientS', fd=204
2026-07-05 11:42:26.460  4199-4199  unknown:BridgelessReact com.terrapulse.app                   W  ReactHost{0}.onHostResume(activity)
2026-07-05 11:42:26.460  4199-4199  unknown:BridgelessReact com.terrapulse.app                   W  ReactContext.onHostResume()
2026-07-05 11:42:26.461  4199-4199  VRI[SignIn...y]@636cf7b com.terrapulse.app                   D  mThreadedRenderer.initializeIfNeeded()#2 mSurface={isValid=true 0xb4000070016ab230}
2026-07-05 11:42:26.461  4199-4199  InputMethodManager      com.terrapulse.app                   D  setCurrentRootViewLocked: updateReceivingDispatcher
2026-07-05 11:42:26.461  4199-4199  InputMethodManagerUtils com.terrapulse.app                   D  startInputInner - Id : 0
2026-07-05 11:42:26.461  4199-4199  InputMethodManager      com.terrapulse.app                   I  startInputInner - IInputMethodManagerGlobalInvoker.startInputOrWindowGainedFocus
2026-07-05 11:42:26.465  4199-4199  InsetsController        com.terrapulse.app                   D  hide(ime())
2026-07-05 11:42:26.465  4199-4199  ImeTracker              com.terrapulse.app                   I  com.terrapulse.app:20df023e: onCancelled at PHASE_CLIENT_ALREADY_HIDDEN
2026-07-05 11:42:26.467  4199-4340  WebViewFactory          com.terrapulse.app                   I  Loading com.google.android.webview version 149.0.7827.159 (code 782715903)
2026-07-05 11:42:26.467  4199-4211  InputTransport          com.terrapulse.app                   D  Input channel constructed: 'ClientS', fd=224
2026-07-05 11:42:26.467  4199-4199  VRI[SignIn...y]@636cf7b com.terrapulse.app                   I  handleAppVisibility oldVisibility=true newVisibility=false seqId=-1 mSeqId=1
2026-07-05 11:42:26.467  4199-4199  VRI[SignIn...y]@636cf7b com.terrapulse.app                   D  visibilityChanged oldVisibility=true newVisibility=false
2026-07-05 11:42:26.469  4199-4199  VRI[SignIn...y]@636cf7b com.terrapulse.app                   I  Relayout returned: old=(0,0,1440,3120) new=(0,0,1440,3120) relayoutAsync=true req=(1440,3120)8 dur=0 res=0x0 s={false 0x0} ch=true seqId=0
2026-07-05 11:42:26.469  4199-4199  VRI[SignIn...y]@636cf7b com.terrapulse.app                   D  Not drawing due to not visible. Reason=!mAppVisible && !mForceDecorViewVisibility
2026-07-05 11:42:26.470  4199-4340  ResourcesManager        com.terrapulse.app                   V  The following library key has been added: ResourcesKey{ mHash=88b894d5 mResDir=null mSplitDirs=[] mOverlayDirs=[] mLibDirs=[/data/app/~~Cx9HcmpZFj51IJ-ZF8PXRg==/com.google.android.webview-SSX7OZTxNJKavtsbs3IyPg==/base.apk,/system/framework/android.test.base.jar,/system_ext/framework/androidx.window.extensions.jar] mDisplayId=0 mOverrideConfig=v37 mCompatInfo={450dpi always-compat} mLoaders=[]}
2026-07-05 11:42:26.470  4199-4199  ImeFocusController      com.terrapulse.app                   I  onPreWindowFocus: skipped hasWindowFocus=false mHasImeFocus=true
2026-07-05 11:42:26.470  4199-4199  ImeFocusController      com.terrapulse.app                   I  onPostWindowFocus: skipped hasWindowFocus=false mHasImeFocus=true
2026-07-05 11:42:26.471  4199-4199  VRI[MainAc...y]@ead66bd com.terrapulse.app                   D  mThreadedRenderer.initializeIfNeeded()#2 mSurface={isValid=true 0xb40000700162e690}
2026-07-05 11:42:26.471  4199-4340  ApplicationLoaders      com.terrapulse.app                   D  Returning zygote-cached class loader: /system/framework/android.test.base.jar
2026-07-05 11:42:26.471  4199-4340  ApplicationLoaders      com.terrapulse.app                   D  Returning zygote-cached class loader: /system_ext/framework/androidx.window.extensions.jar
2026-07-05 11:42:26.471  4199-4199  InputMethodManagerUtils com.terrapulse.app                   D  startInputInner - Id : 0
2026-07-05 11:42:26.471  4199-4199  InputMethodManager      com.terrapulse.app                   I  startInputInner - IInputMethodManagerGlobalInvoker.startInputOrWindowGainedFocus
2026-07-05 11:42:26.472  4199-4199  InsetsSourceConsumer    com.terrapulse.app                   I  applyRequestedVisibilityToControl: visible=true, type=statusBars, host=com.terrapulse.app/com.terrapulse.app.MainActivity
2026-07-05 11:42:26.472  4199-4199  InsetsSourceConsumer    com.terrapulse.app                   I  applyRequestedVisibilityToControl: visible=true, type=navigationBars, host=com.terrapulse.app/com.terrapulse.app.MainActivity
2026-07-05 11:42:26.472  4199-4199  InsetsController        com.terrapulse.app                   D  hide(ime())
2026-07-05 11:42:26.472  4199-4199  ImeTracker              com.terrapulse.app                   I  com.terrapulse.app:ea1b09ff: onCancelled at PHASE_CLIENT_ALREADY_HIDDEN
2026-07-05 11:42:26.473  4199-4212  InputTransport          com.terrapulse.app                   D  Input channel constructed: 'ClientS', fd=221
2026-07-05 11:42:26.473  4199-4199  InputTransport          com.terrapulse.app                   D  Input channel destroyed: 'ClientS', fd=221
2026-07-05 11:42:26.474  4199-4340  nativeloader            com.terrapulse.app                   D  Configuring clns-10 for other apk /data/app/~~Cx9HcmpZFj51IJ-ZF8PXRg==/com.google.android.webview-SSX7OZTxNJKavtsbs3IyPg==/base.apk. target_sdk_version=36, uses_libraries=, library_path=/data/app/~~Cx9HcmpZFj51IJ-ZF8PXRg==/com.google.android.webview-SSX7OZTxNJKavtsbs3IyPg==/lib/arm64:/data/app/~~Cx9HcmpZFj51IJ-ZF8PXRg==/com.google.android.webview-SSX7OZTxNJKavtsbs3IyPg==/base.apk!/lib/arm64-v8a, permitted_path=/data:/mnt/expand
2026-07-05 11:42:26.483  4199-4199  VRI[SignIn...y]@636cf7b com.terrapulse.app                   I  stopped(true) old = false
2026-07-05 11:42:26.483  4199-4199  VRI[SignIn...y]@636cf7b com.terrapulse.app                   D  WindowStopped on com.terrapulse.app/com.google.android.gms.auth.api.signin.internal.SignInHubActivity set to true
2026-07-05 11:42:26.483  4199-4340  cr_WVCFactoryProvider   com.terrapulse.app                   I  version=149.0.7827.159 (782715903) minSdkVersion=29 multiprocess=true packageId=2 splits=<none>
2026-07-05 11:42:26.484  4199-4199  WindowOnBackDispatcher  com.terrapulse.app                   D  setTopOnBackInvokedCallback (unwrapped): null
2026-07-05 11:42:26.484  4199-4199  ViewRootImpl            com.terrapulse.app                   D  Skipping stats log for color mode
2026-07-05 11:42:26.484  4199-4199  VRI[SignIn...y]@636cf7b com.terrapulse.app                   I  dispatchDetachedFromWindow
2026-07-05 11:42:26.485  4199-4199  InputTransport          com.terrapulse.app                   D  Input channel destroyed: '2923474', fd=205
2026-07-05 11:42:26.485  4199-4340  nativeloader            com.terrapulse.app                   D  Load /data/app/~~Cx9HcmpZFj51IJ-ZF8PXRg==/com.google.android.webview-SSX7OZTxNJKavtsbs3IyPg==/base.apk!/lib/arm64-v8a/libwebviewchromium.so using class loader ns clns-10 (caller=/data/app/~~Cx9HcmpZFj51IJ-ZF8PXRg==/com.google.android.webview-SSX7OZTxNJKavtsbs3IyPg==/base.apk): ok
2026-07-05 11:42:26.486  4199-4340  nativeloader            com.terrapulse.app                   D  Load /system/lib64/libwebviewchromium_plat_support.so using class loader ns clns-10 (caller=/data/app/~~Cx9HcmpZFj51IJ-ZF8PXRg==/com.google.android.webview-SSX7OZTxNJKavtsbs3IyPg==/base.apk): ok
2026-07-05 11:42:26.486  4199-4348  chromium                com.terrapulse.app                   I  [0705/114226.486662:INFO:android_webview/browser/variations/variations_seed_loader.cc:67] Failed to open file for reading.: No such file or directory (2)
2026-07-05 11:42:26.486  4199-4348  chromium                com.terrapulse.app                   I  [0705/114226.486765:INFO:android_webview/browser/variations/variations_seed_loader.cc:67] Failed to open file for reading.: No such file or directory (2)
2026-07-05 11:42:26.488  4199-4340  cr_LibraryLoader        com.terrapulse.app                   I  Successfully loaded native library
2026-07-05 11:42:26.489  4199-4340  cr_CachingUmaRecorder   com.terrapulse.app                   I  Flushed 41 samples from 19 histograms, 0 samples were dropped.
2026-07-05 11:42:27.063  4199-4289  DefaultLoc...neProvider com.terrapulse.app                   D  DefaultLocationEngine will be used.
2026-07-05 11:42:27.064  4199-4199  MLRNOfflineModule       com.terrapulse.app                   D  No packs need migration
2026-07-05 11:42:27.096  4199-4199  [RNScreens]             com.terrapulse.app                   W  backTitleVisible prop is not available on Android
2026-07-05 11:42:27.096  4199-4199  [RNScreens]             com.terrapulse.app                   W  backTitleFontFamily prop is not available on Android
2026-07-05 11:42:27.096  4199-4199  [RNScreens]             com.terrapulse.app                   W  largeTitleFontWeight prop is not available on Android
2026-07-05 11:42:27.096  4199-4199  [RNScreens]             com.terrapulse.app                   W  largeTitleHideShadow prop is not available on Android
2026-07-05 11:42:27.096  4199-4199  [RNScreens]             com.terrapulse.app                   W  disableBackButtonMenu prop is not available on Android
2026-07-05 11:42:27.096  4199-4199  [RNScreens]             com.terrapulse.app                   W  largeTitleFontFamily prop is not available on Android
2026-07-05 11:42:27.102  4199-4199  unknown:BridgelessReact com.terrapulse.app                   W  ReactHost{0}.onUserLeaveHint(activity)
2026-07-05 11:42:27.102  4199-4199  unknown:BridgelessReact com.terrapulse.app                   W  ReactHost{0}.onHostPause(activity)
2026-07-05 11:42:27.102  4199-4199  unknown:BridgelessReact com.terrapulse.app                   W  ReactContext.onHostPause()
2026-07-05 11:42:27.131  4199-4199  unknown:BridgelessReact com.terrapulse.app                   W  ReactHost{0}.onHostResume(activity)
2026-07-05 11:42:27.131  4199-4199  unknown:BridgelessReact com.terrapulse.app                   W  ReactContext.onHostResume()
2026-07-05 11:42:27.156  4199-4290  DefaultLoc...neProvider com.terrapulse.app                   D  DefaultLocationEngine will be used.
2026-07-05 11:42:27.165  4199-4199  BLASTBufferQueue_Java   com.terrapulse.app                   I  update, w= 1440 h= 3120 mName = VRI[MainActivity]@ead66bd mNativeObject= 0xb400006ff1606a60 sc.mNativeObject= 0xb400007131613d50 format= -1 caller= android.view.ViewRootImpl.updateBlastSurfaceIfNeeded:3894 android.view.ViewRootImpl.updateRenderTargetIfNeeded:3886 android.view.ViewRootImpl.relayoutWindow:12625 android.view.ViewRootImpl.performTraversals:5286 android.view.ViewRootImpl.doTraversal:4254 android.view.ViewRootImpl$TraversalCallback.onVsync:13884 
2026-07-05 11:42:27.165  4199-4199  VRI[MainAc...y]@ead66bd com.terrapulse.app                   I  Relayout returned: old=(0,0,1440,3120) new=(0,0,1440,3120) relayoutAsync=true req=(1440,3120)0 dur=1 res=0x0 s={true 0xb40000700162e690} ch=false seqId=0
2026-07-05 11:42:27.165  4199-4199  VRI[MainAc...y]@ead66bd com.terrapulse.app                   I  registerCallbackForPendingTransactions
2026-07-05 11:42:27.165  4199-4235  VRI[MainAc...y]@ead66bd com.terrapulse.app                   I  mWNT: t=0xb4000071f166b210 fn= 127 HdrRenderState mRenderHdrSdrRatio=1.0 caller= android.view.ViewRootImpl$10.onFrameDraw:7102 android.view.ViewRootImpl$4.onFrameDraw:2700 android.view.ThreadedRenderer$1.onFrameDraw:750 
2026-07-05 11:42:27.170  4199-4416  nativeloader            com.terrapulse.app                   D  Load /data/app/~~TSHtpAM3Zt_dcOzT2b_rZA==/com.terrapulse.app-M-Jd1bULM_3HBuvyGuXAQQ==/base.apk!/lib/arm64-v8a/libimagepipeline.so using class loader ns clns-9 (caller=/data/app/~~TSHtpAM3Zt_dcOzT2b_rZA==/com.terrapulse.app-M-Jd1bULM_3HBuvyGuXAQQ==/base.apk!classes4.dex): ok
2026-07-05 11:42:27.171  4199-4417  Kumiho-Kumiho           com.terrapulse.app                   I  getPackageName: com.terrapulse.app
2026-07-05 11:42:27.171  4199-4416  Kumiho-Kumiho           com.terrapulse.app                   I  getPackageName: com.terrapulse.app
2026-07-05 11:42:27.171  4199-4417  Kumiho-Kumiho           com.terrapulse.app                   E  updateList: Failed to read policy, trying default path
2026-07-05 11:42:27.172  4199-4417  Kumiho-Kumiho           com.terrapulse.app                   D  updateList: Adding package 'com.whatsapp' to third-party list
2026-07-05 11:42:27.172  4199-4417  Kumiho-Kumiho           com.terrapulse.app                   D  updateList: Adding package 'com.facebook.orca' to third-party list
2026-07-05 11:42:27.172  4199-4417  Kumiho-Kumiho           com.terrapulse.app                   D  updateList: Adding package 'org.telegram.messenger' to third-party list
2026-07-05 11:42:27.172  4199-4417  Kumiho-Kumiho           com.terrapulse.app                   D  updateList: Adding package 'com.kakao.talk' to third-party list
2026-07-05 11:42:27.172  4199-4417  Kumiho-Kumiho           com.terrapulse.app                   D  updateList: Adding package 'jp.naver.line.android' to third-party list
2026-07-05 11:42:27.172  4199-4417  Kumiho-Kumiho           com.terrapulse.app                   D  updateList: Adding package 'com.discord' to third-party list
2026-07-05 11:42:27.172  4199-4417  Kumiho-Kumiho           com.terrapulse.app                   D  updateList: Adding package 'com.tencent.mm' to third-party list
2026-07-05 11:42:27.172  4199-4417  Kumiho-Kumiho           com.terrapulse.app                   D  updateList: Adding package 'com.snapchat.android' to third-party list
2026-07-05 11:42:27.173  4199-4443  Kumiho-Kumiho           com.terrapulse.app                   I  getPackageName: com.terrapulse.app
2026-07-05 11:42:27.173  4199-4443  Kumiho-Kumiho           com.terrapulse.app                   I  getPackageName: com.terrapulse.app
2026-07-05 11:42:27.173  4199-4444  Kumiho-Kumiho           com.terrapulse.app                   I  getPackageName: com.terrapulse.app
2026-07-05 11:42:27.173  4199-4444  Kumiho-Kumiho           com.terrapulse.app                   I  getPackageName: com.terrapulse.app
2026-07-05 11:42:27.175  4199-4199  SV[2056388...nActivity] com.terrapulse.app                   I  onWindowVisibilityChanged(0) true org.maplibre.android.maps.renderer.surfaceview.MapLibreGLSurfaceView{c41cc96 V.E...... ......I. 0,0-0,0} of VRI[MainActivity]@ead66bd
2026-07-05 11:42:27.179  4199-4199  BLASTBufferQueue_Java   com.terrapulse.app                   I  update, w= 1440 h= 3120 mName = VRI[MainActivity]@ead66bd mNativeObject= 0xb400006ff1606a60 sc.mNativeObject= 0xb400007131613d50 format= -3 caller= android.view.ViewRootImpl.updateBlastSurfaceIfNeeded:3894 android.view.ViewRootImpl.updateRenderTargetIfNeeded:3886 android.view.ViewRootImpl.relayoutWindow:12625 android.view.ViewRootImpl.performTraversals:5286 android.view.ViewRootImpl.doTraversal:4254 android.view.ViewRootImpl$TraversalCallback.onVsync:13884 
2026-07-05 11:42:27.179  4199-4199  VRI[MainAc...y]@ead66bd com.terrapulse.app                   I  Relayout returned: old=(0,0,1440,3120) new=(0,0,1440,3120) relayoutAsync=true req=(1440,3120)0 dur=0 res=0x0 s={true 0xb40000700162e690} ch=false seqId=0
