2026-07-05 11:42:02.777  4113-6663  PackageConfigPersister  system_server                        W  App-specific configuration not found for packageName: com.android.settings and userId: 0
2026-07-05 11:42:02.778  4113-6663  SGM:GameManager         system_server                        D  identifyGamePackage. com.android.settings, mCurrentUserId: 0, callingMethodInfo: com.samsung.android.game.SemGameManager.isGamePackage(SemGameManager.java:106)
2026-07-05 11:42:02.778  4113-6663  SGM:SemGameManager      system_server                        D  isGamePackage(), pkgName=com.android.settings, ret=false
2026-07-05 11:42:02.839  4113-11118 PackageConfigPersister  system_server                        W  App-specific configuration not found for packageName: com.android.settings and userId: 0
2026-07-05 11:42:02.876  3013-3225  thermal_core            ven...sung.hardware.thermal-service  I  pivot(AP) : 288, skin : 298
2026-07-05 11:42:02.876  3013-3225  vendor.sam...al-service ven...sung.hardware.thermal-service  I  index = -10.000000
2026-07-05 11:42:02.876  3013-3225  vendor.sam...al-service ven...sung.hardware.thermal-service  I  10 / 10
2026-07-05 11:42:02.897  2971-25988 AHAL_ModulePrimary_QTI  audiohalservice.qti                  D  getVendorParameters: id count: 1
2026-07-05 11:42:02.897  2971-23629 AHAL_ModulePrimary_QTI  audiohalservice.qti                  D  getVendorParameters: id count: 1
2026-07-05 11:42:02.898 11134-12391 SDHMS:y                 com.sec.android.sdhms                I  SIOP:: AP:288 BAT:278 USB:276 CHG:291 DC:292 PA:293 WIFI:290 CF:287 BLK:0 SUBBAT:0 LRPTHM:283 SKIN:297 SKINF:296 SKINB:297 LRP:297 LRF:296 LRB:297 APT:296 APR:297 RCV:296 SPK:289 UPSPK:284 DNSPK:274 VAP:298 VWIFI:295 AMB2:244 HIGH:0 AVGCUR:1235 AVGSYS:150 POWER:4739
2026-07-05 11:42:02.899 11134-12391 AudioManager            com.sec.android.sdhms                I  setParameters keyValuePairs = g_hw_speaker_amp_temp_spk=29
2026-07-05 11:42:02.899  3046-10379 AudioFlinger            audioserver                          D  setParameters: filtered dev setParameters keyvalue g_hw_speaker_amp_temp_spk=29
2026-07-05 11:42:02.900  2971-25988 PAL: API                audiohalservice.qti                  I  pal_set_param: 1406: Enter: param id 3002
2026-07-05 11:42:02.900  2971-25988 PAL: ResourceManager    audiohalservice.qti                  I  getActiveStream_l: 4513: no active streams found for device 3 ret -2
2026-07-05 11:42:02.900  3046-10379 DeviceHalAidl           audioserver                          E  Function: parseAndSetVendorParameters Line: 416 Failed 
2026-07-05 11:42:18.503  3784-3784  nativeloader            com.terrapulse.app                   D  Load libframework-connectivity-tiramisu-jni.so using APEX ns com_android_tethering for caller /apex/com.android.tethering/javalib/framework-connectivity-t.jar: ok
2026-07-05 11:42:18.537  3784-3784  nativeloader            com.terrapulse.app                   D  Configuring clns-9 for other apk /data/app/~~TSHtpAM3Zt_dcOzT2b_rZA==/com.terrapulse.app-M-Jd1bULM_3HBuvyGuXAQQ==/base.apk. target_sdk_version=36, uses_libraries=, library_path=/data/app/~~TSHtpAM3Zt_dcOzT2b_rZA==/com.terrapulse.app-M-Jd1bULM_3HBuvyGuXAQQ==/lib/arm64:/data/app/~~TSHtpAM3Zt_dcOzT2b_rZA==/com.terrapulse.app-M-Jd1bULM_3HBuvyGuXAQQ==/base.apk!/lib/arm64-v8a, permitted_path=/data:/mnt/expand:/data/user/0/com.terrapulse.app
2026-07-05 11:42:18.542  3784-3784  GraphicsEnvironment     com.terrapulse.app                   V  Currently set values for:
2026-07-05 11:42:18.542  3784-3784  GraphicsEnvironment     com.terrapulse.app                   V    angle_gl_driver_selection_pkgs=[]
2026-07-05 11:42:18.542  3784-3784  GraphicsEnvironment     com.terrapulse.app                   V    angle_gl_driver_selection_values=[]
2026-07-05 11:42:18.542  3784-3784  GraphicsEnvironment     com.terrapulse.app                   V  com.terrapulse.app is not listed in per-application setting
2026-07-05 11:42:18.542  3784-3784  GraphicsEnvironment     com.terrapulse.app                   V  No special selections for ANGLE, returning default driver choice
2026-07-05 11:42:18.542  3784-3784  GraphicsEnvironment     com.terrapulse.app                   V  App is not on the allowlist for updatable production driver.
2026-07-05 11:42:18.548  3784-3784  SoLoader                com.terrapulse.app                   W  Initializing SoLoader: 0
2026-07-05 11:42:18.548  3784-3784  SoLoader                com.terrapulse.app                   W  Recording new base apk path: /data/app/~~TSHtpAM3Zt_dcOzT2b_rZA==/com.terrapulse.app-M-Jd1bULM_3HBuvyGuXAQQ==/base.apk
                                                                                                    Previously recorded 0 base apk paths.
2026-07-05 11:42:18.548  3784-3784  SoLoader                com.terrapulse.app                   I  Preparing SO source: DirectorySoSource[root = /vendor/lib64 flags = 2]
2026-07-05 11:42:18.548  3784-3784  SoLoader                com.terrapulse.app                   I  Preparing SO source: DirectorySoSource[root = /system/lib64 flags = 2]
2026-07-05 11:42:18.548  3784-3784  SoLoader                com.terrapulse.app                   I  Preparing SO source: DirectApkSoSource[root = [/data/app/~~TSHtpAM3Zt_dcOzT2b_rZA==/com.terrapulse.app-M-Jd1bULM_3HBuvyGuXAQQ==/base.apk!/lib/arm64-v8a]]
2026-07-05 11:42:18.549  3784-3784  SoLoader                com.terrapulse.app                   I  Preparing SO source: ApplicationSoSource[DirectorySoSource[root = /data/app/~~TSHtpAM3Zt_dcOzT2b_rZA==/com.terrapulse.app-M-Jd1bULM_3HBuvyGuXAQQ==/lib/arm64 flags = 0]]
2026-07-05 11:42:18.549  3784-3784  SoLoader                com.terrapulse.app                   I  init finish: 4 SO sources prepared
2026-07-05 11:42:18.549  3784-3784  SoLoader                com.terrapulse.app                   W  SoLoader initialized: 8
2026-07-05 11:42:18.555  3784-3784  nativeloader            com.terrapulse.app                   D  Load /data/app/~~TSHtpAM3Zt_dcOzT2b_rZA==/com.terrapulse.app-M-Jd1bULM_3HBuvyGuXAQQ==/base.apk!/lib/arm64-v8a/libc++_shared.so using class loader ns clns-9 (caller=/data/app/~~TSHtpAM3Zt_dcOzT2b_rZA==/com.terrapulse.app-M-Jd1bULM_3HBuvyGuXAQQ==/base.apk!classes4.dex): ok
2026-07-05 11:42:18.557  3784-3784  nativeloader            com.terrapulse.app                   D  Load /data/app/~~TSHtpAM3Zt_dcOzT2b_rZA==/com.terrapulse.app-M-Jd1bULM_3HBuvyGuXAQQ==/base.apk!/lib/arm64-v8a/libjsi.so using class loader ns clns-9 (caller=/data/app/~~TSHtpAM3Zt_dcOzT2b_rZA==/com.terrapulse.app-M-Jd1bULM_3HBuvyGuXAQQ==/base.apk!classes4.dex): ok
2026-07-05 11:42:18.559  3784-3784  nativeloader            com.terrapulse.app                   D  Load /data/app/~~TSHtpAM3Zt_dcOzT2b_rZA==/com.terrapulse.app-M-Jd1bULM_3HBuvyGuXAQQ==/base.apk!/lib/arm64-v8a/libfbjni.so using class loader ns clns-9 (caller=/data/app/~~TSHtpAM3Zt_dcOzT2b_rZA==/com.terrapulse.app-M-Jd1bULM_3HBuvyGuXAQQ==/base.apk!classes4.dex): ok
2026-07-05 11:42:18.564  3784-3784  nativeloader            com.terrapulse.app                   D  Load /data/app/~~TSHtpAM3Zt_dcOzT2b_rZA==/com.terrapulse.app-M-Jd1bULM_3HBuvyGuXAQQ==/base.apk!/lib/arm64-v8a/libreactnative.so using class loader ns clns-9 (caller=/data/app/~~TSHtpAM3Zt_dcOzT2b_rZA==/com.terrapulse.app-M-Jd1bULM_3HBuvyGuXAQQ==/base.apk!classes4.dex): ok
2026-07-05 11:42:18.564  3784-3784  jni_lib_merge           com.terrapulse.app                   D  Entering merged library JNI_OnLoad.
2026-07-05 11:42:18.564  3784-3784  jni_lib_merge           com.terrapulse.app                   D  Preparing 12 pre-merged libs (including stub)
2026-07-05 11:42:18.564  3784-3784  jni_lib_merge           com.terrapulse.app                   D  Preparing to register libfabricjni_so.  onload_func: 0x6eb30e8edc
2026-07-05 11:42:18.564  3784-3784  jni_lib_merge           com.terrapulse.app                   D  Preparing to register libreact_devsupportjni_so.  onload_func: 0x6eb31b9f40
2026-07-05 11:42:18.564  3784-3784  jni_lib_merge           com.terrapulse.app                   D  Preparing to register libreact_featureflagsjni_so.  onload_func: 0x6eb31cc9f8
2026-07-05 11:42:18.564  3784-3784  jni_lib_merge           com.terrapulse.app                   D  Preparing to register libreact_newarchdefaults_so.  onload_func: 0x6eb31f1e30
2026-07-05 11:42:18.564  3784-3784  jni_lib_merge           com.terrapulse.app                   D  Preparing to register libreactnativeblob_so.  onload_func: 0x6eb32845b0
2026-07-05 11:42:18.564  3784-3784  jni_lib_merge           com.terrapulse.app                   D  Preparing to register libreactnativejni_so.  onload_func: 0x6eb329eb24
2026-07-05 11:42:18.564  3784-3784  jni_lib_merge           com.terrapulse.app                   D  Preparing to register libreactnativejni_common_so.  onload_func: 0x6eb32a5458
2026-07-05 11:42:18.564  3784-3784  jni_lib_merge           com.terrapulse.app                   D  Preparing to register librninstance_so.  onload_func: 0x6eb32c1070
2026-07-05 11:42:18.564  3784-3784  jni_lib_merge           com.terrapulse.app                   D  Preparing to register libturbomodulejsijni_so.  onload_func: 0x6eb33591a4
2026-07-05 11:42:18.564  3784-3784  jni_lib_merge           com.terrapulse.app                   D  Preparing to register libuimanagerjni_so.  onload_func: 0x6eb33607e0
2026-07-05 11:42:18.564  3784-3784  jni_lib_merge           com.terrapulse.app                   D  Preparing to register libyoga_so.  onload_func: 0x6eb3367da4
2026-07-05 11:42:18.564  3784-3784  jni_lib_merge           com.terrapulse.app                   D  About to register 11 actual methods.
2026-07-05 11:42:18.567  3784-3784  nativeloader            com.terrapulse.app                   D  Load /data/app/~~TSHtpAM3Zt_dcOzT2b_rZA==/com.terrapulse.app-M-Jd1bULM_3HBuvyGuXAQQ==/base.apk!/lib/arm64-v8a/libreact_codegen_rnscreens.so using class loader ns clns-9 (caller=/data/app/~~TSHtpAM3Zt_dcOzT2b_rZA==/com.terrapulse.app-M-Jd1bULM_3HBuvyGuXAQQ==/base.apk!classes4.dex): ok
2026-07-05 11:42:18.567  3784-3784  jni_lib_merge           com.terrapulse.app                   D  Entering merged library JNI_OnLoad.
2026-07-05 11:42:18.567  3784-3784  jni_lib_merge           com.terrapulse.app                   D  Preparing 12 pre-merged libs (including stub)
2026-07-05 11:42:18.567  3784-3784  jni_lib_merge           com.terrapulse.app                   D  Preparing to register libfabricjni_so.  onload_func: 0x6eb30e8edc
2026-07-05 11:42:18.567  3784-3784  jni_lib_merge           com.terrapulse.app                   D  Preparing to register libreact_devsupportjni_so.  onload_func: 0x6eb31b9f40
2026-07-05 11:42:18.567  3784-3784  jni_lib_merge           com.terrapulse.app                   D  Preparing to register libreact_featureflagsjni_so.  onload_func: 0x6eb31cc9f8
2026-07-05 11:42:18.567  3784-3784  jni_lib_merge           com.terrapulse.app                   D  Preparing to register libreact_newarchdefaults_so.  onload_func: 0x6eb31f1e30
2026-07-05 11:42:18.567  3784-3784  jni_lib_merge           com.terrapulse.app                   D  Preparing to register libreactnativeblob_so.  onload_func: 0x6eb32845b0
2026-07-05 11:42:18.567  3784-3784  jni_lib_merge           com.terrapulse.app                   D  Preparing to register libreactnativejni_so.  onload_func: 0x6eb329eb24
2026-07-05 11:42:18.567  3784-3784  jni_lib_merge           com.terrapulse.app                   D  Preparing to register libreactnativejni_common_so.  onload_func: 0x6eb32a5458
2026-07-05 11:42:18.567  3784-3784  jni_lib_merge           com.terrapulse.app                   D  Preparing to register librninstance_so.  onload_func: 0x6eb32c1070
2026-07-05 11:42:18.567  3784-3784  jni_lib_merge           com.terrapulse.app                   D  Preparing to register libturbomodulejsijni_so.  onload_func: 0x6eb33591a4
2026-07-05 11:42:18.567  3784-3784  jni_lib_merge           com.terrapulse.app                   D  Preparing to register libuimanagerjni_so.  onload_func: 0x6eb33607e0
2026-07-05 11:42:18.567  3784-3784  jni_lib_merge           com.terrapulse.app                   D  Preparing to register libyoga_so.  onload_func: 0x6eb3367da4
2026-07-05 11:42:18.567  3784-3784  jni_lib_merge           com.terrapulse.app                   D  About to register 11 actual methods.
2026-07-05 11:42:18.569  3784-3784  nativeloader            com.terrapulse.app                   D  Load /data/app/~~TSHtpAM3Zt_dcOzT2b_rZA==/com.terrapulse.app-M-Jd1bULM_3HBuvyGuXAQQ==/base.apk!/lib/arm64-v8a/libreact_codegen_rnsvg.so using class loader ns clns-9 (caller=/data/app/~~TSHtpAM3Zt_dcOzT2b_rZA==/com.terrapulse.app-M-Jd1bULM_3HBuvyGuXAQQ==/base.apk!classes4.dex): ok
2026-07-05 11:42:18.569  3784-3784  jni_lib_merge           com.terrapulse.app                   D  Entering merged library JNI_OnLoad.
2026-07-05 11:42:18.569  3784-3784  jni_lib_merge           com.terrapulse.app                   D  Preparing 12 pre-merged libs (including stub)
2026-07-05 11:42:18.569  3784-3784  jni_lib_merge           com.terrapulse.app                   D  Preparing to register libfabricjni_so.  onload_func: 0x6eb30e8edc
2026-07-05 11:42:18.569  3784-3784  jni_lib_merge           com.terrapulse.app                   D  Preparing to register libreact_devsupportjni_so.  onload_func: 0x6eb31b9f40
2026-07-05 11:42:18.569  3784-3784  jni_lib_merge           com.terrapulse.app                   D  Preparing to register libreact_featureflagsjni_so.  onload_func: 0x6eb31cc9f8
2026-07-05 11:42:18.569  3784-3784  jni_lib_merge           com.terrapulse.app                   D  Preparing to register libreact_newarchdefaults_so.  onload_func: 0x6eb31f1e30
2026-07-05 11:42:18.569  3784-3784  jni_lib_merge           com.terrapulse.app                   D  Preparing to register libreactnativeblob_so.  onload_func: 0x6eb32845b0
2026-07-05 11:42:18.569  3784-3784  jni_lib_merge           com.terrapulse.app                   D  Preparing to register libreactnativejni_so.  onload_func: 0x6eb329eb24
2026-07-05 11:42:18.569  3784-3784  jni_lib_merge           com.terrapulse.app                   D  Preparing to register libreactnativejni_common_so.  onload_func: 0x6eb32a5458
2026-07-05 11:42:18.569  3784-3784  jni_lib_merge           com.terrapulse.app                   D  Preparing to register librninstance_so.  onload_func: 0x6eb32c1070
2026-07-05 11:42:18.569  3784-3784  jni_lib_merge           com.terrapulse.app                   D  Preparing to register libturbomodulejsijni_so.  onload_func: 0x6eb33591a4
2026-07-05 11:42:18.569  3784-3784  jni_lib_merge           com.terrapulse.app                   D  Preparing to register libuimanagerjni_so.  onload_func: 0x6eb33607e0
2026-07-05 11:42:18.569  3784-3784  jni_lib_merge           com.terrapulse.app                   D  Preparing to register libyoga_so.  onload_func: 0x6eb3367da4
2026-07-05 11:42:18.569  3784-3784  jni_lib_merge           com.terrapulse.app                   D  About to register 11 actual methods.
2026-07-05 11:42:18.570  3784-3784  nativeloader            com.terrapulse.app                   D  Load /data/app/~~TSHtpAM3Zt_dcOzT2b_rZA==/com.terrapulse.app-M-Jd1bULM_3HBuvyGuXAQQ==/base.apk!/lib/arm64-v8a/libreact_codegen_safeareacontext.so using class loader ns clns-9 (caller=/data/app/~~TSHtpAM3Zt_dcOzT2b_rZA==/com.terrapulse.app-M-Jd1bULM_3HBuvyGuXAQQ==/base.apk!classes4.dex): ok
2026-07-05 11:42:18.573  3784-3784  nativeloader            com.terrapulse.app                   D  Load /data/app/~~TSHtpAM3Zt_dcOzT2b_rZA==/com.terrapulse.app-M-Jd1bULM_3HBuvyGuXAQQ==/base.apk!/lib/arm64-v8a/libappmodules.so using class loader ns clns-9 (caller=/data/app/~~TSHtpAM3Zt_dcOzT2b_rZA==/com.terrapulse.app-M-Jd1bULM_3HBuvyGuXAQQ==/base.apk!classes4.dex): ok
2026-07-05 11:42:18.574  3784-3784  DesktopExperienceFlags  com.terrapulse.app                   D  Toggle override initialized to: false
2026-07-05 11:42:18.575  3784-3784  ActivityThread          com.terrapulse.app                   D  com.terrapulse.app will use render engine as VK
2026-07-05 11:42:18.575  3784-3784  HWUI                    com.terrapulse.app                   D  HWUI - treat SMPTE_170M as sRGB
2026-07-05 11:42:18.575  3784-3829  DisplayManager          com.terrapulse.app                   I  Choreographer implicitly registered for the refresh rate.
2026-07-05 11:42:18.576  3784-3784  AppCompatDelegate       com.terrapulse.app                   D  Checking for metadata for AppLocalesMetadataHolderService : Service not found
2026-07-05 11:42:18.577  3784-3829  HWUI                    com.terrapulse.app                   D  CacheManager constructor. deviceInfo=(1080, 1920)
2026-07-05 11:42:18.577  3784-3829  vulkan                  com.terrapulse.app                   D  searching for layers in '/data/app/~~TSHtpAM3Zt_dcOzT2b_rZA==/com.terrapulse.app-M-Jd1bULM_3HBuvyGuXAQQ==/lib/arm64'
2026-07-05 11:42:18.577  3784-3829  vulkan                  com.terrapulse.app                   D  searching for layers in '/data/app/~~TSHtpAM3Zt_dcOzT2b_rZA==/com.terrapulse.app-M-Jd1bULM_3HBuvyGuXAQQ==/base.apk!/lib/arm64-v8a'
2026-07-05 11:42:18.582  3784-3829  Adreno-AppProfiles      com.terrapulse.app                   E  QSPM AIDL service doesn't exist
2026-07-05 11:42:18.582  3784-3829  AdrenoVK-0              com.terrapulse.app                   I  ===== BEGIN DUMP OF OVERRIDDEN SETTINGS =====
2026-07-05 11:42:18.582  3784-3829  AdrenoVK-0              com.terrapulse.app                   I  ===== END DUMP OF OVERRIDDEN SETTINGS =====
2026-07-05 11:42:18.582  3784-3829  Adreno-AppProfiles      com.terrapulse.app                   E  QSPM AIDL service doesn't exist
2026-07-05 11:42:18.582  3784-3829  AdrenoVK-0              com.terrapulse.app                   I  ===== BEGIN DUMP OF OVERRIDDEN SETTINGS =====
2026-07-05 11:42:18.582  3784-3829  AdrenoVK-0              com.terrapulse.app                   I  ===== END DUMP OF OVERRIDDEN SETTINGS =====
2026-07-05 11:42:18.583  3784-3784  CompatChangeReporter    com.terrapulse.app                   D  Compat change id reported: 377864165; UID 10519; state: ENABLED
2026-07-05 11:42:18.583  3784-3784  DecorView               com.terrapulse.app                   I  setWindowBackground: isPopOver=false color=ff303030 d=android.graphics.drawable.ColorDrawable@d96d816
2026-07-05 11:42:18.583  3784-3829  qdgralloc               com.terrapulse.app                   D  Fetching IMapper5 from QtiMapper5
2026-07-05 11:42:18.586  3784-3784  WindowOnBackDispatcher  com.terrapulse.app                   W  OnBackInvokedCallback is not enabled for the application.
                                                                                                    Set 'android:enableOnBackInvokedCallback="true"' in the application manifest.
2026-07-05 11:42:18.587  3784-3784  ViewRootImpl            com.terrapulse.app                   D  desktopMode is false
2026-07-05 11:42:18.588  3784-3784  ViewRootImpl            com.terrapulse.app                   I  dVRR is enabled
2026-07-05 11:42:18.588  3784-3784  HardwareRenderer        com.terrapulse.app                   D  onDisplayChanged. displayId=0 current wxh=1440x3120 mLargest wxh=0x0
2026-07-05 11:42:18.588  3784-3784  HardwareRenderer        com.terrapulse.app                   D  Set largestWidth and largestHeight as logical resolution. (1440x3120)
2026-07-05 11:42:18.589  3784-3829  SnapAlloc               com.terrapulse.app                   I  Graphics lib is available
2026-07-05 11:42:18.589  3784-3853  qdgralloc               com.terrapulse.app                   D  Fetching IMapper5 from QtiMapper5
2026-07-05 11:42:18.593  3784-3829  AdrenoVK-0              com.terrapulse.app                   I  QUALCOMM build          : 2e66171171, I1fac26e44e
                                                                                                    Build Date              : 05/01/26
                                                                                                    Shader Compiler Version : E031.50.19.27
                                                                                                    Local Branch            : 
                                                                                                    Remote Branch           : refs/tags/AU_LINUX_ANDROID_LA.VENDOR.16.2.0.11.00.00.1195.619
                                                                                                    Remote Branch           : NONE
                                                                                                    Reconstruct Branch      : NOTHING
2026-07-05 11:42:18.593  3784-3829  AdrenoVK-0              com.terrapulse.app                   I  Build Config            : C P 20.0.0 AArch64
2026-07-05 11:42:18.593  3784-3829  AdrenoVK-0              com.terrapulse.app                   I  Driver Path             : /vendor/lib64/hw/vulkan.adreno.so
2026-07-05 11:42:18.593  3784-3829  AdrenoVK-0              com.terrapulse.app                   I  Driver Version          : 0842.19.11
2026-07-05 11:42:18.593  3784-3829  AdrenoVK-0              com.terrapulse.app                   I  PFP                     : 0x01510594
2026-07-05 11:42:18.593  3784-3829  AdrenoVK-0              com.terrapulse.app                   I  ME                      : 0x01510025
2026-07-05 11:42:18.593  3784-3829  AdrenoVK-0              com.terrapulse.app                   I  Application Name    : android framework
                                                                                                    Process Name        : com.terrapulse.app
                                                                                                    Application Version : 0x00000000
                                                                                                    Engine Name         : android framework
                                                                                                    Engine Version      : 0x00000000
                                                                                                    Api Version         : 0x00401000
2026-07-05 11:42:18.596  3784-3829  HWUI                    com.terrapulse.app                   D  setMaxSurfaceArea requested wxh=(1440,3120) requestedSurfaceArea(4492800) mMaxSurfaceArea(2073600)
2026-07-05 11:42:18.596  3784-3829  NativeCust...ncyManager com.terrapulse.app                   D  [NativeCFMS] BpCustomFrequencyManager::BpCustomFrequencyManager()
2026-07-05 11:42:18.597  3784-3834  dev.expo.updates        com.terrapulse.app                   I  {"timestamp":1783276938597,"message":"Updates state change: StartStartup, context = {isStartupProcedureRunning=true, isUpdateAvailable=false, isUpdatePending=false, isChecking=false, isDownloading=false, isRestarting=false, restartCount=0, downloadProgress=0.0, sequenceNumber=1}","code":"None","level":"info"}
2026-07-05 11:42:18.598  3784-3784  InputTransport          com.terrapulse.app                   D  Input channel constructed: '14467fd', fd=126
2026-07-05 11:42:18.598  3784-3784  InsetsController        com.terrapulse.app                   I  onStateChanged: host=com.terrapulse.app/com.terrapulse.app.MainActivity, from=android.view.ViewRootImpl.onInsetsStateChanged:3314, state=InsetsState: {mDisplayFrame=Rect(0, 0 - 1440, 3120), mDisplayCutout=DisplayCutout{insets=Rect(0, 139 - 0, 0) waterfall=Insets{left=0, top=0, right=0, bottom=0} boundingRect={Bounds=[Rect(0, 0 - 0, 0), Rect(680, 0 - 760, 139), Rect(0, 0 - 0, 0), Rect(0, 0 - 0, 0)]} cutoutPathParserInfo={CutoutPathParserInfo{displayWidth=1440 displayHeight=3120 physicalDisplayWidth=1440 physicalDisplayHeight=3120 density={3.75} cutoutSpec={M 0,0 H -10.66666666666667 V 37.06666666666667 H 10.66666666666667 V 0 H 0 Z @dp} rotation={0} scale={1.0} physicalPixelDisplaySizeRatio={1.0}}} sideOverrides={}}, mRoundedCorners=RoundedCorners{[RoundedCorner{position=TopLeft, radius=105, center=Point(105, 105)}, RoundedCorner{position=TopRight, radius=105, center=Point(1335, 105)}, RoundedCorner{position=BottomRight, radius=105, center=Point(1335, 3015)}, RoundedCorner{position=BottomLeft, radius=105, center=Point(105, 3015)}]}  mRoundedCornerFrame=Rect(0, 0 - 1440, 3120), mPrivacyIndicatorBounds=PrivacyIndicatorBounds {static bounds=Rect(1275, 0 - 1440, 149) rotation=0}, mDisplayShape=DisplayShape{type=2, displayWidth=1440, displayHeight=3120, physicalPixelDisplaySizeRatio=1.0, rotation=0, offsetX=0, offsetY=0, scale=1.0}, mSources= { InsetsSource: {b8a90001 mType=navigationBars mFrame=[0,2940][1440,3120] mAttachedInsets=null mVisible=true mFlags= mSideHint=BOTTOM}, InsetsSource: {b8a90004 mType=systemGestures mFrame=[0,0][0,0] mAttachedInsets=null mVisible=true mFlags= mSideHint=NONE}, InsetsSource: {b8a90005 mType=mandatorySystemGestures mFrame=[0,2940][1440,3120] mAttachedInsets=null mVisible=true mFlags= mSideHint=BOTTOM}, InsetsSource: {b8a90006 mType=tappableElement mFrame=[0,2940][1440,3120] mAttachedInsets=null mVisible=true mFlags= mSideHint=BOTTOM}, InsetsSource: {b8a90024 mType=systemGestures mFrame=[0,0][0,0] mAttachedInsets=null mVisible=true mFlags= mSideHint=NONE}, InsetsSource: {fa900000 mType=statusBars mFrame=[0,0][1440,149] mAttachedInsets=null mVisible=true mFlags= mSideHint=TOP}, InsetsSource: {fa900005 mType=mandatorySystemGestures mFrame=[0,0][1440,184] mAttachedInsets=null mVisible=true mFlags= mSideHint=TOP}, InsetsSource: {fa900006 mType=tappableElement mFrame=[0,0][1440,149] mAttachedInsets=null mVisible=true mFlags= mSideHint=TOP}, InsetsSource: {3 mType=ime mFrame=[0,0][0,0] mAttachedInsets=null mVisible=false mFlags=INVALID mSideHint=NONE}, InsetsSource: {27 mType=displayCutout mFrame=[0,0][1440,139] mAttachedInsets=null mVisible=true mFlags= mSideHint=TOP} }
2026-07-05 11:42:18.598  3784-3851  perf_hint               com.terrapulse.app                   E  Session ID too large, must fit 32-bit integer
2026-07-05 11:42:18.599  3784-3784  VRI[MainAc...y]@85084b2 com.terrapulse.app                   I  synced displayState. AttachInfo displayState=2
2026-07-05 11:42:18.599  3784-3784  VRI[MainAc...y]@85084b2 com.terrapulse.app                   I  setView = com.android.internal.policy.DecorView@a4e77ba IsHRR=false mFlingFrameRateChange=0 TM=true
2026-07-05 11:42:18.599  3784-3784  IDS_TAG                 com.terrapulse.app                   I  Starting IDS observe window
2026-07-05 11:42:18.599  3784-3784  IDS_TAG                 com.terrapulse.app                   I  Getting Shared Preference for com.terrapulse.app.MainApplication@28c2053 uid = 10519
2026-07-05 11:42:18.599  3784-3784  IDS_TAG                 com.terrapulse.app                   I  App com.terrapulse.app.MainApplication@28c2053 has not finished training
2026-07-05 11:42:18.599  3784-3784  IDS_TAG                 com.terrapulse.app                   I  Closing IDS observe window
2026-07-05 11:42:18.599  3784-3784  IDS_TAG                 com.terrapulse.app                   I  Getting Shared Preference for com.terrapulse.app.MainApplication@28c2053 uid = 10519
2026-07-05 11:42:18.600  3784-3784  IDS_TAG                 com.terrapulse.app                   I  IDS count updated to 6 for com.terrapulse.app.MainApplication@28c2053
2026-07-05 11:42:18.600  3784-3784  VRI[MainAc...y]@85084b2 com.terrapulse.app                   D  WindowInsets changed: 1440x3120 statusBars:[0,149,0,0] navigationBars:[0,0,0,180] mandatorySystemGestures:[0,184,0,180] 
2026-07-05 11:42:18.600  3784-3784  WindowOnBackDispatcher  com.terrapulse.app                   D  setTopOnBackInvokedCallback (unwrapped): android.view.ViewRootImpl$$ExternalSyntheticLambda17@63d6661
2026-07-05 11:42:18.601  3784-3784  VRI[MainAc...y]@85084b2 com.terrapulse.app                   D  applyPrivacyLayerOverlapPolicy: request=false
2026-07-05 11:42:18.601  3784-3784  VRI[MainAc...y]@85084b2 com.terrapulse.app                   D  applyPrivacyDisplayOverlapBounds: bounds=Rect(0, 0 - 0, 0)
2026-07-05 11:42:18.601  3784-3784  SurfaceComposerClient   com.terrapulse.app                   I  setPrivacyOverlapBounds VRI-com.terrapulse.app/com.terrapulse.app.MainActivity$_3784#179927 bounds=[0, 0, 0, 0]
2026-07-05 11:42:18.602  3784-3784  BufferQueueProducer     com.terrapulse.app                   E  Unable to open libpenguin.so: dlopen failed: library "libpenguin.so" not found.
2026-07-05 11:42:18.602  3784-3784  .terrapulse.app         com.terrapulse.app                   E  Unable to open libpenguin.so: dlopen failed: library "libpenguin.so" not found.
2026-07-05 11:42:18.602  3784-3784  Surface                 com.terrapulse.app                   I  Creating surface for consumer unnamed-3784-0 with slotExpansion=1 for 64 slots
2026-07-05 11:42:18.602  3784-3784  BufferQueueProducer     com.terrapulse.app                   I  [](id:ec800000000,api:0,p:0,c:3784) setDequeueTimeout:2077252342
2026-07-05 11:42:18.602  3784-3784  BLASTBufferQueue_Java   com.terrapulse.app                   I  new BLASTBufferQueue, mName= VRI[MainActivity]@85084b2 mNativeObject= 0xb400006ff1639730 caller= android.view.ViewRootImpl.updateBlastSurfaceIfNeeded:3905 android.view.ViewRootImpl.updateRenderTargetIfNeeded:3886 android.view.ViewRootImpl.relayoutWindow:12625 android.view.ViewRootImpl.performTraversals:5286 android.view.ViewRootImpl.doTraversal:4254 android.view.ViewRootImpl$TraversalCallback.onVsync:13884 android.view.Choreographer$CallbackRecord.run:1995 android.view.Choreographer.doCallbacks:1440 android.view.Choreographer.doFrame:1393 android.view.Choreographer$FrameDisplayEventReceiver.run:1957 
2026-07-05 11:42:18.602  3784-3784  BLASTBufferQueue_Java   com.terrapulse.app                   I  update, w= 1440 h= 3120 mName = VRI[MainActivity]@85084b2 mNativeObject= 0xb400006ff1639730 sc.mNativeObject= 0xb4000071316141d0 format= -1 caller= android.view.ViewRootImpl.updateBlastSurfaceIfNeeded:3910 android.view.ViewRootImpl.updateRenderTargetIfNeeded:3886 android.view.ViewRootImpl.relayoutWindow:12625 android.view.ViewRootImpl.performTraversals:5286 android.view.ViewRootImpl.doTraversal:4254 android.view.ViewRootImpl$TraversalCallback.onVsync:13884 
2026-07-05 11:42:18.602  3784-3784  Surface                 com.terrapulse.app                   I  Creating surface for consumer VRI[MainActivity]@85084b2#0(BLAST Consumer)0 with slotExpansion=1 for 64 slots
2026-07-05 11:42:18.602  3784-3784  SurfaceComposerClient   com.terrapulse.app                   I  [GC_PD] apply eCanOverlapPrivacyLayer layerId=179927 eCanOverlapPrivacyLayer=0 flags=0x2000 mask=0x20002000
2026-07-05 11:42:18.602  3784-3784  VRI[MainAc...y]@85084b2 com.terrapulse.app                   I  Relayout returned: old=(0,0,1440,3120) new=(0,0,1440,3120) relayoutAsync=false req=(1440,3120)0 dur=1 res=0x3 s={true 0xb400007001630050} ch=true seqId=0
2026-07-05 11:42:18.602  3784-3784  VRI[MainAc...y]@85084b2 com.terrapulse.app                   D  reportNextDraw android.view.ViewRootImpl.performTraversals:5294 android.view.ViewRootImpl.doTraversal:4254 android.view.ViewRootImpl$TraversalCallback.onVsync:13884 android.view.Choreographer$CallbackRecord.run:1995 android.view.Choreographer.doCallbacks:1440 
2026-07-05 11:42:18.602  3784-3784  VRI[MainAc...y]@85084b2 com.terrapulse.app                   D  applyTransactionOnDraw applyImmediately
2026-07-05 11:42:18.602  3784-3784  VRI[MainAc...y]@85084b2 com.terrapulse.app                   I  performConfigurationChange setNightDimText nightDimLevel=0
2026-07-05 11:42:18.602  3784-3784  VRI[MainAc...y]@85084b2 com.terrapulse.app                   D  mThreadedRenderer.initialize() mSurface={isValid=true 0xb400007001630050} hwInitialized=true
2026-07-05 11:42:18.602  3784-3784  VRI[MainAc...y]@85084b2 com.terrapulse.app                   D  reportNextDraw android.view.ViewRootImpl.performTraversals:5934 android.view.ViewRootImpl.doTraversal:4254 android.view.ViewRootImpl$TraversalCallback.onVsync:13884 android.view.Choreographer$CallbackRecord.run:1995 android.view.Choreographer.doCallbacks:1440 
2026-07-05 11:42:18.602  3784-3784  VRI[MainAc...y]@85084b2 com.terrapulse.app                   D  Canceling draw. cancelDueToPreDrawListener=true cancelDueToSync=false
2026-07-05 11:42:18.602  3784-3784  VRI[MainAc...y]@85084b2 com.terrapulse.app                   D  call clearFrameRate
2026-07-05 11:42:18.603  3784-3829  HWUI                    com.terrapulse.app                   D  CacheManager::trimMemory(20)
2026-07-05 11:42:18.605  3784-3834  dev.expo.updates        com.terrapulse.app                   I  {"timestamp":1783276938605,"message":"embeddedAssetFileMap: embeddedAssets count = 69","code":"None","level":"info"}
2026-07-05 11:42:18.605  3784-3834  dev.expo.updates        com.terrapulse.app                   I  {"timestamp":1783276938605,"message":"embeddedAssetFileMap: 778ffc9fe8773a878e9c30a6304784de,png => file:\/\/\/android_res\/drawable-mdpi\/__node_modules_pnpm_reactnavigationelements2925_reactnavigationnative733_reactnative0815_pa_0d84a6d00ff91abe1cc44e07a87060a6_node_modules_reactnavigation_elements_lib_module_assets_backicon.png","code":"None","level":"info"}
2026-07-05 11:42:18.605  3784-3834  dev.expo.updates        com.terrapulse.app                   I  {"timestamp":1783276938605,"message":"embeddedAssetFileMap: c79c3606a1cf168006ad3979763c7e0c,png => file:\/\/\/android_res\/drawable-xhdpi\/__node_modules_pnpm_reactnavigationelements2925_reactnavigationnative733_reactnative0815_pa_0d84a6d00ff91abe1cc44e07a87060a6_node_modules_reactnavigation_elements_lib_module_assets_backicon.png","code":"None","level":"info"}
2026-07-05 11:42:18.606  3784-3834  dev.expo.updates        com.terrapulse.app                   I  {"timestamp":1783276938606,"message":"embeddedAssetFileMap: 02bc1fa7c0313217bde2d65ccbff40c9,png => file:\/\/\/android_res\/drawable-xxhdpi\/__node_modules_pnpm_reactnavigationelements2925_reactnavigationnative733_reactnative0815_pa_0d84a6d00ff91abe1cc44e07a87060a6_node_modules_reactnavigation_elements_lib_module_assets_backicon.png","code":"None","level":"info"}
2026-07-05 11:42:18.606  3784-3834  dev.expo.updates        com.terrapulse.app                   I  {"timestamp":1783276938606,"message":"embeddedAssetFileMap: 35ba0eaec5a4f5ed12ca16fabeae451d,png => file:\/\/\/android_res\/drawable-xxxhdpi\/__node_modules_pnpm_reactnavigationelements2925_reactnavigationnative733_reactnative0815_pa_0d84a6d00ff91abe1cc44e07a87060a6_node_modules_reactnavigation_elements_lib_module_assets_backicon.png","code":"None","level":"info"}
2026-07-05 11:42:18.606  3784-3834  dev.expo.updates        com.terrapulse.app                   I  {"timestamp":1783276938606,"message":"embeddedAssetFileMap: 0a328cd9c1afd0afe8e3b1ec5165b1b4,png => file:\/\/\/android_res\/drawable\/__node_modules_pnpm_reactnavigationelements2925_reactnavigationnative733_reactnative0815_pa_0d84a6d00ff91abe1cc44e07a87060a6_node_modules_reactnavigation_elements_lib_module_assets_backiconmask.png","code":"None","level":"info"}
2026-07-05 11:42:18.606  3784-3834  dev.expo.updates        com.terrapulse.app                   I  {"timestamp":1783276938606,"message":"embeddedAssetFileMap: 3cd68ccdb8938e3711da2e8831b85493,png => file:\/\/\/android_res\/drawable-mdpi\/__node_modules_pnpm_reactnavigationelements2925_reactnavigationnative733_reactnative0815_pa_0d84a6d00ff91abe1cc44e07a87060a6_node_modules_reactnavigation_elements_lib_module_assets_clearicon.png","code":"None","level":"info"}
2026-07-05 11:42:18.606  3784-3834  dev.expo.updates        com.terrapulse.app                   I  {"timestamp":1783276938606,"message":"embeddedAssetFileMap: 61ca7e64b7d605716c57706cef640b9a,png => file:\/\/\/android_res\/drawable-mdpi\/__node_modules_pnpm_reactnavigationelements2925_reactnavigationnative733_reactnative0815_pa_0d84a6d00ff91abe1cc44e07a87060a6_node_modules_reactnavigation_elements_lib_module_assets_clearicon.png","code":"None","level":"info"}
2026-07-05 11:42:18.606  3784-3834  dev.expo.updates        com.terrapulse.app                   I  {"timestamp":1783276938606,"message":"embeddedAssetFileMap: aff2c65b39a296d4f7e96d0f58169170,png => file:\/\/\/android_res\/drawable-xhdpi\/__node_modules_pnpm_reactnavigationelements2925_reactnavigationnative733_reactnative0815_pa_0d84a6d00ff91abe1cc44e07a87060a6_node_modules_reactnavigation_elements_lib_module_assets_clearicon.png","code":"None","level":"info"}
2026-07-05 11:42:18.606  3784-3834  dev.expo.updates        com.terrapulse.app                   I  {"timestamp":1783276938606,"message":"embeddedAssetFileMap: d8e7601e3df962f83c62371ac14964d8,png => file:\/\/\/android_res\/drawable-xxhdpi\/__node_modules_pnpm_reactnavigationelements2925_reactnavigationnative733_reactnative0815_pa_0d84a6d00ff91abe1cc44e07a87060a6_node_modules_reactnavigation_elements_lib_module_assets_clearicon.png","code":"None","level":"info"}
2026-07-05 11:42:18.606  3784-3834  dev.expo.updates        com.terrapulse.app                   I  {"timestamp":1783276938606,"message":"embeddedAssetFileMap: 3cd68ccdb8938e3711da2e8831b85493,png => file:\/\/\/android_res\/drawable-xxxhdpi\/__node_modules_pnpm_reactnavigationelements2925_reactnavigationnative733_reactnative0815_pa_0d84a6d00ff91abe1cc44e07a87060a6_node_modules_reactnavigation_elements_lib_module_assets_clearicon.png","code":"None","level":"info"}
2026-07-05 11:42:18.606  3784-3834  dev.expo.updates        com.terrapulse.app                   I  {"timestamp":1783276938606,"message":"embeddedAssetFileMap: 0747a1317bbe9c6fc340b889ef8ab3ae,png => file:\/\/\/android_res\/drawable-mdpi\/__node_modules_pnpm_reactnavigationelements2925_reactnavigationnative733_reactnative0815_pa_0d84a6d00ff91abe1cc44e07a87060a6_node_modules_reactnavigation_elements_lib_module_assets_closeicon.png","code":"None","level":"info"}
2026-07-05 11:42:18.606  3784-3834  dev.expo.updates        com.terrapulse.app                   I  {"timestamp":1783276938606,"message":"embeddedAssetFileMap: d84e297c3b3e49a614248143d53e40ca,png => file:\/\/\/android_res\/drawable-mdpi\/__node_modules_pnpm_reactnavigationelements2925_reactnavigationnative733_reactnative0815_pa_0d84a6d00ff91abe1cc44e07a87060a6_node_modules_reactnavigation_elements_lib_module_assets_closeicon.png","code":"None","level":"info"}
2026-07-05 11:42:18.606  3784-3834  dev.expo.updates        com.terrapulse.app                   I  {"timestamp":1783276938606,"message":"embeddedAssetFileMap: 1190ab078c57159f4245a328118fcd9a,png => file:\/\/\/android_res\/drawable-xhdpi\/__node_modules_pnpm_reactnavigationelements2925_reactnavigationnative733_reactnative0815_pa_0d84a6d00ff91abe1cc44e07a87060a6_node_modules_reactnavigation_elements_lib_module_assets_closeicon.png","code":"None","level":"info"}
2026-07-05 11:42:18.606  3784-3834  dev.expo.updates        com.terrapulse.app                   I  {"timestamp":1783276938606,"message":"embeddedAssetFileMap: 78c625386b4d0690b421eb0fc78f7b9c,png => file:\/\/\/android_res\/drawable-xxhdpi\/__node_modules_pnpm_reactnavigationelements2925_reactnavigationnative733_reactnative0815_pa_0d84a6d00ff91abe1cc44e07a87060a6_node_modules_reactnavigation_elements_lib_module_assets_closeicon.png","code":"None","level":"info"}
2026-07-05 11:42:18.606  3784-3834  dev.expo.updates        com.terrapulse.app                   I  {"timestamp":1783276938606,"message":"embeddedAssetFileMap: 0747a1317bbe9c6fc340b889ef8ab3ae,png => file:\/\/\/android_res\/drawable-xxxhdpi\/__node_modules_pnpm_reactnavigationelements2925_reactnavigationnative733_reactnative0815_pa_0d84a6d00ff91abe1cc44e07a87060a6_node_modules_reactnavigation_elements_lib_module_assets_closeicon.png","code":"None","level":"info"}
2026-07-05 11:42:18.606  3784-3834  dev.expo.updates        com.terrapulse.app                   I  {"timestamp":1783276938606,"message":"embeddedAssetFileMap: 4403c6117ec30c859bc95d70ce4a71d3,png => file:\/\/\/android_res\/drawable-mdpi\/__node_modules_pnpm_reactnavigationelements2925_reactnavigationnative733_reactnative0815_pa_0d84a6d00ff91abe1cc44e07a87060a6_node_modules_reactnavigation_elements_lib_module_assets_searchicon.png","code":"None","level":"info"}
2026-07-05 11:42:18.606  3784-3834  dev.expo.updates        com.terrapulse.app                   I  {"timestamp":1783276938606,"message":"embeddedAssetFileMap: 069d99eb1fa6712c0b9034a58c6b57dd,png => file:\/\/\/android_res\/drawable-xhdpi\/__node_modules_pnpm_reactnavigationelements2925_reactnavigationnative733_reactnative0815_pa_0d84a6d00ff91abe1cc44e07a87060a6_node_modules_reactnavigation_elements_lib_module_assets_searchicon.png","code":"None","level":"info"}
2026-07-05 11:42:18.606  3784-3834  dev.expo.updates        com.terrapulse.app                   I  {"timestamp":1783276938606,"message":"embeddedAssetFileMap: c3273c9e5321f20d1e42c2efae2578c4,png => file:\/\/\/android_res\/drawable-xxhdpi\/__node_modules_pnpm_reactnavigationelements2925_reactnavigationnative733_reactnative0815_pa_0d84a6d00ff91abe1cc44e07a87060a6_node_modules_reactnavigation_elements_lib_module_assets_searchicon.png","code":"None","level":"info"}
2026-07-05 11:42:18.606  3784-3834  dev.expo.updates        com.terrapulse.app                   I  {"timestamp":1783276938606,"message":"embeddedAssetFileMap: 286d67d3f74808a60a78d3ebf1a5fb57,png => file:\/\/\/android_res\/drawable-xxxhdpi\/__node_modules_pnpm_reactnavigationelements2925_reactnavigationnative733_reactnative0815_pa_0d84a6d00ff91abe1cc44e07a87060a6_node_modules_reactnavigation_elements_lib_module_assets_searchicon.png","code":"None","level":"info"}
2026-07-05 11:42:18.606  3784-3834  dev.expo.updates        com.terrapulse.app                   I  {"timestamp":1783276938606,"message":"embeddedAssetFileMap: d1ea1496f9057eb392d5bbf3732a61b7,png => file:\/\/\/android_res\/drawable\/__node_modules_pnpm_exporouter6024_5c0397aa18279dcd1dfc42a86636c60d_node_modules_exporouter_assets_error.png","code":"None","level":"info"}
2026-07-05 11:42:18.607  3784-3834  dev.expo.updates        com.terrapulse.app                   I  {"timestamp":1783276938607,"message":"embeddedAssetFileMap: 19eeb73b9593a38f8e9f418337fc7d10,png => file:\/\/\/android_res\/drawable\/__node_modules_pnpm_exporouter6024_5c0397aa18279dcd1dfc42a86636c60d_node_modules_exporouter_assets_file.png","code":"None","level":"info"}
2026-07-05 11:42:18.607  3784-3834  dev.expo.updates        com.terrapulse.app                   I  {"timestamp":1783276938607,"message":"embeddedAssetFileMap: ab19f4cbc543357183a20571f68380a3,png => file:\/\/\/android_res\/drawable\/__node_modules_pnpm_exporouter6024_5c0397aa18279dcd1dfc42a86636c60d_node_modules_exporouter_assets_pkg.png","code":"None","level":"info"}
2026-07-05 11:42:18.607  3784-3834  dev.expo.updates        com.terrapulse.app                   I  {"timestamp":1783276938607,"message":"embeddedAssetFileMap: d8b800c443b8972542883e0b9de2bdc6,png => file:\/\/\/android_res\/drawable\/__node_modules_pnpm_exporouter6024_5c0397aa18279dcd1dfc42a86636c60d_node_modules_exporouter_assets_forward.png","code":"None","level":"info"}
2026-07-05 11:42:18.607  3784-3834  dev.expo.updates        com.terrapulse.app                   I  {"timestamp":1783276938607,"message":"embeddedAssetFileMap: 412dd9275b6b48ad28f5e3d81bb1f626,png => file:\/\/\/android_res\/drawable\/__node_modules_pnpm_exporouter6024_5c0397aa18279dcd1dfc42a86636c60d_node_modules_exporouter_assets_sitemap.png","code":"None","level":"info"}
2026-07-05 11:42:18.607  3784-3834  dev.expo.updates        com.terrapulse.app                   I  {"timestamp":1783276938607,"message":"embeddedAssetFileMap: 017bc6ba3fc25503e5eb5e53826d48a8,png => file:\/\/\/android_res\/drawable\/__node_modules_pnpm_exporouter6024_5c0397aa18279dcd1dfc42a86636c60d_node_modules_exporouter_assets_arrow_down.png","code":"None","level":"info"}
2026-07-05 11:42:18.607  3784-3834  dev.expo.updates        com.terrapulse.app                   I  {"timestamp":1783276938607,"message":"embeddedAssetFileMap: 20e71bdf79e3a97bf55fd9e164041578,png => file:\/\/\/android_res\/drawable\/__node_modules_pnpm_exporouter6024_5c0397aa18279dcd1dfc42a86636c60d_node_modules_exporouter_assets_unmatched.png","code":"None","level":"info"}
2026-07-05 11:42:18.607  3784-3834  dev.expo.updates        com.terrapulse.app                   I  {"timestamp":1783276938607,"message":"embeddedAssetFileMap: 3f78af31cca60105799838a1a7a59fbd,ttf => file:\/\/\/android_res\/raw\/__node_modules_pnpm_expovectoricons1511_expofont14012_expo54035_reactnative0815_patch_hash_4b719be74edd50855473c73fd0128942_node_modules_expo_vectoricons_build_vendor_reactnativevectoricons_fonts_antdesign.ttf","code":"None","level":"info"}
2026-07-05 11:42:18.607  3784-3834  dev.expo.updates        com.terrapulse.app                   I  {"timestamp":1783276938607,"message":"embeddedAssetFileMap: 31b5ffea3daddc69dd01a1f3d6cf63c5,ttf => file:\/\/\/android_res\/raw\/__node_modules_pnpm_expovectoricons1511_expofont14012_expo54035_reactnative0815_patch_hash_4b719be74edd50855473c73fd0128942_node_modules_expo_vectoricons_build_vendor_reactnativevectoricons_fonts_entypo.ttf","code":"None","level":"info"}
2026-07-05 11:42:18.607  3784-3834  dev.expo.updates        com.terrapulse.app                   I  {"timestamp":1783276938607,"message":"embeddedAssetFileMap: 140c53a7643ea949007aa9a282153849,ttf => file:\/\/\/android_res\/raw\/__node_modules_pnpm_expovectoricons1511_expofont14012_expo54035_reactnative0815_patch_hash_4b719be74edd50855473c73fd0128942_node_modules_expo_vectoricons_build_vendor_reactnativevectoricons_fonts_evilicons.ttf","code":"None","level":"info"}
2026-07-05 11:42:18.607  3784-3834  dev.expo.updates        com.terrapulse.app                   I  {"timestamp":1783276938607,"message":"embeddedAssetFileMap: ca4b48e04dc1ce10bfbddb262c8b835f,ttf => file:\/\/\/android_res\/raw\/__node_modules_pnpm_expovectoricons1511_expofont14012_expo54035_reactnative0815_patch_hash_4b719be74edd50855473c73fd0128942_node_modules_expo_vectoricons_build_vendor_reactnativevectoricons_fonts_feather.ttf","code":"None","level":"info"}
2026-07-05 11:42:18.607  3784-3834  dev.expo.updates        com.terrapulse.app                   I  {"timestamp":1783276938607,"message":"embeddedAssetFileMap: b49ae8ab2dbccb02c4d11caaacf09eab,ttf => file:\/\/\/android_res\/raw\/__node_modules_pnpm_expovectoricons1511_expofont14012_expo54035_reactnative0815_patch_hash_4b719be74edd50855473c73fd0128942_node_modules_expo_vectoricons_build_vendor_reactnativevectoricons_fonts_fontisto.ttf","code":"None","level":"info"}
2026-07-05 11:42:18.607  3784-3834  dev.expo.updates        com.terrapulse.app                   I  {"timestamp":1783276938607,"message":"embeddedAssetFileMap: b06871f281fee6b241d60582ae9369b9,ttf => file:\/\/\/android_res\/raw\/__node_modules_pnpm_expovectoricons1511_expofont14012_expo54035_reactnative0815_patch_hash_4b719be74edd50855473c73fd0128942_node_modules_expo_vectoricons_build_vendor_reactnativevectoricons_fonts_fontawesome.ttf","code":"None","level":"info"}
2026-07-05 11:42:18.607  3784-3834  dev.expo.updates        com.terrapulse.app                   I  {"timestamp":1783276938607,"message":"embeddedAssetFileMap: 1f77739ca9ff2188b539c36f30ffa2be,ttf => file:\/\/\/android_res\/raw\/__node_modules_pnpm_expovectoricons1511_expofont14012_expo54035_reactnative0815_patch_hash_4b719be74edd50855473c73fd0128942_node_modules_expo_vectoricons_build_vendor_reactnativevectoricons_fonts_fontawesome5_regular.ttf","code":"None","level":"info"}
2026-07-05 11:42:18.607  3784-3834  dev.expo.updates        com.terrapulse.app                   I  {"timestamp":1783276938607,"message":"embeddedAssetFileMap: 605ed7926cf39a2ad5ec2d1f9d391d3d,ttf => file:\/\/\/android_res\/raw\/__node_modules_pnpm_expovectoricons1511_expofont14012_expo54035_reactnative0815_patch_hash_4b719be74edd50855473c73fd0128942_node_modules_expo_vectoricons_build_vendor_reactnativevectoricons_fonts_fontawesome5_solid.ttf","code":"None","level":"info"}
2026-07-05 11:42:18.607  3784-3834  dev.expo.updates        com.terrapulse.app                   I  {"timestamp":1783276938607,"message":"embeddedAssetFileMap: 3b89dd103490708d19a95adcae52210e,ttf => file:\/\/\/android_res\/raw\/__node_modules_pnpm_expovectoricons1511_expofont14012_expo54035_reactnative0815_patch_hash_4b719be74edd50855473c73fd0128942_node_modules_expo_vectoricons_build_vendor_reactnativevectoricons_fonts_fontawesome5_brands.ttf","code":"None","level":"info"}
2026-07-05 11:42:18.607  3784-3834  dev.expo.updates        com.terrapulse.app                   I  {"timestamp":1783276938607,"message":"embeddedAssetFileMap: 370dd5af19f8364907b6e2c41f45dbbf,ttf => file:\/\/\/android_res\/raw\/__node_modules_pnpm_expovectoricons1511_expofont14012_expo54035_reactnative0815_patch_hash_4b719be74edd50855473c73fd0128942_node_modules_expo_vectoricons_build_vendor_reactnativevectoricons_fonts_fontawesome6_regular.ttf","code":"None","level":"info"}
2026-07-05 11:42:18.607  3784-3834  dev.expo.updates        com.terrapulse.app                   I  {"timestamp":1783276938607,"message":"embeddedAssetFileMap: adec7d6f310bc577f05e8fe06a5daccf,ttf => file:\/\/\/android_res\/raw\/__node_modules_pnpm_expovectoricons1511_expofont14012_expo54035_reactnative0815_patch_hash_4b719be74edd50855473c73fd0128942_node_modules_expo_vectoricons_build_vendor_reactnativevectoricons_fonts_fontawesome6_solid.ttf","code":"None","level":"info"}
2026-07-05 11:42:18.607  3784-3834  dev.expo.updates        com.terrapulse.app                   I  {"timestamp":1783276938607,"message":"embeddedAssetFileMap: 56c8d80832e37783f12c05db7c8849e2,ttf => file:\/\/\/android_res\/raw\/__node_modules_pnpm_expovectoricons1511_expofont14012_expo54035_reactnative0815_patch_hash_4b719be74edd50855473c73fd0128942_node_modules_expo_vectoricons_build_vendor_reactnativevectoricons_fonts_fontawesome6_brands.ttf","code":"None","level":"info"}
