                                                                                                    workLoopSync@1:280295
                                                                                                    renderRootSync@1:280127
                                                                                                    performWorkOnRoot@1:277772
                                                                                                    performSyncWorkOnRoot@1:231559
                                                                                                    flushSyncWorkAcrossRoots_impl@1:230450
                                                                                                    processRootScheduleInMicrotask@1:230810
                                                                                                    anonymous@1:231654
2026-07-05 11:42:28.925  4199-4199  SV[2056388...nActivity] com.terrapulse.app                   I  onWindowVisibilityChanged(8) false org.maplibre.android.maps.renderer.surfaceview.MapLibreGLSurfaceView{c41cc96 V.E...... ........ 0,0-1440,3120} of VRI[MainActivity]@ead66bd
2026-07-05 11:42:28.925  4199-4199  SurfaceView             com.terrapulse.app                   I  205638806 Changes: creating=false format=false size=false visible=true alpha=false hint=false left=false top=false z=false attached=true lifecycleStrategy=false blurRegionsChanged=false
2026-07-05 11:42:28.925  4199-4199  SurfaceView             com.terrapulse.app                   I  205638806 Cur surface: Surface(name=null mNativeObject=-5476376665817586048)/@0x5322a85
2026-07-05 11:42:28.925  4199-4199  SurfaceView             com.terrapulse.app                   I  205638806 surfaceDestroyed
2026-07-05 11:42:28.925  4199-4199  SV[2056388...nActivity] com.terrapulse.app                   I  surfaceDestroyed callback.size 1 #2 org.maplibre.android.maps.renderer.surfaceview.MapLibreGLSurfaceView{c41cc96 V.E...... ........ 0,0-1440,3120}
2026-07-05 11:42:28.925  4199-4199  SV[2056388...nActivity] com.terrapulse.app                   I  updateSurface: mVisible = false mSurface.isValid() = true
2026-07-05 11:42:28.926  4199-4199  SV[2056388...nActivity] com.terrapulse.app                   I  releaseSurfaces: viewRoot = VRI[MainActivity]@ead66bd
2026-07-05 11:42:28.926  4199-4199  SurfaceView             com.terrapulse.app                   V  Layout: x=0 y=0 w=1440 h=3120, frame=Rect(0, 0 - 1440, 3120)
2026-07-05 11:42:28.933  4199-4199  SurfaceView             com.terrapulse.app                   I  205638806 Detaching SV
2026-07-05 11:42:28.933  4199-4199  SurfaceView             com.terrapulse.app                   I  205638806 Changes: creating=false format=false size=false visible=false alpha=false hint=false left=false top=false z=false attached=false lifecycleStrategy=false blurRegionsChanged=false
2026-07-05 11:42:28.933  4199-4199  SV[2056388...nActivity] com.terrapulse.app                   I  onDetachedFromWindow: tryReleaseSurfaces()
2026-07-05 11:42:28.933  4199-4199  SV[2056388...nActivity] com.terrapulse.app                   I  releaseSurfaces: viewRoot = VRI[MainActivity]@ead66bd
2026-07-05 11:42:28.943  4199-4199  ReactNative             com.terrapulse.app                   I  [GESTURE HANDLER] Tearing down gesture handler registered for root view com.facebook.react.runtime.ReactSurfaceView{6e8f967 V.E...... .......D 0,0-1440,3120 #1}
2026-07-05 11:42:28.943  4199-4199  VRI[MainAc...y]@ead66bd com.terrapulse.app                   I  registerCallbackForPendingTransactions
2026-07-05 11:42:28.944  4199-4224  SurfaceView             com.terrapulse.app                   D  208785397 windowPositionLost, frameNr = 182
2026-07-05 11:42:28.948  4199-4234  VRI[MainAc...y]@ead66bd com.terrapulse.app                   I  mWNT: t=0xb4000071f164d5b0 fn= 182 HdrRenderState mRenderHdrSdrRatio=1.0 caller= android.view.ViewRootImpl$10.onFrameDraw:7102 android.view.ViewRootImpl$4.onFrameDraw:2700 android.view.ThreadedRenderer$1.onFrameDraw:750 
2026-07-05 11:42:28.950  4199-4224  SurfaceComposerClient   com.terrapulse.app                   I  apply reparent: [180026->-1] [180024->-1] [180025->-1] 
2026-07-05 11:42:30.200  4199-4567  ProfileInstaller        com.terrapulse.app                   D  Skipping profile installation for com.terrapulse.app
2026-07-05 11:42:31.852  4199-4199  VRI[MainAc...y]@ead66bd com.terrapulse.app                   I  call setFrameRateCategory category=no preference, reason=boost timeout, vri=VRI[MainActivity]@ead66bd
2026-07-05 11:42:42.140  4199-4199  VRI[MainAc...y]@ead66bd com.terrapulse.app                   I  ViewPostIme pointer 0
2026-07-05 11:42:42.141  4199-4199  VRI[MainAc...y]@ead66bd com.terrapulse.app                   I  call setFrameRateCategory category=high hint, reason=touch, vri=VRI[MainActivity]@ead66bd
2026-07-05 11:42:42.227  4199-4199  VRI[MainAc...y]@ead66bd com.terrapulse.app                   I  ViewPostIme pointer 1
2026-07-05 11:42:42.234  4199-4288  unknown:BridgelessReact com.terrapulse.app                   W  ReactHost{0}.getOrCreateReloadTask()
2026-07-05 11:42:42.234  4199-4288  unknown:BridgelessReact com.terrapulse.app                   W  ReactHost{0}.raiseSoftException(getOrCreateReloadTask()): ReactDelegate.reload()
2026-07-05 11:42:42.235  4199-4288  unknown:ReactHost       com.terrapulse.app                   E  Unhandled SoftException
                                                                                                    com.facebook.react.bridge.ReactNoCrashSoftException: raiseSoftException(getOrCreateReloadTask()): ReactDelegate.reload()
                                                                                                    	at com.facebook.react.runtime.ReactHostImpl.raiseSoftException(ReactHostImpl.kt:787)
                                                                                                    	at com.facebook.react.runtime.ReactHostImpl.raiseSoftException$default(ReactHostImpl.kt:779)
                                                                                                    	at com.facebook.react.runtime.ReactHostImpl.getOrCreateReloadTask(ReactHostImpl.kt:1169)
                                                                                                    	at com.facebook.react.runtime.ReactHostImpl.reload$lambda$7(ReactHostImpl.kt:374)
                                                                                                    	at com.facebook.react.runtime.ReactHostImpl.$r8$lambda$GojbfAZ9Zd8e_RImDRCRdgNgynE(ReactHostImpl.kt:0)
                                                                                                    	at com.facebook.react.runtime.ReactHostImpl$$ExternalSyntheticLambda0.call(D8$$SyntheticClass:0)
                                                                                                    	at com.facebook.react.runtime.internal.bolts.Task$Companion.call$lambda$2(Task.kt:315)
                                                                                                    	at com.facebook.react.runtime.internal.bolts.Task$Companion.$r8$lambda$MFqd_-X5KhHmu0hvNE2Bec_4mJM(Task.kt:0)
                                                                                                    	at com.facebook.react.runtime.internal.bolts.Task$Companion$$ExternalSyntheticLambda1.run(D8$$SyntheticClass:0)
                                                                                                    	at java.util.concurrent.ThreadPoolExecutor.runWorker(ThreadPoolExecutor.java:1100)
                                                                                                    	at java.util.concurrent.ThreadPoolExecutor$Worker.run(ThreadPoolExecutor.java:624)
                                                                                                    	at java.lang.Thread.run(Thread.java:1572)
2026-07-05 11:42:42.235  4199-4288  unknown:BridgelessReact com.terrapulse.app                   W  ReactHost{0}.getOrCreateReloadTask(): Resetting createReactInstance task ref
2026-07-05 11:42:42.235  4199-4199  unknown:BridgelessReact com.terrapulse.app                   W  ReactHost{0}.getOrCreateReloadTask(): Starting React Native reload
2026-07-05 11:42:42.235  4199-4199  unknown:BridgelessReact com.terrapulse.app                   W  ReactHost{0}.getOrCreateReloadTask(): Calling ReactContext.onHostPause()
2026-07-05 11:42:42.237  4199-4288  unknown:BridgelessReact com.terrapulse.app                   W  ReactHost{0}.getOrCreateReloadTask(): Stopping all React Native surfaces
2026-07-05 11:42:42.237  4199-4288  unknown:Su...ingManager com.terrapulse.app                   E  Stopping surface [1]
2026-07-05 11:42:42.237  4199-4199  unknown:Su...ingManager com.terrapulse.app                   E  Surface [1] was stopped on SurfaceMountingManager.
2026-07-05 11:42:42.238  4199-4199  unknown:BridgelessReact com.terrapulse.app                   W  ReactHost{0}.getOrCreateReloadTask(): Removing memory pressure listener
2026-07-05 11:42:42.238  4199-4199  unknown:BridgelessReact com.terrapulse.app                   W  ReactHost{0}.getOrCreateReloadTask(): Resetting ReactContext ref
2026-07-05 11:42:42.238  4199-4199  unknown:BridgelessReact com.terrapulse.app                   W  ReactHost{0}.getOrCreateReloadTask(): Destroying ReactContext
2026-07-05 11:42:42.238  4199-4288  unknown:BridgelessReact com.terrapulse.app                   W  ReactHost{0}.getOrCreateReloadTask(): Resetting ReactInstance ptr
2026-07-05 11:42:42.238  4199-4288  unknown:BridgelessReact com.terrapulse.app                   W  ReactHost{0}.getOrCreateReloadTask(): Destroying ReactInstance
2026-07-05 11:42:42.239  4199-4288  ExpoModulesCore         com.terrapulse.app                   I  ✅ ModuleRegistry was destroyed
2026-07-05 11:42:42.240  4199-4288  ExpoModulesCore         com.terrapulse.app                   I  ✅ AppContext was destroyed
2026-07-05 11:42:42.240  4199-4288  ExpoModulesCore         com.terrapulse.app                   I  ✅ KotlinInteropModuleRegistry was destroyed
2026-07-05 11:42:42.244  4199-4288  unknown:ReactNative     com.terrapulse.app                   E  Tried to remove non-existent frame callback
2026-07-05 11:42:42.244  4199-4288  unknown:ReactNative     com.terrapulse.app                   W  Tried to enqueue runnable on already finished thread: 'v_native... dropping Runnable.
2026-07-05 11:42:42.245  4199-4288  unknown:ReactNative     com.terrapulse.app                   W  Tried to enqueue runnable on already finished thread: 'v_native... dropping Runnable.
2026-07-05 11:42:42.245  4199-4288  unknown:ReactNative     com.terrapulse.app                   W  Tried to enqueue runnable on already finished thread: 'v_native... dropping Runnable.
2026-07-05 11:42:42.245  4199-4288  unknown:ReactNative     com.terrapulse.app                   W  Tried to enqueue runnable on already finished thread: 'v_native... dropping Runnable.
2026-07-05 11:42:42.245  4199-4288  unknown:ReactNative     com.terrapulse.app                   W  Tried to enqueue runnable on already finished thread: 'v_native... dropping Runnable.
2026-07-05 11:42:42.246  4199-4288  unknown:ReactNative     com.terrapulse.app                   W  Tried to enqueue runnable on already finished thread: 'v_native... dropping Runnable.
2026-07-05 11:42:42.246  4199-4288  unknown:ReactNative     com.terrapulse.app                   W  Tried to enqueue runnable on already finished thread: 'v_native... dropping Runnable.
2026-07-05 11:42:42.246  4199-4288  unknown:ReactNative     com.terrapulse.app                   W  Tried to enqueue runnable on already finished thread: 'v_native... dropping Runnable.
2026-07-05 11:42:42.246  4199-4288  unknown:ReactNative     com.terrapulse.app                   W  Tried to enqueue runnable on already finished thread: 'v_native... dropping Runnable.
2026-07-05 11:42:42.246  4199-4288  unknown:ReactNative     com.terrapulse.app                   W  Tried to enqueue runnable on already finished thread: 'v_native... dropping Runnable.
2026-07-05 11:42:42.246  4199-4288  unknown:ReactNative     com.terrapulse.app                   W  Tried to enqueue runnable on already finished thread: 'v_native... dropping Runnable.
2026-07-05 11:42:42.246  4199-4288  unknown:ReactNative     com.terrapulse.app                   W  Tried to enqueue runnable on already finished thread: 'v_native... dropping Runnable.
2026-07-05 11:42:42.248  4199-4288  unknown:ReactNative     com.terrapulse.app                   W  Tried to enqueue runnable on already finished thread: 'v_native... dropping Runnable.
2026-07-05 11:42:42.248  4199-4288  unknown:ReactNative     com.terrapulse.app                   W  Tried to enqueue runnable on already finished thread: 'v_native... dropping Runnable.
2026-07-05 11:42:42.248  4199-4288  unknown:ReactNative     com.terrapulse.app                   W  Tried to enqueue runnable on already finished thread: 'v_native... dropping Runnable.
2026-07-05 11:42:42.248  4199-4288  unknown:ReactNative     com.terrapulse.app                   W  Tried to enqueue runnable on already finished thread: 'v_native... dropping Runnable.
2026-07-05 11:42:42.248  4199-4288  unknown:ReactNative     com.terrapulse.app                   W  Tried to enqueue runnable on already finished thread: 'v_native... dropping Runnable.
2026-07-05 11:42:42.248  4199-4288  unknown:ReactNative     com.terrapulse.app                   W  Tried to enqueue runnable on already finished thread: 'v_native... dropping Runnable.
2026-07-05 11:42:42.249  4199-4288  unknown:ReactNative     com.terrapulse.app                   W  Tried to enqueue runnable on already finished thread: 'v_native... dropping Runnable.
2026-07-05 11:42:42.249  4199-4288  unknown:ReactNative     com.terrapulse.app                   W  Tried to enqueue runnable on already finished thread: 'v_native... dropping Runnable.
2026-07-05 11:42:42.249  4199-4288  unknown:ReactNative     com.terrapulse.app                   W  Tried to enqueue runnable on already finished thread: 'v_native... dropping Runnable.
2026-07-05 11:42:42.249  4199-4288  unknown:ReactNative     com.terrapulse.app                   W  Tried to enqueue runnable on already finished thread: 'v_native... dropping Runnable.
2026-07-05 11:42:42.249  4199-4288  unknown:ReactNative     com.terrapulse.app                   W  Tried to enqueue runnable on already finished thread: 'v_native... dropping Runnable.
2026-07-05 11:42:42.249  4199-4288  unknown:ReactNative     com.terrapulse.app                   W  Tried to enqueue runnable on already finished thread: 'v_native... dropping Runnable.
2026-07-05 11:42:42.249  4199-4288  unknown:ReactNative     com.terrapulse.app                   W  Tried to enqueue runnable on already finished thread: 'v_native... dropping Runnable.
2026-07-05 11:42:42.249  4199-4288  unknown:ReactNative     com.terrapulse.app                   W  Tried to enqueue runnable on already finished thread: 'v_native... dropping Runnable.
2026-07-05 11:42:42.250  4199-4288  unknown:ReactNative     com.terrapulse.app                   W  Tried to enqueue runnable on already finished thread: 'v_native... dropping Runnable.
2026-07-05 11:42:42.250  4199-4288  unknown:ReactNative     com.terrapulse.app                   W  Tried to enqueue runnable on already finished thread: 'v_native... dropping Runnable.
2026-07-05 11:42:42.250  4199-4288  unknown:ReactNative     com.terrapulse.app                   W  Tried to enqueue runnable on already finished thread: 'v_native... dropping Runnable.
2026-07-05 11:42:42.250  4199-4288  unknown:ReactNative     com.terrapulse.app                   W  Tried to enqueue runnable on already finished thread: 'v_native... dropping Runnable.
2026-07-05 11:42:42.252  4199-4288  unknown:ReactNative     com.terrapulse.app                   W  Tried to enqueue runnable on already finished thread: 'v_native... dropping Runnable.
2026-07-05 11:42:42.259  4199-4288  unknown:BridgelessReact com.terrapulse.app                   W  ReactHost{0}.getOrCreateReloadTask(): Resetting start task ref
2026-07-05 11:42:42.259  4199-4288  unknown:BridgelessReact com.terrapulse.app                   W  ReactHost{0}.getOrCreateReactInstanceTask()
2026-07-05 11:42:42.259  4199-4288  unknown:BridgelessReact com.terrapulse.app                   W  ReactHost{0}.getOrCreateReactInstanceTask(): Start
2026-07-05 11:42:42.259  4199-4288  unknown:BridgelessReact com.terrapulse.app                   W  ReactHost{0}.getJSBundleLoader()
2026-07-05 11:42:42.259  4199-4288  unknown:BridgelessReact com.terrapulse.app                   W  ReactHost{0}.getOrCreateReactContext(): Creating BridgelessReactContext
2026-07-05 11:42:42.259  4199-4288  unknown:BridgelessReact com.terrapulse.app                   W  ReactHost{0}.getOrCreateReactInstanceTask(): Creating ReactInstance
2026-07-05 11:42:42.265  4199-4288  ExpoModulesCore         com.terrapulse.app                   I  ✅ AppContext was initialized
2026-07-05 11:42:42.274  4199-4288  unknown:BridgelessReact com.terrapulse.app                   W  ReactHost{0}.getOrCreateReactInstanceTask(): Loading JS Bundle
2026-07-05 11:42:42.275  4199-4288  unknown:BridgelessReact com.terrapulse.app                   W  ReactHost{0}.getOrCreateReactInstanceTask(): Calling DevSupportManagerBase.onNewReactContextCreated(reactContext)
2026-07-05 11:42:42.275  4199-4288  unknown:BridgelessReact com.terrapulse.app                   W  ReactHost{0}.getOrCreateReloadTask(): Restarting previously running React Native Surfaces
2026-07-05 11:42:42.275  4199-4288  unknown:BridgelessReact com.terrapulse.app                   W  ReactHost{0}.getOrCreateReloadTask(): Resetting reload task ref
2026-07-05 11:42:42.275  4199-4199  unknown:BridgelessReact com.terrapulse.app                   W  ReactContext.onHostResume()
2026-07-05 11:42:42.275  4199-4199  unknown:BridgelessReact com.terrapulse.app                   W  ReactHost{0}.getOrCreateReactInstanceTask(): Executing ReactInstanceEventListeners
2026-07-05 11:42:42.286  4199-4611  [RNScreens]             com.terrapulse.app                   W  InsetObserverProxy registers on new context while it has not been invalidated on the old one. Please report this as issue at https://github.com/software-mansion/react-native-screens/issues
2026-07-05 11:42:42.286  4199-4611  unknown:Vi...rtyUpdater com.terrapulse.app                   W  Could not find generated setter for class com.swmansion.rnscreens.ScreenFooterManager
2026-07-05 11:42:42.287  4199-4611  unknown:Vi...rtyUpdater com.terrapulse.app                   W  Could not find generated setter for class com.facebook.react.uimanager.LayoutShadowNode
2026-07-05 11:42:42.287  4199-4611  unknown:Vi...rtyUpdater com.terrapulse.app                   W  Could not find generated setter for class com.swmansion.rnscreens.gamma.tabs.TabScreenViewManager
2026-07-05 11:42:42.287  4199-4611  unknown:Vi...rtyUpdater com.terrapulse.app                   W  Could not find generated setter for class org.maplibre.reactnative.components.sources.geojsonsource.MLRNGeoJSONSourceManager
2026-07-05 11:42:42.287  4199-4611  unknown:Vi...rtyUpdater com.terrapulse.app                   W  Could not find generated setter for class org.maplibre.reactnative.components.annotations.markerview.MLRNMarkerViewManager
2026-07-05 11:42:42.287  4199-4611  unknown:Vi...rtyUpdater com.terrapulse.app                   W  Could not find generated setter for class com.swmansion.rnscreens.ScreenContainerViewManager
2026-07-05 11:42:42.287  4199-4611  unknown:Vi...rtyUpdater com.terrapulse.app                   W  Could not find generated setter for class org.maplibre.reactnative.components.sources.imagesource.MLRNImageSourceManager
2026-07-05 11:42:42.287  4199-4611  unknown:Vi...rtyUpdater com.terrapulse.app                   W  Could not find generated setter for class expo.modules.kotlin.views.GroupViewManagerWrapper
2026-07-05 11:42:42.288  4199-4611  unknown:Vi...rtyUpdater com.terrapulse.app                   W  Could not find generated setter for class com.swmansion.rnscreens.gamma.tabs.TabsHostViewManager
2026-07-05 11:42:42.288  4199-4611  unknown:Vi...rtyUpdater com.terrapulse.app                   W  Could not find generated setter for class com.swmansion.rnscreens.ModalScreenViewManager
2026-07-05 11:42:42.288  4199-4611  unknown:Vi...rtyUpdater com.terrapulse.app                   W  Could not find generated setter for class org.maplibre.reactnative.components.sources.tilesources.vectorsource.MLRNVectorSourceManager
2026-07-05 11:42:42.288  4199-4611  unknown:Vi...rtyUpdater com.terrapulse.app                   W  Could not find generated setter for class org.maplibre.reactnative.components.layer.MLRNLayerManager
2026-07-05 11:42:42.288  4199-4611  unknown:Vi...rtyUpdater com.terrapulse.app                   W  Could not find generated setter for class com.th3rdwave.safeareacontext.SafeAreaViewManager
2026-07-05 11:42:42.288  4199-4611  unknown:Vi...rtyUpdater com.terrapulse.app                   W  Could not find generated setter for class com.th3rdwave.safeareacontext.SafeAreaViewShadowNode
2026-07-05 11:42:42.288  4199-4611  unknown:Vi...rtyUpdater com.terrapulse.app                   W  Could not find generated setter for class com.swmansion.rnscreens.ScreenViewManager
2026-07-05 11:42:42.288  4199-4611  unknown:Vi...rtyUpdater com.terrapulse.app                   W  Could not find generated setter for class expo.modules.kotlin.views.SimpleViewManagerWrapper
2026-07-05 11:42:42.289  4199-4611  unknown:Vi...rtyUpdater com.terrapulse.app                   W  Could not find generated setter for class org.maplibre.reactnative.components.location.MLRNNativeUserLocationManager
2026-07-05 11:42:42.289  4199-4611  unknown:Vi...rtyUpdater com.terrapulse.app                   W  Could not find generated setter for class com.swmansion.rnscreens.ScreenStackViewManager
2026-07-05 11:42:42.289  4199-4611  unknown:Vi...rtyUpdater com.terrapulse.app                   W  Could not find generated setter for class org.maplibre.reactnative.components.images.MLRNImagesManager
2026-07-05 11:42:42.289  4199-4611  unknown:Vi...rtyUpdater com.terrapulse.app                   W  Could not find generated setter for class org.maplibre.reactnative.components.annotations.callout.MLRNCalloutManager
2026-07-05 11:42:42.289  4199-4611  unknown:Vi...rtyUpdater com.terrapulse.app                   W  Could not find generated setter for class com.th3rdwave.safeareacontext.SafeAreaProviderManager
2026-07-05 11:42:42.289  4199-4611  unknown:Vi...rtyUpdater com.terrapulse.app                   W  Could not find generated setter for class com.swmansion.rnscreens.SearchBarManager
2026-07-05 11:42:42.289  4199-4611  unknown:Vi...rtyUpdater com.terrapulse.app                   W  Could not find generated setter for class org.maplibre.reactnative.components.sources.tilesources.rastersource.MLRNRasterSourceManager
2026-07-05 11:42:42.289  4199-4611  unknown:Vi...rtyUpdater com.terrapulse.app                   W  Could not find generated setter for class org.maplibre.reactnative.components.camera.MLRNCameraManager
2026-07-05 11:42:42.290  4199-4611  unknown:Vi...rtyUpdater com.terrapulse.app                   W  Could not find generated setter for class com.swmansion.rnscreens.ScreenStackHeaderConfigViewManager
2026-07-05 11:42:42.290  4199-4611  unknown:Vi...rtyUpdater com.terrapulse.app                   W  Could not find generated setter for class com.swmansion.rnscreens.ScreenContentWrapperManager
2026-07-05 11:42:42.290  4199-4611  unknown:Vi...rtyUpdater com.terrapulse.app                   W  Could not find generated setter for class org.maplibre.reactnative.components.mapview.MLRNMapViewManager
2026-07-05 11:42:42.290  4199-4611  unknown:Vi...rtyUpdater com.terrapulse.app                   W  Could not find generated setter for class org.maplibre.reactnative.components.mapview.MLRNMapViewManager$MapShadowNode
2026-07-05 11:42:42.290  4199-4611  unknown:Vi...rtyUpdater com.terrapulse.app                   W  Could not find generated setter for class org.maplibre.reactnative.components.mapview.MLRNAndroidTextureMapViewManager
2026-07-05 11:42:42.290  4199-4611  unknown:Vi...rtyUpdater com.terrapulse.app                   W  Could not find generated setter for class org.maplibre.reactnative.components.sources.tilesources.rasterdemsource.MLRNRasterDEMSourceManager
2026-07-05 11:42:42.290  4199-4611  unknown:Vi...rtyUpdater com.terrapulse.app                   W  Could not find generated setter for class com.reactnativegooglesignin.RNGoogleSigninButtonViewManager
2026-07-05 11:42:42.290  4199-4611  unknown:Vi...rtyUpdater com.terrapulse.app                   W  Could not find generated setter for class com.swmansion.rnscreens.ScreenStackHeaderSubviewManager
2026-07-05 11:42:42.290  4199-4611  unknown:Vi...rtyUpdater com.terrapulse.app                   W  Could not find generated setter for class org.maplibre.reactnative.components.annotations.pointannotation.MLRNPointAnnotationManager
2026-07-05 11:42:42.298  4199-4611  unknown:Vi...rtyUpdater com.terrapulse.app                   W  Could not find generated setter for class com.horcrux.svg.RenderableViewManager$DefsViewManager
2026-07-05 11:42:42.298  4199-4611  unknown:Vi...rtyUpdater com.terrapulse.app                   W  Could not find generated setter for class com.horcrux.svg.VirtualViewManager$RenderableShadowNode
2026-07-05 11:42:42.299  4199-4611  unknown:Vi...rtyUpdater com.terrapulse.app                   W  Could not find generated setter for class com.horcrux.svg.RenderableViewManager$FeMergeManager
2026-07-05 11:42:42.299  4199-4611  unknown:Vi...rtyUpdater com.terrapulse.app                   W  Could not find generated setter for class com.facebook.react.views.safeareaview.ReactSafeAreaViewManager
2026-07-05 11:42:42.299  4199-4611  unknown:Vi...rtyUpdater com.terrapulse.app                   W  Could not find generated setter for class com.facebook.react.views.safeareaview.ReactSafeAreaViewShadowNode
2026-07-05 11:42:42.299  4199-4611  unknown:Vi...rtyUpdater com.terrapulse.app                   W  Could not find generated setter for class com.horcrux.svg.RenderableViewManager$LinearGradientManager
2026-07-05 11:42:42.299  4199-4611  unknown:Vi...rtyUpdater com.terrapulse.app                   W  Could not find generated setter for class com.horcrux.svg.RenderableViewManager$FeGaussianBlurManager
2026-07-05 11:42:42.300  4199-4611  unknown:Vi...rtyUpdater com.terrapulse.app                   W  Could not find generated setter for class com.facebook.react.views.progressbar.ReactProgressBarViewManager
2026-07-05 11:42:42.300  4199-4611  unknown:Vi...rtyUpdater com.terrapulse.app                   W  Could not find generated setter for class com.facebook.react.views.progressbar.ProgressBarShadowNode
2026-07-05 11:42:42.300  4199-4611  unknown:Vi...rtyUpdater com.terrapulse.app                   W  Could not find generated setter for class com.facebook.react.views.scroll.ReactHorizontalScrollViewManager
2026-07-05 11:42:42.300  4199-4611  unknown:Vi...rtyUpdater com.terrapulse.app                   W  Could not find generated setter for class com.facebook.react.views.text.ReactTextViewManager
2026-07-05 11:42:42.300  4199-4611  unknown:Vi...rtyUpdater com.terrapulse.app                   W  Could not find generated setter for class com.facebook.react.views.text.ReactTextShadowNode
2026-07-05 11:42:42.300  4199-4611  unknown:Vi...rtyUpdater com.terrapulse.app                   W  Could not find generated setter for class com.horcrux.svg.RenderableViewManager$FeColorMatrixManager
2026-07-05 11:42:42.301  4199-4611  unknown:Vi...rtyUpdater com.terrapulse.app                   W  Could not find generated setter for class com.facebook.react.views.scroll.ReactHorizontalScrollContainerViewManager
2026-07-05 11:42:42.301  4199-4611  unknown:Vi...rtyUpdater com.terrapulse.app                   W  Could not find generated setter for class com.horcrux.svg.RenderableViewManager$ClipPathViewManager
2026-07-05 11:42:42.301  4199-4611  unknown:Vi...rtyUpdater com.terrapulse.app                   W  Could not find generated setter for class com.horcrux.svg.RenderableViewManager$SymbolManager
2026-07-05 11:42:42.301  4199-4611  unknown:Vi...rtyUpdater com.terrapulse.app                   W  Could not find generated setter for class com.horcrux.svg.RenderableViewManager$PatternManager
2026-07-05 11:42:42.302  4199-4611  unknown:Vi...rtyUpdater com.terrapulse.app                   W  Could not find generated setter for class com.horcrux.svg.RenderableViewManager$FeBlendManager
2026-07-05 11:42:42.302  4199-4611  unknown:Vi...rtyUpdater com.terrapulse.app                   W  Could not find generated setter for class com.facebook.react.views.view.ReactViewManager
2026-07-05 11:42:42.302  4199-4611  unknown:Vi...rtyUpdater com.terrapulse.app                   W  Could not find generated setter for class com.horcrux.svg.SvgViewManager
2026-07-05 11:42:42.302  4199-4611  unknown:Vi...rtyUpdater com.terrapulse.app                   W  Could not find generated setter for class com.facebook.react.views.switchview.ReactSwitchManager
2026-07-05 11:42:42.302  4199-4611  unknown:Vi...rtyUpdater com.terrapulse.app                   W  Could not find generated setter for class com.facebook.react.views.switchview.ReactSwitchShadowNode
2026-07-05 11:42:42.302  4199-4611  unknown:Vi...rtyUpdater com.terrapulse.app                   W  Could not find generated setter for class com.horcrux.svg.RenderableViewManager$UseViewManager
2026-07-05 11:42:42.303  4199-4611  unknown:Vi...rtyUpdater com.terrapulse.app                   W  Could not find generated setter for class com.horcrux.svg.RenderableViewManager$CircleViewManager
2026-07-05 11:42:42.303  4199-4611  unknown:Vi...rtyUpdater com.terrapulse.app                   W  Could not find generated setter for class com.horcrux.svg.RenderableViewManager$TSpanViewManager
2026-07-05 11:42:42.303  4199-4611  unknown:Vi...rtyUpdater com.terrapulse.app                   W  Could not find generated setter for class com.horcrux.svg.RenderableViewManager$FilterManager
2026-07-05 11:42:42.303  4199-4611  unknown:Vi...rtyUpdater com.terrapulse.app                   W  Could not find generated setter for class com.horcrux.svg.RenderableViewManager$MarkerManager
2026-07-05 11:42:42.304  4199-4611  unknown:Vi...rtyUpdater com.terrapulse.app                   W  Could not find generated setter for class com.swmansion.gesturehandler.react.RNGestureHandlerButtonViewManager
2026-07-05 11:42:42.304  4199-4611  unknown:Vi...rtyUpdater com.terrapulse.app                   W  Could not find generated setter for class com.facebook.react.views.modal.ReactModalHostManager
2026-07-05 11:42:42.304  4199-4611  unknown:Vi...rtyUpdater com.terrapulse.app                   W  Could not find generated setter for class com.horcrux.svg.RenderableViewManager$ForeignObjectManager
2026-07-05 11:42:42.304  4199-4611  unknown:Vi...rtyUpdater com.terrapulse.app                   W  Could not find generated setter for class com.horcrux.svg.RenderableViewManager$EllipseViewManager
2026-07-05 11:42:42.304  4199-4611  unknown:Vi...rtyUpdater com.terrapulse.app                   W  Could not find generated setter for class com.horcrux.svg.RenderableViewManager$LineViewManager
2026-07-05 11:42:42.305  4199-4611  unknown:Vi...rtyUpdater com.terrapulse.app                   W  Could not find generated setter for class com.facebook.react.views.text.frescosupport.FrescoBasedReactTextInlineImageViewManager
2026-07-05 11:42:42.305  4199-4611  unknown:Vi...rtyUpdater com.terrapulse.app                   W  Could not find generated setter for class com.facebook.react.views.text.frescosupport.FrescoBasedReactTextInlineImageShadowNode
2026-07-05 11:42:42.305  4199-4611  unknown:Vi...rtyUpdater com.terrapulse.app                   W  Could not find generated setter for class com.horcrux.svg.RenderableViewManager$FeFloodManager
2026-07-05 11:42:42.305  4199-4611  unknown:Vi...rtyUpdater com.terrapulse.app                   W  Could not find generated setter for class com.horcrux.svg.RenderableViewManager$GroupViewManager
2026-07-05 11:42:42.305  4199-4611  unknown:Vi...rtyUpdater com.terrapulse.app                   W  Could not find generated setter for class com.horcrux.svg.RenderableViewManager$TextViewManager
2026-07-05 11:42:42.305  4199-4611  unknown:Vi...rtyUpdater com.terrapulse.app                   W  Could not find generated setter for class com.horcrux.svg.RenderableViewManager$ImageViewManager
2026-07-05 11:42:42.306  4199-4611  unknown:Vi...rtyUpdater com.terrapulse.app                   W  Could not find generated setter for class com.horcrux.svg.RenderableViewManager$FeCompositeManager
2026-07-05 11:42:42.306  4199-4611  unknown:Vi...rtyUpdater com.terrapulse.app                   W  Could not find generated setter for class com.facebook.react.views.image.ReactImageManager
2026-07-05 11:42:42.306  4199-4611  unknown:Vi...rtyUpdater com.terrapulse.app                   W  Could not find generated setter for class com.horcrux.svg.RenderableViewManager$RadialGradientManager
2026-07-05 11:42:42.306  4199-4611  unknown:Vi...rtyUpdater com.terrapulse.app                   W  Could not find generated setter for class com.horcrux.svg.RenderableViewManager$MaskManager
2026-07-05 11:42:42.306  4199-4611  unknown:Vi...rtyUpdater com.terrapulse.app                   W  Could not find generated setter for class com.facebook.react.views.unimplementedview.ReactUnimplementedViewManager
2026-07-05 11:42:42.307  4199-4611  unknown:Vi...rtyUpdater com.terrapulse.app                   W  Could not find generated setter for class com.horcrux.svg.RenderableViewManager$RectViewManager
2026-07-05 11:42:42.307  4199-4611  unknown:Vi...rtyUpdater com.terrapulse.app                   W  Could not find generated setter for class com.horcrux.svg.RenderableViewManager$TextPathViewManager
2026-07-05 11:42:42.307  4199-4611  unknown:Vi...rtyUpdater com.terrapulse.app                   W  Could not find generated setter for class com.facebook.react.views.scroll.ReactScrollViewManager
2026-07-05 11:42:42.307  4199-4611  unknown:Vi...rtyUpdater com.terrapulse.app                   W  Could not find generated setter for class com.horcrux.svg.RenderableViewManager$FeOffsetManager
2026-07-05 11:42:42.307  4199-4611  unknown:Vi...rtyUpdater com.terrapulse.app                   W  Could not find generated setter for class com.horcrux.svg.RenderableViewManager$PathViewManager
2026-07-05 11:42:42.308  4199-4611  unknown:Vi...rtyUpdater com.terrapulse.app                   W  Could not find generated setter for class com.facebook.react.views.drawer.ReactDrawerLayoutManager
2026-07-05 11:42:42.308  4199-4611  unknown:Vi...rtyUpdater com.terrapulse.app                   W  Could not find generated setter for class com.facebook.react.views.text.ReactVirtualTextViewManager
2026-07-05 11:42:42.308  4199-4611  unknown:Vi...rtyUpdater com.terrapulse.app                   W  Could not find generated setter for class com.facebook.react.views.text.ReactVirtualTextShadowNode
2026-07-05 11:42:42.308  4199-4611  unknown:Vi...rtyUpdater com.terrapulse.app                   W  Could not find generated setter for class com.facebook.react.views.swiperefresh.SwipeRefreshLayoutManager
2026-07-05 11:42:42.308  4199-4611  unknown:Vi...rtyUpdater com.terrapulse.app                   W  Could not find generated setter for class com.facebook.react.views.text.ReactRawTextManager
2026-07-05 11:42:42.308  4199-4611  unknown:Vi...rtyUpdater com.terrapulse.app                   W  Could not find generated setter for class com.facebook.react.views.text.ReactRawTextShadowNode
2026-07-05 11:42:42.308  4199-4611  unknown:Vi...rtyUpdater com.terrapulse.app                   W  Could not find generated setter for class com.facebook.react.views.textinput.ReactTextInputManager
2026-07-05 11:42:42.308  4199-4611  unknown:Vi...rtyUpdater com.terrapulse.app                   W  Could not find generated setter for class com.facebook.react.views.textinput.ReactTextInputShadowNode
2026-07-05 11:42:42.308  4199-4611  unknown:Vi...rtyUpdater com.terrapulse.app                   W  Could not find generated setter for class com.swmansion.gesturehandler.react.RNGestureHandlerRootViewManager
2026-07-05 11:42:42.309  4199-4611  BridgelessReactContext  com.terrapulse.app                   W  [WARNING] Bridgeless doesn't support CatalystInstance. Accessing an API that's not part of the new architecture is not encouraged usage.
2026-07-05 11:42:42.310  4199-4611  ExpoModulesCore         com.terrapulse.app                   I  ✅ JSI interop was installed
2026-07-05 11:42:42.310  4199-4611  ExpoModulesCore         com.terrapulse.app                   I  ✅ Constants were exported
2026-07-05 11:42:42.310  4199-4611  dev.expo.updates        com.terrapulse.app                   I  {"timestamp":1783276962310,"message":"UpdatesModule: getConstants called","code":"None","level":"info"}
2026-07-05 11:42:42.318  4199-4611  ReactNativeJS           com.terrapulse.app                   I  Running "main"
2026-07-05 11:42:42.328  4199-4611  ReactNativeJS           com.terrapulse.app                   W  '[2026-07-05T18:42:42.328Z]  @firebase/auth:', 'Auth (12.15.0): \nYou are initializing Firebase Auth for React Native without providing\nAsyncStorage. Auth state will default to memory persistence and will not\npersist between sessions. In order to persist auth state, install the package\n"@react-native-async-storage/async-storage" and provide it to\ninitializeAuth:\n\nimport { initializeAuth, getReactNativePersistence } from \'firebase/auth\';\n\n// For @react-native-async-storage/async-storage v3:\nimport { createAsyncStorage } from \'@react-native-async-storage/async-storage\';\nconst appStorage = createAsyncStorage("app");\nconst persistence = getReactNativePersistence(appStorage);\n\n/*\n// For @react-native-async-storage/async-storage v2:\nimport ReactNativeAsyncStorage from \'@react-native-async-storage/async-storage\';\nconst persistence = getReactNativePersistence(ReactNativeAsyncStorage);\n*/\n\n// Then, initialize auth:\nconst auth = initializeAuth(app, {\n  persistence\n});\n'
2026-07-05 11:42:42.352  4199-4231  dev.expo.updates        com.terrapulse.app                   I  {"timestamp":1783276962352,"message":"Updates state change: Check, context = {isStartupProcedureRunning=false, isUpdateAvailable=false, isUpdatePending=false, isChecking=true, isDownloading=false, isRestarting=false, restartCount=0, downloadProgress=0.0, sequenceNumber=7, lastCheckForUpdateTime=Sun Jul 05 11:42:25 PDT 2026}","code":"None","level":"info"}
2026-07-05 11:42:42.382  4199-4199  [RNScreens]             com.terrapulse.app                   W  backTitleVisible prop is not available on Android
2026-07-05 11:42:42.382  4199-4199  [RNScreens]             com.terrapulse.app                   W  backTitleFontFamily prop is not available on Android
2026-07-05 11:42:42.382  4199-4199  [RNScreens]             com.terrapulse.app                   W  largeTitleFontWeight prop is not available on Android
2026-07-05 11:42:42.382  4199-4199  [RNScreens]             com.terrapulse.app                   W  largeTitleHideShadow prop is not available on Android
2026-07-05 11:42:42.382  4199-4199  [RNScreens]             com.terrapulse.app                   W  disableBackButtonMenu prop is not available on Android
2026-07-05 11:42:42.382  4199-4199  [RNScreens]             com.terrapulse.app                   W  largeTitleFontFamily prop is not available on Android
2026-07-05 11:42:42.382  4199-4199  ReactNative             com.terrapulse.app                   I  [GESTURE HANDLER] Initialize gesture handler for root view com.facebook.react.runtime.ReactSurfaceView{6e8f967 V.E...... .......D 0,0-1440,3120 #1}
2026-07-05 11:42:42.391  4199-4199  [RNScreens]             com.terrapulse.app                   W  backTitleVisible prop is not available on Android
2026-07-05 11:42:42.391  4199-4199  [RNScreens]             com.terrapulse.app                   W  backTitleFontFamily prop is not available on Android
2026-07-05 11:42:42.391  4199-4199  [RNScreens]             com.terrapulse.app                   W  largeTitleFontWeight prop is not available on Android
2026-07-05 11:42:42.391  4199-4199  [RNScreens]             com.terrapulse.app                   W  largeTitleHideShadow prop is not available on Android
2026-07-05 11:42:42.391  4199-4199  [RNScreens]             com.terrapulse.app                   W  disableBackButtonMenu prop is not available on Android
2026-07-05 11:42:42.391  4199-4199  [RNScreens]             com.terrapulse.app                   W  largeTitleFontFamily prop is not available on Android
2026-07-05 11:42:42.404  4199-4199  VRI[MainAc...y]@ead66bd com.terrapulse.app                   I  registerCallbackForPendingTransactions
2026-07-05 11:42:42.406  4199-4235  VRI[MainAc...y]@ead66bd com.terrapulse.app                   I  mWNT: t=0xb4000071f16606f0 fn= 189 HdrRenderState mRenderHdrSdrRatio=1.0 caller= android.view.ViewRootImpl$10.onFrameDraw:7102 android.view.ViewRootImpl$4.onFrameDraw:2700 android.view.ThreadedRenderer$1.onFrameDraw:750 
2026-07-05 11:42:42.571  4199-4231  dev.expo.updates        com.terrapulse.app                   I  {"timestamp":1783276962571,"message":"Updates state change: CheckCompleteUnavailable, context = {isStartupProcedureRunning=false, isUpdateAvailable=false, isUpdatePending=false, isChecking=false, isDownloading=false, isRestarting=false, restartCount=0, downloadProgress=0.0, sequenceNumber=8, lastCheckForUpdateTime=Sun Jul 05 11:42:42 PDT 2026}","code":"None","level":"info"}
2026-07-05 11:42:43.242  4199-4199  VRI[MainAc...y]@ead66bd com.terrapulse.app                   I  ViewPostIme pointer 0
2026-07-05 11:42:43.302  4199-4199  VRI[MainAc...y]@ead66bd com.terrapulse.app                   I  ViewPostIme pointer 1
2026-07-05 11:42:43.332  4199-4199  unknown:BridgelessReact com.terrapulse.app                   W  ReactHost{0}.onUserLeaveHint(activity)
2026-07-05 11:42:43.333  4199-4199  unknown:BridgelessReact com.terrapulse.app                   W  ReactHost{0}.onHostPause(activity)
2026-07-05 11:42:43.333  4199-4199  unknown:BridgelessReact com.terrapulse.app                   W  ReactContext.onHostPause()
2026-07-05 11:42:43.338  4199-4199  ActivityThread          com.terrapulse.app                   D  com.terrapulse.app will use render engine as VK
2026-07-05 11:42:43.349  4199-4199  DecorView               com.terrapulse.app                   I  setWindowBackground: isPopOver=false color=0 d=android.graphics.drawable.ColorDrawable@b93dee7
2026-07-05 11:42:43.350  4199-4199  ViewRootImpl            com.terrapulse.app                   D  desktopMode is false
2026-07-05 11:42:43.350  4199-4199  ViewRootImpl            com.terrapulse.app                   I  dVRR is enabled
2026-07-05 11:42:43.350  4199-4224  NativeCust...ncyManager com.terrapulse.app                   D  [NativeCFMS] BpCustomFrequencyManager::BpCustomFrequencyManager()
2026-07-05 11:42:43.352  4199-4234  perf_hint               com.terrapulse.app                   E  Session ID too large, must fit 32-bit integer
2026-07-05 11:42:43.352  4199-4199  InputTransport          com.terrapulse.app                   D  Input channel constructed: '84f33e8', fd=198
2026-07-05 11:42:43.353  4199-4199  InsetsController        com.terrapulse.app                   I  onStateChanged: host=com.terrapulse.app/com.google.android.gms.auth.api.signin.internal.SignInHubActivity, from=android.view.ViewRootImpl.onInsetsStateChanged:3314, state=InsetsState: {mDisplayFrame=Rect(0, 0 - 1440, 3120), mDisplayCutout=DisplayCutout{insets=Rect(0, 139 - 0, 0) waterfall=Insets{left=0, top=0, right=0, bottom=0} boundingRect={Bounds=[Rect(0, 0 - 0, 0), Rect(680, 0 - 760, 139), Rect(0, 0 - 0, 0), Rect(0, 0 - 0, 0)]} cutoutPathParserInfo={CutoutPathParserInfo{displayWidth=1440 displayHeight=3120 physicalDisplayWidth=1440 physicalDisplayHeight=3120 density={3.75} cutoutSpec={M 0,0 H -10.66666666666667 V 37.06666666666667 H 10.66666666666667 V 0 H 0 Z @dp} rotation={0} scale={1.0} physicalPixelDisplaySizeRatio={1.0}}} sideOverrides={}}, mRoundedCorners=RoundedCorners{[RoundedCorner{position=TopLeft, radius=105, center=Point(105, 105)}, RoundedCorner{position=TopRight, radius=105, center=Point(1335, 105)}, RoundedCorner{position=BottomRight, radius=105, center=Point(1335, 3015)}, RoundedCorner{position=BottomLeft, radius=105, center=Point(105, 3015)}]}  mRoundedCornerFrame=Rect(0, 0 - 1440, 3120), mPrivacyIndicatorBounds=PrivacyIndicatorBounds {static bounds=Rect(1275, 0 - 1440, 149) rotation=0}, mDisplayShape=DisplayShape{type=2, displayWidth=1440, displayHeight=3120, physicalPixelDisplaySizeRatio=1.0, rotation=0, offsetX=0, offsetY=0, scale=1.0}, mSources= { InsetsSource: {b8a90001 mType=navigationBars mFrame=[0,2940][1440,3120] mAttachedInsets=null mVisible=true mFlags= mSideHint=BOTTOM}, InsetsSource: {b8a90004 mType=systemGestures mFrame=[0,0][0,0] mAttachedInsets=null mVisible=true mFlags= mSideHint=NONE}, InsetsSource: {b8a90005 mType=mandatorySystemGestures mFrame=[0,2940][1440,3120] mAttachedInsets=null mVisible=true mFlags= mSideHint=BOTTOM}, InsetsSource: {b8a90006 mType=tappableElement mFrame=[0,2940][1440,3120] mAttachedInsets=null mVisible=true mFlags= mSideHint=BOTTOM}, InsetsSource: {b8a90024 mType=systemGestures mFrame=[0,0][0,0] mAttachedInsets=null mVisible=true mFlags= mSideHint=NONE}, InsetsSource: {fa900000 mType=statusBars mFrame=[0,0][1440,149] mAttachedInsets=null mVisible=true mFlags= mSideHint=TOP}, InsetsSource: {fa900005 mType=mandatorySystemGestures mFrame=[0,0][1440,184] mAttachedInsets=null mVisible=true mFlags= mSideHint=TOP}, InsetsSource: {fa900006 mType=tappableElement mFrame=[0,0][1440,149] mAttachedInsets=null mVisible=true mFlags= mSideHint=TOP}, InsetsSource: {27 mType=displayCutout mFrame=[0,0][1440,139] mAttachedInsets=null mVisible=true mFlags= mSideHint=TOP} }
2026-07-05 11:42:43.353  4199-4199  VRI[SignIn...y]@9376c39 com.terrapulse.app                   I  synced displayState. AttachInfo displayState=2
2026-07-05 11:42:43.353  4199-4199  VRI[SignIn...y]@9376c39 com.terrapulse.app                   I  setView = com.android.internal.policy.DecorView@acabefb IsHRR=false mFlingFrameRateChange=0 TM=true
2026-07-05 11:42:43.355  4199-4224  HWUI                    com.terrapulse.app                   D  HWUI - treat SMPTE_170M as sRGB
2026-07-05 11:42:43.356  4199-4199  VRI[SignIn...y]@9376c39 com.terrapulse.app                   D  WindowInsets changed: 1440x3120 statusBars:[0,149,0,0] navigationBars:[0,0,0,180] mandatorySystemGestures:[0,184,0,180] 
2026-07-05 11:42:43.357  4199-4199  WindowOnBackDispatcher  com.terrapulse.app                   D  setTopOnBackInvokedCallback (unwrapped): android.view.ViewRootImpl$$ExternalSyntheticLambda17@a8bb0c4
2026-07-05 11:42:43.359  4199-4199  InsetsController        com.terrapulse.app                   I  onStateChanged: host=com.terrapulse.app/com.google.android.gms.auth.api.signin.internal.SignInHubActivity, from=android.view.ViewRootImpl.onInsetsStateChanged:3314, state=InsetsState: {mDisplayFrame=Rect(0, 0 - 1440, 3120), mDisplayCutout=DisplayCutout{insets=Rect(0, 139 - 0, 0) waterfall=Insets{left=0, top=0, right=0, bottom=0} boundingRect={Bounds=[Rect(0, 0 - 0, 0), Rect(680, 0 - 760, 139), Rect(0, 0 - 0, 0), Rect(0, 0 - 0, 0)]} cutoutPathParserInfo={CutoutPathParserInfo{displayWidth=1440 displayHeight=3120 physicalDisplayWidth=1440 physicalDisplayHeight=3120 density={3.75} cutoutSpec={M 0,0 H -10.66666666666667 V 37.06666666666667 H 10.66666666666667 V 0 H 0 Z @dp} rotation={0} scale={1.0} physicalPixelDisplaySizeRatio={1.0}}} sideOverrides={}}, mRoundedCorners=RoundedCorners{[RoundedCorner{position=TopLeft, radius=105, center=Point(105, 105)}, RoundedCorner{position=TopRight, radius=105, center=Point(1335, 105)}, RoundedCorner{position=BottomRight, radius=105, center=Point(1335, 3015)}, RoundedCorner{position=BottomLeft, radius=105, center=Point(105, 3015)}]}  mRoundedCornerFrame=Rect(0, 0 - 1440, 3120), mPrivacyIndicatorBounds=PrivacyIndicatorBounds {static bounds=Rect(1275, 0 - 1440, 149) rotation=0}, mDisplayShape=DisplayShape{type=2, displayWidth=1440, displayHeight=3120, physicalPixelDisplaySizeRatio=1.0, rotation=0, offsetX=0, offsetY