2026-07-05 12:23:42.505   329-462   nativeloader            com.terrapulse.app                   D  Configuring clns-10 for other apk /data/app/~~Cx9HcmpZFj51IJ-ZF8PXRg==/com.google.android.webview-SSX7OZTxNJKavtsbs3IyPg==/base.apk. target_sdk_version=36, uses_libraries=, library_path=/data/app/~~Cx9HcmpZFj51IJ-ZF8PXRg==/com.google.android.webview-SSX7OZTxNJKavtsbs3IyPg==/lib/arm64:/data/app/~~Cx9HcmpZFj51IJ-ZF8PXRg==/com.google.android.webview-SSX7OZTxNJKavtsbs3IyPg==/base.apk!/lib/arm64-v8a, permitted_path=/data:/mnt/expand
2026-07-05 12:23:42.519   329-462   cr_WVCFactoryProvider   com.terrapulse.app                   I  version=149.0.7827.159 (782715903) minSdkVersion=29 multiprocess=true packageId=2 splits=<none>
2026-07-05 12:23:42.521   329-462   nativeloader            com.terrapulse.app                   D  Load /data/app/~~Cx9HcmpZFj51IJ-ZF8PXRg==/com.google.android.webview-SSX7OZTxNJKavtsbs3IyPg==/base.apk!/lib/arm64-v8a/libwebviewchromium.so using class loader ns clns-10 (caller=/data/app/~~Cx9HcmpZFj51IJ-ZF8PXRg==/com.google.android.webview-SSX7OZTxNJKavtsbs3IyPg==/base.apk): ok
2026-07-05 12:23:42.523   329-462   nativeloader            com.terrapulse.app                   D  Load /system/lib64/libwebviewchromium_plat_support.so using class loader ns clns-10 (caller=/data/app/~~Cx9HcmpZFj51IJ-ZF8PXRg==/com.google.android.webview-SSX7OZTxNJKavtsbs3IyPg==/base.apk): ok
2026-07-05 12:23:42.523   329-467   chromium                com.terrapulse.app                   I  [0705/122342.523865:INFO:android_webview/browser/variations/variations_seed_loader.cc:67] Failed to open file for reading.: No such file or directory (2)
2026-07-05 12:23:42.523   329-467   chromium                com.terrapulse.app                   I  [0705/122342.523961:INFO:android_webview/browser/variations/variations_seed_loader.cc:67] Failed to open file for reading.: No such file or directory (2)
2026-07-05 12:23:42.526   329-462   cr_LibraryLoader        com.terrapulse.app                   I  Successfully loaded native library
2026-07-05 12:23:42.526   329-462   cr_CachingUmaRecorder   com.terrapulse.app                   I  Flushed 41 samples from 19 histograms, 0 samples were dropped.
2026-07-05 12:23:43.063   329-408   DefaultLoc...neProvider com.terrapulse.app                   D  DefaultLocationEngine will be used.
2026-07-05 12:23:43.066   329-329   MLRNOfflineModule       com.terrapulse.app                   D  No packs need migration
2026-07-05 12:23:43.130   329-329   [RNScreens]             com.terrapulse.app                   W  backTitleVisible prop is not available on Android
2026-07-05 12:23:43.130   329-329   [RNScreens]             com.terrapulse.app                   W  backTitleFontFamily prop is not available on Android
2026-07-05 12:23:43.130   329-329   [RNScreens]             com.terrapulse.app                   W  largeTitleFontWeight prop is not available on Android
2026-07-05 12:23:43.130   329-329   [RNScreens]             com.terrapulse.app                   W  largeTitleHideShadow prop is not available on Android
2026-07-05 12:23:43.130   329-329   [RNScreens]             com.terrapulse.app                   W  disableBackButtonMenu prop is not available on Android
2026-07-05 12:23:43.130   329-329   [RNScreens]             com.terrapulse.app                   W  largeTitleFontFamily prop is not available on Android
2026-07-05 12:23:43.130   329-329   unknown:BridgelessReact com.terrapulse.app                   W  ReactHost{0}.onUserLeaveHint(activity)
2026-07-05 12:23:43.130   329-329   unknown:BridgelessReact com.terrapulse.app                   W  ReactHost{0}.onHostPause(activity)
2026-07-05 12:23:43.130   329-329   unknown:BridgelessReact com.terrapulse.app                   W  ReactContext.onHostPause()
2026-07-05 12:23:43.161   329-409   DefaultLoc...neProvider com.terrapulse.app                   D  DefaultLocationEngine will be used.
2026-07-05 12:23:43.173   329-329   unknown:BridgelessReact com.terrapulse.app                   W  ReactHost{0}.onHostResume(activity)
2026-07-05 12:23:43.174   329-329   unknown:BridgelessReact com.terrapulse.app                   W  ReactContext.onHostResume()
2026-07-05 12:23:43.182   329-329   DefaultLoc...neProvider com.terrapulse.app                   D  DefaultLocationEngine will be used.
2026-07-05 12:23:43.225   329-329   VRI[MainAc...y]@ead66bd com.terrapulse.app                   D  mThreadedRenderer.initializeIfNeeded()#2 mSurface={isValid=true 0xb40000700162d340}
2026-07-05 12:23:43.225   329-329   InputMethodManagerUtils com.terrapulse.app                   D  startInputInner - Id : 0
2026-07-05 12:23:43.225   329-329   InputMethodManager      com.terrapulse.app                   I  startInputInner - IInputMethodManagerGlobalInvoker.startInputOrWindowGainedFocus
2026-07-05 12:23:43.229   329-329   SV[6770513...nActivity] com.terrapulse.app                   I  onWindowVisibilityChanged(0) true org.maplibre.android.maps.renderer.surfaceview.MapLibreGLSurfaceView{409192f V.E...... ......ID 0,0-1440,3120} of VRI[MainActivity]@ead66bd
2026-07-05 12:23:43.229   329-342   InputTransport          com.terrapulse.app                   D  Input channel constructed: 'ClientS', fd=230
2026-07-05 12:23:43.233   329-329   BLASTBufferQueue_Java   com.terrapulse.app                   I  update, w= 1440 h= 3120 mName = VRI[MainActivity]@ead66bd mNativeObject= 0xb400006ff1639730 sc.mNativeObject= 0xb400007131615250 format= -3 caller= android.view.ViewRootImpl.updateBlastSurfaceIfNeeded:3894 android.view.ViewRootImpl.updateRenderTargetIfNeeded:3886 android.view.ViewRootImpl.relayoutWindow:12625 android.view.ViewRootImpl.performTraversals:5286 android.view.ViewRootImpl.doTraversal:4254 android.view.ViewRootImpl$TraversalCallback.onVsync:13884 
2026-07-05 12:23:43.233   329-329   VRI[MainAc...y]@ead66bd com.terrapulse.app                   I  Relayout returned: old=(0,0,1440,3120) new=(0,0,1440,3120) relayoutAsync=true req=(1440,3120)0 dur=1 res=0x0 s={true 0xb40000700162d340} ch=false seqId=0
2026-07-05 12:23:43.233   329-334   .terrapulse.app         com.terrapulse.app                   W  Cleared Reference was only reachable from finalizer (only reported once)
2026-07-05 12:23:43.234   329-329   SurfaceView             com.terrapulse.app                   I  67705135 Changes: creating=true format=true size=true visible=true alpha=false hint=false left=true top=true z=false attached=true lifecycleStrategy=false blurRegionsChanged=false
2026-07-05 12:23:43.235   329-329   Surface                 com.terrapulse.app                   I  Creating surface for consumer unnamed-329-2 with slotExpansion=1 for 64 slots
2026-07-05 12:23:43.235   329-329   BufferQueueProducer     com.terrapulse.app                   I  [](id:14900000002,api:0,p:7143456,c:329) setDequeueTimeout:2077252342
2026-07-05 12:23:43.241   329-561   nativeloader            com.terrapulse.app                   D  Load /data/app/~~TSHtpAM3Zt_dcOzT2b_rZA==/com.terrapulse.app-M-Jd1bULM_3HBuvyGuXAQQ==/base.apk!/lib/arm64-v8a/libimagepipeline.so using class loader ns clns-9 (caller=/data/app/~~TSHtpAM3Zt_dcOzT2b_rZA==/com.terrapulse.app-M-Jd1bULM_3HBuvyGuXAQQ==/base.apk!classes4.dex): ok
2026-07-05 12:23:43.242   329-329   BLASTBufferQueue_Java   com.terrapulse.app                   I  new BLASTBufferQueue, mName= 409192f SurfaceView[com.terrapulse.app/com.terrapulse.app.MainActivity]@0 mNativeObject= 0xb400006ff1607c70 caller= android.view.SurfaceView.createBlastSurfaceControls:2043 android.view.SurfaceView.updateSurface:1677 android.view.SurfaceView.lambda$new$0:289 android.view.SurfaceView.$r8$lambda$NfZyM_TG8F8lqzaOVZ7noREFjzU:0 android.view.SurfaceView$$ExternalSyntheticLambda1.onPreDraw:0 android.view.ViewTreeObserver.dispatchOnPreDraw:1208 android.view.ViewRootImpl.performTraversals:5939 android.view.ViewRootImpl.doTraversal:4254 android.view.ViewRootImpl$TraversalCallback.onVsync:13884 android.view.Choreographer$CallbackRecord.run:1995 
2026-07-05 12:23:43.242   329-329   BLASTBufferQueue_Java   com.terrapulse.app                   I  update, w= 1440 h= 3120 mName = 409192f SurfaceView[com.terrapulse.app/com.terrapulse.app.MainActivity]@0 mNativeObject= 0xb400006ff1607c70 sc.mNativeObject= 0xb400007131627010 format= -2 caller= android.view.SurfaceView.createBlastSurfaceControls:2044 android.view.SurfaceView.updateSurface:1677 android.view.SurfaceView.lambda$new$0:289 android.view.SurfaceView.$r8$lambda$NfZyM_TG8F8lqzaOVZ7noREFjzU:0 android.view.SurfaceView$$ExternalSyntheticLambda1.onPreDraw:0 android.view.ViewTreeObserver.dispatchOnPreDraw:1208 
2026-07-05 12:23:43.242   329-329   SurfaceView             com.terrapulse.app                   I  67705135 Cur surface: Surface(name=null mNativeObject=0)/@0x7cc68eb
2026-07-05 12:23:43.242   329-329   SurfaceView             com.terrapulse.app                   D  67705135 performSurfaceTransaction RenderWorker position = [0, 0, 1440, 3120] surfaceSize = 1440x3120
2026-07-05 12:23:43.242   329-329   Surface                 com.terrapulse.app                   I  Creating surface for consumer 409192f SurfaceView[com.terrapulse.app/com.terrapulse.app.MainActivity]@0#2(BLAST Consumer)2 with slotExpansion=1 for 64 slots
2026-07-05 12:23:43.242   329-329   SV[6770513...nActivity] com.terrapulse.app                   I  updateSurface: mVisible = true mSurface.isValid() = true
2026-07-05 12:23:43.242   329-329   SV[6770513...nActivity] com.terrapulse.app                   I  updateSurface: mSurfaceCreated = false surfaceChanged = true visibleChanged = true
2026-07-05 12:23:43.242   329-329   SurfaceView             com.terrapulse.app                   I  67705135 visibleChanged -- surfaceCreated
2026-07-05 12:23:43.242   329-329   SV[6770513...nActivity] com.terrapulse.app                   I  surfaceCreated 1 #8 org.maplibre.android.maps.renderer.surfaceview.MapLibreGLSurfaceView{409192f V.E...... ......ID 0,0-1440,3120}
2026-07-05 12:23:43.243   329-329   SurfaceView             com.terrapulse.app                   I  67705135 surfaceChanged -- format=-2 w=1440 h=3120
2026-07-05 12:23:43.243   329-329   SV[6770513...nActivity] com.terrapulse.app                   I  surfaceChanged (1440,3120) 1 #8 org.maplibre.android.maps.renderer.surfaceview.MapLibreGLSurfaceView{409192f V.E...... ......ID 0,0-1440,3120}
2026-07-05 12:23:43.243   329-329   SurfaceView             com.terrapulse.app                   I  67705135 surfaceRedrawNeeded
2026-07-05 12:23:43.243   329-555   AdrenoGLES-0            com.terrapulse.app                   I  QUALCOMM build                   : 2e66171171, I1fac26e44e
                                                                                                    Build Date                       : 05/01/26
                                                                                                    OpenGL ES Shader Compiler Version: E031.50.19.27
                                                                                                    Local Branch                     : 
                                                                                                    Remote Branch                    : refs/tags/AU_LINUX_ANDROID_LA.VENDOR.16.2.0.11.00.00.1195.619
                                                                                                    Remote Branch                    : NONE
                                                                                                    Reconstruct Branch               : NOTHING
2026-07-05 12:23:43.243   329-555   AdrenoGLES-0            com.terrapulse.app                   I  Build Config                     : C P 20.0.0 AArch64
2026-07-05 12:23:43.243   329-555   AdrenoGLES-0            com.terrapulse.app                   I  Driver Path                      : /vendor/lib64/egl/libGLESv2_adreno.so
2026-07-05 12:23:43.243   329-555   AdrenoGLES-0            com.terrapulse.app                   I  Driver Version                   : 0842.19.11
2026-07-05 12:23:43.243   329-555   AdrenoGLES-0            com.terrapulse.app                   I  Process Name                     : com.terrapulse.app
2026-07-05 12:23:43.244   329-560   Kumiho-Kumiho           com.terrapulse.app                   I  getPackageName: com.terrapulse.app
2026-07-05 12:23:43.244   329-560   Kumiho-Kumiho           com.terrapulse.app                   E  updateList: Failed to read policy, trying default path
2026-07-05 12:23:43.244   329-561   Kumiho-Kumiho           com.terrapulse.app                   I  getPackageName: com.terrapulse.app
2026-07-05 12:23:43.245   329-560   Kumiho-Kumiho           com.terrapulse.app                   D  updateList: Adding package 'com.whatsapp' to third-party list
2026-07-05 12:23:43.245   329-560   Kumiho-Kumiho           com.terrapulse.app                   D  updateList: Adding package 'com.facebook.orca' to third-party list
2026-07-05 12:23:43.245   329-560   Kumiho-Kumiho           com.terrapulse.app                   D  updateList: Adding package 'org.telegram.messenger' to third-party list
2026-07-05 12:23:43.245   329-560   Kumiho-Kumiho           com.terrapulse.app                   D  updateList: Adding package 'com.kakao.talk' to third-party list
2026-07-05 12:23:43.245   329-560   Kumiho-Kumiho           com.terrapulse.app                   D  updateList: Adding package 'jp.naver.line.android' to third-party list
2026-07-05 12:23:43.245   329-560   Kumiho-Kumiho           com.terrapulse.app                   D  updateList: Adding package 'com.discord' to third-party list
2026-07-05 12:23:43.245   329-560   Kumiho-Kumiho           com.terrapulse.app                   D  updateList: Adding package 'com.tencent.mm' to third-party list
2026-07-05 12:23:43.245   329-560   Kumiho-Kumiho           com.terrapulse.app                   D  updateList: Adding package 'com.snapchat.android' to third-party list
2026-07-05 12:23:43.245   329-555   AdrenoGLES-0            com.terrapulse.app                   I  PFP: 0x01510594, ME: 0x01510025
2026-07-05 12:23:43.245   329-563   Kumiho-Kumiho           com.terrapulse.app                   I  getPackageName: com.terrapulse.app
2026-07-05 12:23:43.245   329-564   Kumiho-Kumiho           com.terrapulse.app                   I  getPackageName: com.terrapulse.app
2026-07-05 12:23:43.246   329-555   Adreno-AppProfiles      com.terrapulse.app                   E  QSPM AIDL service doesn't exist
2026-07-05 12:23:43.246   329-564   Kumiho-Kumiho           com.terrapulse.app                   I  getPackageName: com.terrapulse.app
2026-07-05 12:23:43.246   329-563   Kumiho-Kumiho           com.terrapulse.app                   I  getPackageName: com.terrapulse.app
2026-07-05 12:23:43.247   329-337   System                  com.terrapulse.app                   W  A resource failed to call close. 
2026-07-05 12:23:43.251   329-329   SurfaceView             com.terrapulse.app                   V  Layout: x=0 y=0 w=1440 h=3120, frame=Rect(0, 0 - 1440, 3120)
2026-07-05 12:23:43.251   329-329   VRI[MainAc...y]@ead66bd com.terrapulse.app                   I  registerCallbackForPendingTransactions
2026-07-05 12:23:43.256   329-359   SurfaceView             com.terrapulse.app                   D  67705135 updateSurfacePosition RenderWorker, frameNr = 129, position = [144, 0, 1584, 3120] clip = [0, 0, 1296, 3120] surfaceSize = 1440x3120 renderNodeSize = 14403120shouldDisableClip = false
2026-07-05 12:23:43.256   329-359   SV[6770513...nActivity] com.terrapulse.app                   I  onSSPAndSRT: pl = 144 pt = 0 sx = 1.0 sy = 1.0
2026-07-05 12:23:43.256   329-359   SurfaceComposerClient   com.terrapulse.app                   D  setBlurRegions for 409192f SurfaceView[com.terrapulse.app/com.terrapulse.app.MainActivity]@0#181299 ## regionSize=0
2026-07-05 12:23:43.256   329-359   SurfaceView             com.terrapulse.app                   D  Setting layer crop = [0.000000, 0.000000, 1296.000000, 3120.000000] from scale 1.000000, 1.000000
2026-07-05 12:23:43.256   329-359   SV[6770513...nActivity] com.terrapulse.app                   I  aOrMT: VRI[MainActivity]@ead66bd t = android.view.SurfaceControl$Transaction@731afea fN = 129 android.view.SurfaceView.-$$Nest$mapplyOrMergeTransaction:0 android.view.SurfaceView$SurfaceViewPositionUpdateListener.positionChanged:2280 android.graphics.RenderNode$CompositePositionUpdateListener.positionChanged:410 
2026-07-05 12:23:43.256   329-359   VRI[MainAc...y]@ead66bd com.terrapulse.app                   I  mWNT: t=0xb4000071f1625080 fn= 129 HdrRenderState mRenderHdrSdrRatio=1.0 caller= android.view.SurfaceView.applyOrMergeTransaction:2125 android.view.SurfaceView.-$$Nest$mapplyOrMergeTransaction:0 android.view.SurfaceView$SurfaceViewPositionUpdateListener.positionChanged:2280 
2026-07-05 12:23:43.257   329-368   VRI[MainAc...y]@ead66bd com.terrapulse.app                   I  mWNT: t=0xb4000071f1632c30 fn= 129 HdrRenderState mRenderHdrSdrRatio=1.0 caller= android.view.ViewRootImpl$10.onFrameDraw:7102 android.view.ViewRootImpl$4.onFrameDraw:2700 android.view.ThreadedRenderer$1.onFrameDraw:750 
2026-07-05 12:23:43.257   329-329   InsetsSourceConsumer    com.terrapulse.app                   I  applyRequestedVisibilityToControl: visible=true, type=statusBars, host=com.terrapulse.app/com.terrapulse.app.MainActivity
2026-07-05 12:23:43.257   329-329   InsetsSourceConsumer    com.terrapulse.app                   I  applyRequestedVisibilityToControl: visible=true, type=navigationBars, host=com.terrapulse.app/com.terrapulse.app.MainActivity
2026-07-05 12:23:43.259   329-555   BLASTBufferQueue        com.terrapulse.app                   I  [409192f SurfaceView[com.terrapulse.app/com.terrapulse.app.MainActivity]@0#2](f:0,a:0,s:0) onFrameAvailable the first frame is available
2026-07-05 12:23:43.259   329-555   SurfaceComposerClient   com.terrapulse.app                   I  apply transaction with the first frame. layerId: 181300, bufferData(ID: 1413044240392, frameNumber: 1)
2026-07-05 12:23:43.259   329-555   SurfaceView             com.terrapulse.app                   I  67705135 finishedDrawing
2026-07-05 12:23:43.265   329-329   InsetsController        com.terrapulse.app                   D  hide(ime())
2026-07-05 12:23:43.265   329-329   ImeTracker              com.terrapulse.app                   I  com.terrapulse.app:c6e9d837: onCancelled at PHASE_CLIENT_ALREADY_HIDDEN
2026-07-05 12:23:43.265   329-329   InputTransport          com.terrapulse.app                   D  Input channel destroyed: 'ClientS', fd=230
2026-07-05 12:23:43.271   329-359   SurfaceView             com.terrapulse.app                   D  67705135 updateSurfacePosition RenderWorker, frameNr = 131, position = [137, 0, 1577, 3120] clip = [0, 0, 1303, 3120] surfaceSize = 1440x3120 renderNodeSize = 14403120shouldDisableClip = false
2026-07-05 12:23:43.271   329-359   SV[6770513...nActivity] com.terrapulse.app                   I  onSSPAndSRT: pl = 137 pt = 0 sx = 1.0 sy = 1.0
2026-07-05 12:23:43.271   329-359   SurfaceComposerClient   com.terrapulse.app                   D  setBlurRegions for 409192f SurfaceView[com.terrapulse.app/com.terrapulse.app.MainActivity]@0#181299 ## regionSize=0
2026-07-05 12:23:43.271   329-359   SurfaceView             com.terrapulse.app                   D  Setting layer crop = [0.000000, 0.000000, 1303.000000, 3120.000000] from scale 1.000000, 1.000000
2026-07-05 12:23:43.271   329-359   SV[6770513...nActivity] com.terrapulse.app                   I  aOrMT: VRI[MainActivity]@ead66bd t = android.view.SurfaceControl$Transaction@731afea fN = 131 android.view.SurfaceView.-$$Nest$mapplyOrMergeTransaction:0 android.view.SurfaceView$SurfaceViewPositionUpdateListener.positionChanged:2280 android.graphics.RenderNode$CompositePositionUpdateListener.positionChanged:410 
2026-07-05 12:23:43.271   329-359   VRI[MainAc...y]@ead66bd com.terrapulse.app                   I  mWNT: t=0xb4000071f1625080 fn= 131 HdrRenderState mRenderHdrSdrRatio=1.0 caller= android.view.SurfaceView.applyOrMergeTransaction:2125 android.view.SurfaceView.-$$Nest$mapplyOrMergeTransaction:0 android.view.SurfaceView$SurfaceViewPositionUpdateListener.positionChanged:2280 
2026-07-05 12:23:43.279   329-359   SurfaceView             com.terrapulse.app                   D  67705135 updateSurfacePosition RenderWorker, frameNr = 132, position = [132, 0, 1573, 3120] clip = [0, 0, 1308, 3120] surfaceSize = 1440x3120 renderNodeSize = 14403120shouldDisableClip = false
2026-07-05 12:23:43.279   329-359   SV[6770513...nActivity] com.terrapulse.app                   I  onSSPAndSRT: pl = 132 pt = 0 sx = 1.0006944 sy = 1.0
2026-07-05 12:23:43.279   329-359   SurfaceComposerClient   com.terrapulse.app                   D  setBlurRegions for 409192f SurfaceView[com.terrapulse.app/com.terrapulse.app.MainActivity]@0#181299 ## regionSize=0
2026-07-05 12:23:43.279   329-359   SurfaceView             com.terrapulse.app                   D  Setting layer crop = [0.000000, 0.000000, 1308.000000, 3120.000000] from scale 1.000000, 1.000000
2026-07-05 12:23:43.279   329-359   SV[6770513...nActivity] com.terrapulse.app                   I  aOrMT: VRI[MainActivity]@ead66bd t = android.view.SurfaceControl$Transaction@731afea fN = 132 android.view.SurfaceView.-$$Nest$mapplyOrMergeTransaction:0 android.view.SurfaceView$SurfaceViewPositionUpdateListener.positionChanged:2280 android.graphics.RenderNode$CompositePositionUpdateListener.positionChanged:410 
2026-07-05 12:23:43.279   329-359   VRI[MainAc...y]@ead66bd com.terrapulse.app                   I  mWNT: t=0xb4000071f1625080 fn= 132 HdrRenderState mRenderHdrSdrRatio=1.0 caller= android.view.SurfaceView.applyOrMergeTransaction:2125 android.view.SurfaceView.-$$Nest$mapplyOrMergeTransaction:0 android.view.SurfaceView$SurfaceViewPositionUpdateListener.positionChanged:2280 
2026-07-05 12:23:43.283   329-565   Mbgl                    com.terrapulse.app                   W  {.terrapulse.app}[ParseStyle]: [4]: Expected array<color> but found string instead.
2026-07-05 12:23:43.288   329-329   Kumiho-Kumiho           com.terrapulse.app                   I  getPackageName: com.terrapulse.app
2026-07-05 12:23:43.288   329-329   Kumiho-Kumiho           com.terrapulse.app                   I  getPackageName: com.terrapulse.app
2026-07-05 12:23:43.298   329-553   Kumiho-Kumiho           com.terrapulse.app                   I  getPackageName: com.terrapulse.app
2026-07-05 12:23:43.299   329-553   Kumiho-Kumiho           com.terrapulse.app                   I  getPackageName: com.terrapulse.app
2026-07-05 12:23:43.300   329-408   ReactNativeJS           com.terrapulse.app                   W  MapLibre Native [WARN] [Mbgl] {.terrapulse.app}[ParseStyle]: [4]: Expected array<color> but found string instead.
2026-07-05 12:23:43.306   329-359   SurfaceView             com.terrapulse.app                   D  67705135 updateSurfacePosition RenderWorker, frameNr = 133, position = [127, 0, 1567, 3120] clip = [0, 0, 1314, 3120] surfaceSize = 1440x3120 renderNodeSize = 14403120shouldDisableClip = false
2026-07-05 12:23:43.306   329-359   SV[6770513...nActivity] com.terrapulse.app                   I  onSSPAndSRT: pl = 127 pt = 0 sx = 1.0 sy = 1.0
2026-07-05 12:23:43.306   329-359   SurfaceComposerClient   com.terrapulse.app                   D  setBlurRegions for 409192f SurfaceView[com.terrapulse.app/com.terrapulse.app.MainActivity]@0#181299 ## regionSize=0
2026-07-05 12:23:43.306   329-359   SurfaceView             com.terrapulse.app                   D  Setting layer crop = [0.000000, 0.000000, 1314.000000, 3120.000000] from scale 1.000000, 1.000000
2026-07-05 12:23:43.306   329-359   SV[6770513...nActivity] com.terrapulse.app                   I  aOrMT: VRI[MainActivity]@ead66bd t = android.view.SurfaceControl$Transaction@731afea fN = 133 android.view.SurfaceView.-$$Nest$mapplyOrMergeTransaction:0 android.view.SurfaceView$SurfaceViewPositionUpdateListener.positionChanged:2280 android.graphics.RenderNode$CompositePositionUpdateListener.positionChanged:410 
2026-07-05 12:23:43.306   329-359   VRI[MainAc...y]@ead66bd com.terrapulse.app                   I  mWNT: t=0xb4000071f1625080 fn= 133 HdrRenderState mRenderHdrSdrRatio=1.0 caller= android.view.SurfaceView.applyOrMergeTransaction:2125 android.view.SurfaceView.-$$Nest$mapplyOrMergeTransaction:0 android.view.SurfaceView$SurfaceViewPositionUpdateListener.positionChanged:2280 
2026-07-05 12:23:43.309   329-359   SurfaceView             com.terrapulse.app                   D  67705135 updateSurfacePosition RenderWorker, frameNr = 134, position = [105, 0, 1545, 3120] clip = [0, 0, 1335, 3120] surfaceSize = 1440x3120 renderNodeSize = 14403120shouldDisableClip = false
2026-07-05 12:23:43.309   329-359   SV[6770513...nActivity] com.terrapulse.app                   I  onSSPAndSRT: pl = 105 pt = 0 sx = 1.0 sy = 1.0
2026-07-05 12:23:43.309   329-359   SurfaceComposerClient   com.terrapulse.app                   D  setBlurRegions for 409192f SurfaceView[com.terrapulse.app/com.terrapulse.app.MainActivity]@0#181299 ## regionSize=0
2026-07-05 12:23:43.309   329-359   SurfaceView             com.terrapulse.app                   D  Setting layer crop = [0.000000, 0.000000, 1335.000000, 3120.000000] from scale 1.000000, 1.000000
2026-07-05 12:23:43.309   329-359   SV[6770513...nActivity] com.terrapulse.app                   I  aOrMT: VRI[MainActivity]@ead66bd t = android.view.SurfaceControl$Transaction@731afea fN = 134 android.view.SurfaceView.-$$Nest$mapplyOrMergeTransaction:0 android.view.SurfaceView$SurfaceViewPositionUpdateListener.positionChanged:2280 android.graphics.RenderNode$CompositePositionUpdateListener.positionChanged:410 
2026-07-05 12:23:43.309   329-359   VRI[MainAc...y]@ead66bd com.terrapulse.app                   I  mWNT: t=0xb4000071f1625080 fn= 134 HdrRenderState mRenderHdrSdrRatio=1.0 caller= android.view.SurfaceView.applyOrMergeTransaction:2125 android.view.SurfaceView.-$$Nest$mapplyOrMergeTransaction:0 android.view.SurfaceView$SurfaceViewPositionUpdateListener.positionChanged:2280 
2026-07-05 12:23:43.316   329-359   SurfaceView             com.terrapulse.app                   D  67705135 updateSurfacePosition RenderWorker, frameNr = 135, position = [86, 0, 1526, 3120] clip = [0, 0, 1354, 3120] surfaceSize = 1440x3120 renderNodeSize = 14403120shouldDisableClip = false
2026-07-05 12:23:43.316   329-359   SV[6770513...nActivity] com.terrapulse.app                   I  onSSPAndSRT: pl = 86 pt = 0 sx = 1.0 sy = 1.0
2026-07-05 12:23:43.317   329-359   SurfaceComposerClient   com.terrapulse.app                   D  setBlurRegions for 409192f SurfaceView[com.terrapulse.app/com.terrapulse.app.MainActivity]@0#181299 ## regionSize=0
2026-07-05 12:23:43.317   329-359   SurfaceView             com.terrapulse.app                   D  Setting layer crop = [0.000000, 0.000000, 1354.000000, 3120.000000] from scale 1.000000, 1.000000
2026-07-05 12:23:43.317   329-359   SV[6770513...nActivity] com.terrapulse.app                   I  aOrMT: VRI[MainActivity]@ead66bd t = android.view.SurfaceControl$Transaction@731afea fN = 135 android.view.SurfaceView.-$$Nest$mapplyOrMergeTransaction:0 android.view.SurfaceView$SurfaceViewPositionUpdateListener.positionChanged:2280 android.graphics.RenderNode$CompositePositionUpdateListener.positionChanged:410 
2026-07-05 12:23:43.317   329-359   VRI[MainAc...y]@ead66bd com.terrapulse.app                   I  mWNT: t=0xb4000071f1625080 fn= 135 HdrRenderState mRenderHdrSdrRatio=1.0 caller= android.view.SurfaceView.applyOrMergeTransaction:2125 android.view.SurfaceView.-$$Nest$mapplyOrMergeTransaction:0 android.view.SurfaceView$SurfaceViewPositionUpdateListener.positionChanged:2280 
2026-07-05 12:23:43.319   329-359   SurfaceView             com.terrapulse.app                   D  67705135 updateSurfacePosition RenderWorker, frameNr = 136, position = [65, 0, 1505, 3120] clip = [0, 0, 1376, 3120] surfaceSize = 1440x3120 renderNodeSize = 14403120shouldDisableClip = false
2026-07-05 12:23:43.319   329-359   SV[6770513...nActivity] com.terrapulse.app                   I  onSSPAndSRT: pl = 65 pt = 0 sx = 1.0 sy = 1.0
2026-07-05 12:23:43.319   329-359   SurfaceComposerClient   com.terrapulse.app                   D  setBlurRegions for 409192f SurfaceView[com.terrapulse.app/com.terrapulse.app.MainActivity]@0#181299 ## regionSize=0
2026-07-05 12:23:43.319   329-359   SurfaceView             com.terrapulse.app                   D  Setting layer crop = [0.000000, 0.000000, 1376.000000, 3120.000000] from scale 1.000000, 1.000000
2026-07-05 12:23:43.319   329-359   SV[6770513...nActivity] com.terrapulse.app                   I  aOrMT: VRI[MainActivity]@ead66bd t = android.view.SurfaceControl$Transaction@731afea fN = 136 android.view.SurfaceView.-$$Nest$mapplyOrMergeTransaction:0 android.view.SurfaceView$SurfaceViewPositionUpdateListener.positionChanged:2280 android.graphics.RenderNode$CompositePositionUpdateListener.positionChanged:410 
2026-07-05 12:23:43.319   329-359   VRI[MainAc...y]@ead66bd com.terrapulse.app                   I  mWNT: t=0xb4000071f1625080 fn= 136 HdrRenderState mRenderHdrSdrRatio=1.0 caller= android.view.SurfaceView.applyOrMergeTransaction:2125 android.view.SurfaceView.-$$Nest$mapplyOrMergeTransaction:0 android.view.SurfaceView$SurfaceViewPositionUpdateListener.positionChanged:2280 
2026-07-05 12:23:43.328   329-359   SurfaceView             com.terrapulse.app                   D  67705135 updateSurfacePosition RenderWorker, frameNr = 137, position = [50, 0, 1490, 3120] clip = [0, 0, 1390, 3120] surfaceSize = 1440x3120 renderNodeSize = 14403120shouldDisableClip = false
2026-07-05 12:23:43.328   329-359   SV[6770513...nActivity] com.terrapulse.app                   I  onSSPAndSRT: pl = 50 pt = 0 sx = 1.0 sy = 1.0
2026-07-05 12:23:43.328   329-359   SurfaceComposerClient   com.terrapulse.app                   D  setBlurRegions for 409192f SurfaceView[com.terrapulse.app/com.terrapulse.app.MainActivity]@0#181299 ## regionSize=0
2026-07-05 12:23:43.328   329-359   SurfaceView             com.terrapulse.app                   D  Setting layer crop = [0.000000, 0.000000, 1390.000000, 3120.000000] from scale 1.000000, 1.000000
2026-07-05 12:23:43.328   329-359   SV[6770513...nActivity] com.terrapulse.app                   I  aOrMT: VRI[MainActivity]@ead66bd t = android.view.SurfaceControl$Transaction@731afea fN = 137 android.view.SurfaceView.-$$Nest$mapplyOrMergeTransaction:0 android.view.SurfaceView$SurfaceViewPositionUpdateListener.positionChanged:2280 android.graphics.RenderNode$CompositePositionUpdateListener.positionChanged:410 
2026-07-05 12:23:43.328   329-359   VRI[MainAc...y]@ead66bd com.terrapulse.app                   I  mWNT: t=0xb4000071f1625080 fn= 137 HdrRenderState mRenderHdrSdrRatio=1.0 caller= android.view.SurfaceView.applyOrMergeTransaction:2125 android.view.SurfaceView.-$$Nest$mapplyOrMergeTransaction:0 android.view.SurfaceView$SurfaceViewPositionUpdateListener.positionChanged:2280 
2026-07-05 12:23:43.335   329-359   SurfaceView             com.terrapulse.app                   D  67705135 updateSurfacePosition RenderWorker, frameNr = 138, position = [42, 0, 1482, 3120] clip = [0, 0, 1399, 3120] surfaceSize = 1440x3120 renderNodeSize = 14403120shouldDisableClip = false
2026-07-05 12:23:43.335   329-359   SV[6770513...nActivity] com.terrapulse.app                   I  onSSPAndSRT: pl = 42 pt = 0 sx = 1.0 sy = 1.0
2026-07-05 12:23:43.335   329-359   SurfaceComposerClient   com.terrapulse.app                   D  setBlurRegions for 409192f SurfaceView[com.terrapulse.app/com.terrapulse.app.MainActivity]@0#181299 ## regionSize=0
2026-07-05 12:23:43.335   329-359   SurfaceView             com.terrapulse.app                   D  Setting layer crop = [0.000000, 0.000000, 1399.000000, 3120.000000] from scale 1.000000, 1.000000
2026-07-05 12:23:43.335   329-359   SV[6770513...nActivity] com.terrapulse.app                   I  aOrMT: VRI[MainActivity]@ead66bd t = android.view.SurfaceControl$Transaction@731afea fN = 138 android.view.SurfaceView.-$$Nest$mapplyOrMergeTransaction:0 android.view.SurfaceView$SurfaceViewPositionUpdateListener.positionChanged:2280 android.graphics.RenderNode$CompositePositionUpdateListener.positionChanged:410 
2026-07-05 12:23:43.336   329-359   VRI[MainAc...y]@ead66bd com.terrapulse.app                   I  mWNT: t=0xb4000071f1625080 fn= 138 HdrRenderState mRenderHdrSdrRatio=1.0 caller= android.view.SurfaceView.applyOrMergeTransaction:2125 android.view.SurfaceView.-$$Nest$mapplyOrMergeTransaction:0 android.view.SurfaceView$SurfaceViewPositionUpdateListener.positionChanged:2280 
2026-07-05 12:23:43.344   329-359   SurfaceView             com.terrapulse.app                   D  67705135 updateSurfacePosition RenderWorker, frameNr = 139, position = [36, 0, 1476, 3120] clip = [0, 0, 1405, 3120] surfaceSize = 1440x3120 renderNodeSize = 14403120shouldDisableClip = false
2026-07-05 12:23:43.344   329-359   SV[6770513...nActivity] com.terrapulse.app                   I  onSSPAndSRT: pl = 36 pt = 0 sx = 1.0 sy = 1.0
2026-07-05 12:23:43.344   329-359   SurfaceComposerClient   com.terrapulse.app                   D  setBlurRegions for 409192f SurfaceView[com.terrapulse.app/com.terrapulse.app.MainActivity]@0#181299 ## regionSize=0
2026-07-05 12:23:43.344   329-359   SurfaceView             com.terrapulse.app                   D  Setting layer crop = [0.000000, 0.000000, 1405.000000, 3120.000000] from scale 1.000000, 1.000000
2026-07-05 12:23:43.344   329-359   SV[6770513...nActivity] com.terrapulse.app                   I  aOrMT: VRI[MainActivity]@ead66bd t = android.view.SurfaceControl$Transaction@731afea fN = 139 android.view.SurfaceView.-$$Nest$mapplyOrMergeTransaction:0 android.view.SurfaceView$SurfaceViewPositionUpdateListener.positionChanged:2280 android.graphics.RenderNode$CompositePositionUpdateListener.positionChanged:410 
2026-07-05 12:23:43.344   329-359   VRI[MainAc...y]@ead66bd com.terrapulse.app                   I  mWNT: t=0xb4000071f1625080 fn= 139 HdrRenderState mRenderHdrSdrRatio=1.0 caller= android.view.SurfaceView.applyOrMergeTransaction:2125 android.view.SurfaceView.-$$Nest$mapplyOrMergeTransaction:0 android.view.SurfaceView$SurfaceViewPositionUpdateListener.positionChanged:2280 
2026-07-05 12:23:43.352   329-359   SurfaceView             com.terrapulse.app                   D  67705135 updateSurfacePosition RenderWorker, frameNr = 140, position = [30, 0, 1471, 3120] clip = [0, 0, 1410, 3120] surfaceSize = 1440x3120 renderNodeSize = 14403120shouldDisableClip = false
2026-07-05 12:23:43.352   329-359   SV[6770513...nActivity] com.terrapulse.app                   I  onSSPAndSRT: pl = 30 pt = 0 sx = 1.0006944 sy = 1.0
2026-07-05 12:23:43.352   329-359   SurfaceComposerClient   com.terrapulse.app                   D  setBlurRegions for 409192f SurfaceView[com.terrapulse.app/com.terrapulse.app.MainActivity]@0#181299 ## regionSize=0
2026-07-05 12:23:43.352   329-359   SurfaceView             com.terrapulse.app                   D  Setting layer crop = [0.000000, 0.000000, 1410.000000, 3120.000000] from scale 1.000000, 1.000000
2026-07-05 12:23:43.352   329-359   SV[6770513...nActivity] com.terrapulse.app                   I  aOrMT: VRI[MainActivity]@ead66bd t = android.view.SurfaceControl$Transaction@731afea fN = 140 android.view.SurfaceView.-$$Nest$mapplyOrMergeTransaction:0 android.view.SurfaceView$SurfaceViewPositionUpdateListener.positionChanged:2280 android.graphics.RenderNode$CompositePositionUpdateListener.positionChanged:410 
2026-07-05 12:23:43.352   329-359   VRI[MainAc...y]@ead66bd com.terrapulse.app                   I  mWNT: t=0xb4000071f1625080 fn= 140 HdrRenderState mRenderHdrSdrRatio=1.0 caller= android.view.SurfaceView.applyOrMergeTransaction:2125 android.view.SurfaceView.-$$Nest$mapplyOrMergeTransaction:0 android.view.SurfaceView$SurfaceViewPositionUpdateListener.positionChanged:2280 
2026-07-05 12:23:43.360   329-359   SurfaceView             com.terrapulse.app                   D  67705135 updateSurfacePosition RenderWorker, frameNr = 141, position = [27, 0, 1467, 3120] clip = [0, 0, 1414, 3120] surfaceSize = 1440x3120 renderNodeSize = 14403120shouldDisableClip = false
2026-07-05 12:23:43.360   329-359   SV[6770513...nActivity] com.terrapulse.app                   I  onSSPAndSRT: pl = 27 pt = 0 sx = 1.0 sy = 1.0
2026-07-05 12:23:43.360   329-359   SurfaceComposerClient   com.terrapulse.app                   D  setBlurRegions for 409192f SurfaceView[com.terrapulse.app/com.terrapulse.app.MainActivity]@0#181299 ## regionSize=0
2026-07-05 12:23:43.360   329-359   SurfaceView             com.terrapulse.app                   D  Setting layer crop = [0.000000, 0.000000, 1414.000000, 3120.000000] from scale 1.000000, 1.000000
2026-07-05 12:23:43.360   329-359   SV[6770513...nActivity] com.terrapulse.app                   I  aOrMT: VRI[MainActivity]@ead66bd t = android.view.SurfaceControl$Transaction@731afea fN = 141 android.view.SurfaceView.-$$Nest$mapplyOrMergeTransaction:0 android.view.SurfaceView$SurfaceViewPositionUpdateListener.positionChanged:2280 android.graphics.RenderNode$CompositePositionUpdateListener.positionChanged:410 
2026-07-05 12:23:43.360   329-359   VRI[MainAc...y]@ead66bd com.terrapulse.app                   I  mWNT: t=0xb4000071f1625080 fn= 141 HdrRenderState mRenderHdrSdrRatio=1.0 caller= android.view.SurfaceView.applyOrMergeTransaction:2125 android.view.SurfaceView.-$$Nest$mapplyOrMergeTransaction:0 android.view.SurfaceView$SurfaceViewPositionUpdateListener.positionChanged:2280 
2026-07-05 12:23:43.368   329-359   SurfaceView             com.terrapulse.app                   D  67705135 updateSurfacePosition RenderWorker, frameNr = 142, position = [24, 0, 1464, 3120] clip = [0, 0, 1417, 3120] surfaceSize = 1440x3120 renderNodeSize = 14403120shouldDisableClip = false
2026-07-05 12:23:43.369   329-359   SV[6770513...nActivity] com.terrapulse.app                   I  onSSPAndSRT: pl = 24 pt = 0 sx = 1.0 sy = 1.0
2026-07-05 12:23:43.369   329-359   SurfaceComposerClient   com.terrapulse.app                   D  setBlurRegions for 409192f SurfaceView[com.terrapulse.app/com.terrapulse.app.MainActivity]@0#181299 ## regionSize=0
2026-07-05 12:23:43.369   329-359   SurfaceView             com.terrapulse.app                   D  Setting layer crop = [0.000000, 0.000000, 1417.000000, 3120.000000] from scale 1.000000, 1.000000
2026-07-05 12:23:43.369   329-359   SV[6770513...nActivity] com.terrapulse.app                   I  aOrMT: VRI[MainActivity]@ead66bd t = android.view.SurfaceControl$Transaction@731afea fN = 142 android.view.SurfaceView.-$$Nest$mapplyOrMergeTransaction:0 android.view.SurfaceView$SurfaceViewPositionUpdateListener.positionChanged:2280 android.graphics.RenderNode$CompositePositionUpdateListener.positionChanged:410 
2026-07-05 12:23:43.369   329-359   VRI[MainAc...y]@ead66bd com.terrapulse.app                   I  mWNT: t=0xb4000071f1625080 fn= 142 HdrRenderState mRenderHdrSdrRatio=1.0 caller= android.view.SurfaceView.applyOrMergeTransaction:2125 android.view.SurfaceView.-$$Nest$mapplyOrMergeTransaction:0 android.view.SurfaceView$SurfaceViewPositionUpdateListener.positionChanged:2280 
2026-07-05 12:23:43.377   329-359   SurfaceView             com.terrapulse.app                   D  67705135 updateSurfacePosition RenderWorker, frameNr = 143, position = [21, 0, 1461, 3120] clip = [0, 0, 1420, 3120] surfaceSize = 1440x3120 renderNodeSize = 14403120shouldDisableClip = false
2026-07-05 12:23:43.377   329-359   SV[6770513...nActivity] com.terrapulse.app                   I  onSSPAndSRT: pl = 21 pt = 0 sx = 1.0 sy = 1.0
2026-07-05 12:23:43.377   329-359   SurfaceComposerClient   com.terrapulse.app                   D  setBlurRegions for 409192f SurfaceView[com.terrapulse.app/com.terrapulse.app.MainActivity]@0#181299 ## regionSize=0
2026-07-05 12:23:43.377   329-359   SurfaceView             com.terrapulse.app                   D  Setting layer crop = [0.000000, 0.000000, 1420.000000, 3120.000000] from scale 1.000000, 1.000000
2026-07-05 12:23:43.377   329-359   SV[6770513...nActivity] com.terrapulse.app                   I  aOrMT: VRI[MainActivity]@ead66bd t = android.view.SurfaceControl$Transaction@731afea fN = 143 android.view.SurfaceView.-$$Nest$mapplyOrMergeTransaction:0 android.view.SurfaceView$SurfaceViewPositionUpdateListener.positionChanged:2280 android.graphics.RenderNode$CompositePositionUpdateListener.positionChanged:410 
2026-07-05 12:23:43.377   329-359   VRI[MainAc...y]@ead66bd com.terrapulse.app                   I  mWNT: t=0xb4000071f1625080 fn= 143 HdrRenderState mRenderHdrSdrRatio=1.0 caller= android.view.SurfaceView.applyOrMergeTransaction:2125 android.view.SurfaceView.-$$Nest$mapplyOrMergeTransaction:0 android.view.SurfaceView$SurfaceViewPositionUpdateListener.positionChanged:2280 
2026-07-05 12:23:43.390   329-359   SurfaceView             com.terrapulse.app                   D  67705135 updateSurfacePosition RenderWorker, frameNr = 144, position = [19, 0, 1459, 3120] clip = [0, 0, 1422, 3120] surfaceSize = 1440x3120 renderNodeSize = 14403120shouldDisableClip = false
2026-07-05 12:23:43.390   329-359   SV[6770513...nActivity] com.terrapulse.app                   I  onSSPAndSRT: pl = 19 pt = 0 sx = 1.0 sy = 1.0
2026-07-05 12:23:43.390   329-359   SurfaceComposerClient   com.terrapulse.app                   D  setBlurRegions for 409192f SurfaceView[com.terrapulse.app/com.terrapulse.app.MainActivity]@0#181299 ## regionSize=0
2026-07-05 12:23:43.390   329-359   SurfaceView             com.terrapulse.app                   D  Setting layer crop = [0.000000, 0.000000, 1422.000000, 3120.000000] from scale 1.000000, 1.000000
2026-07-05 12:23:43.390   329-359   SV[6770513...nActivity] com.terrapulse.app                   I  aOrMT: VRI[MainActivity]@ead66bd t = android.view.SurfaceControl$Transaction@731afea fN = 144 android.view.SurfaceView.-$$Nest$mapplyOrMergeTransaction:0 android.view.SurfaceView$SurfaceViewPositionUpdateListener.positionChanged:2280 android.graphics.RenderNode$CompositePositionUpdateListener.positionChanged:410 
2026-07-05 12:23:43.390   329-359   VRI[MainAc...y]@ead66bd com.terrapulse.app                   I  mWNT: t=0xb4000071f1625080 fn= 144 HdrRenderState mRenderHdrSdrRatio=1.0 caller= android.view.SurfaceView.applyOrMergeTransaction:2125 android.view.SurfaceView.-$$Nest$mapplyOrMergeTransaction:0 android.view.SurfaceView$SurfaceViewPositionUpdateListener.positionChanged:2280 
2026-07-05 12:23:43.402   329-359   SurfaceView             com.terrapulse.app                   D  67705135 updateSurfacePosition RenderWorker, frameNr = 145, position = [17, 0, 1457, 3120] clip = [0, 0, 1424, 3120] surfaceSize = 1440x3120 renderNodeSize = 14403120shouldDisableClip = false
2026-07-05 12:23:43.402   329-359   SV[6770513...nActivity] com.terrapulse.app                   I  onSSPAndSRT: pl = 17 pt = 0 sx = 1.0 sy = 1.0
2026-07-05 12:23:43.402   329-359   SurfaceComposerClient   com.terrapulse.app                   D  setBlurRegions for 409192f SurfaceView[com.terrapulse.app/com.terrapulse.app.MainActivity]@0#181299 ## regionSize=0
2026-07-05 12:23:43.402   329-359   SurfaceView             com.terrapulse.app                   D  Setting layer crop = [0.000000, 0.000000, 1424.000000, 3120.000000] from scale 1.000000, 1.000000
2026-07-05 12:23:43.402   329-359   SV[6770513...nActivity] com.terrapulse.app                   I  aOrMT: VRI[MainActivity]@ead66bd t = android.view.SurfaceControl$Transaction@731afea fN = 145 android.view.SurfaceView.-$$Nest$mapplyOrMergeTransaction:0 android.view.SurfaceView$SurfaceViewPositionUpdateListener.positionChanged:2280 android.graphics.RenderNode$CompositePositionUpdateListener.positionChanged:410 
2026-07-05 12:23:43.402   329-359   VRI[MainAc...y]@ead66bd com.terrapulse.app                   I  mWNT: t=0xb4000071f1625080 fn= 145 HdrRenderState mRenderHdrSdrRatio=1.0 caller= android.view.SurfaceView.applyOrMergeTransaction:2125 android.view.SurfaceView.-$$Nest$mapplyOrMergeTransaction:0 android.view.SurfaceView$SurfaceViewPositionUpdateListener.positionChanged:2280 
2026-07-05 12:23:43.410   329-359   SurfaceView             com.terrapulse.app                   D  67705135 updateSurfacePosition RenderWorker, frameNr = 146, position = [15, 0, 1455, 3120] clip = [0, 0, 1426, 3120] surfaceSize = 1440x3120 renderNodeSize = 14403120shouldDisableClip = false
2026-07-05 12:23:43.410   329-359   SV[6770513...nActivity] com.terrapulse.app                   I  onSSPAndSRT: pl = 15 pt = 0 sx = 1.0 sy = 1.0
2026-07-05 12:23:43.410   329-359   SurfaceComposerClient   com.terrapulse.app                   D  setBlurRegions for 409192f SurfaceView[com.terrapulse.app/com.terrapulse.app.MainActivity]@0#181299 ## regionSize=0
2026-07-05 12:23:43.410   329-359   SurfaceView             com.terrapulse.app                   D  Setting layer crop = [0.000000, 0.000000, 1426.000000, 3120.000000] from scale 1.000000, 1.000000
2026-07-05 12:23:43.410   329-359   SV[6770513...nActivity] com.terrapulse.app                   I  aOrMT: VRI[MainActivity]@ead66bd t = android.view.SurfaceControl$Transaction@731afea fN = 146 android.view.SurfaceView.-$$Nest$mapplyOrMergeTransaction:0 android.view.SurfaceView$SurfaceViewPositionUpdateListener.positionChanged:2280 android.graphics.RenderNode$CompositePositionUpdateListener.positionChanged:410 
2026-07-05 12:23:43.410   329-359   VRI[MainAc...y]@ead66bd com.terrapulse.app                   I  mWNT: t=0xb4000071f1625080 fn= 146 HdrRenderState mRenderHdrSdrRatio=1.0 caller= android.view.SurfaceView.applyOrMergeTransaction:2125 android.view.SurfaceView.-$$Nest$mapplyOrMergeTransaction:0 android.view.SurfaceView$SurfaceViewPositionUpdateListener.positionChanged:2280 
2026-07-05 12:23:43.419   329-359   SurfaceView             com.terrapulse.app                   D  67705135 updateSurfacePosition RenderWorker, frameNr = 147, position = [14, 0, 1454, 3120] clip = [0, 0, 1427, 3120] surfaceSize = 1440x3120 renderNodeSize = 14403120shouldDisableClip = false
2026-07-05 12:23:43.419   329-359   SV[6770513...nActivity] com.terrapulse.app                   I  onSSPAndSRT: pl = 14 pt = 0 sx = 1.0 sy = 1.0
2026-07-05 12:23:43.419   329-359   SurfaceComposerClient   com.terrapulse.app                   D  setBlurRegions for 409192f SurfaceView[com.terrapulse.app/com.terrapulse.app.MainActivity]@0#181299 ## regionSize=0
2026-07-05 12:23:43.419   329-359   SurfaceView             com.terrapulse.app                   D  Setting layer crop = [0.000000, 0.000000, 1427.000000, 3120.000000] from scale 1.000000, 1.000000
2026-07-05 12:23:43.419   329-359   SV[6770513...nActivity] com.terrapulse.app                   I  aOrMT: VRI[MainActivity]@ead66bd t = android.view.SurfaceControl$Transaction@731afea fN = 147 android.view.SurfaceView.-$$Nest$mapplyOrMergeTransaction:0 android.view.SurfaceView$SurfaceViewPositionUpdateListener.positionChanged:2280 android.graphics.RenderNode$CompositePositionUpdateListener.positionChanged:410 
2026-07-05 12:23:43.419   329-359   VRI[MainAc...y]@ead66bd com.terrapulse.app                   I  mWNT: t=0xb4000071f1625080 fn= 147 HdrRenderState mRenderHdrSdrRatio=1.0 caller= android.view.SurfaceView.applyOrMergeTransaction:2125 android.view.SurfaceView.-$$Nest$mapplyOrMergeTransaction:0 android.view.SurfaceView$SurfaceViewPositionUpdateListener.positionChanged:2280 
2026-07-05 12:23:43.421   329-551   Kumiho-Kumiho           com.terrapulse.app                   I  getPackageName: com.terrapulse.app
2026-07-05 12:23:43.421   329-552   Kumiho-Kumiho           com.terrapulse.app                   I  getPackageName: com.terrapulse.app
2026-07-05 12:23:43.422   329-551   Kumiho-Kumiho           com.terrapulse.app                   I  getPackageName: com.terrapulse.app
2026-07-05 12:23:43.423   329-552   Kumiho-Kumiho           com.terrapulse.app                   I  getPackageName: com.terrapulse.app
2026-07-05 12:23:43.427   329-359   SurfaceView             com.terrapulse.app                   D  67705135 updateSurfacePosition RenderWorker, frameNr = 148, position = [12, 0, 1452, 3120] clip = [0, 0, 1428, 3120] surfaceSize = 1440x3120 renderNodeSize = 14403120shouldDisableClip = false
2026-07-05 12:23:43.427   329-359   SV[6770513...nActivity] com.terrapulse.app                   I  onSSPAndSRT: pl = 12 pt = 0 sx = 1.0 sy = 1.0
2026-07-05 12:23:43.427   329-359   SurfaceComposerClient   com.terrapulse.app                   D  setBlurRegions for 409192f SurfaceView[com.terrapulse.app/com.terrapulse.app.MainActivity]@0#181299 ## regionSize=0
2026-07-05 12:23:43.427   329-359   SurfaceView             com.terrapulse.app                   D  Setting layer crop = [0.000000, 0.000000, 1428.000000, 3120.000000] from scale 1.000000, 1.000000
2026-07-05 12:23:43.427   329-359   SV[6770513...nActivity] com.terrapulse.app                   I  aOrMT: VRI[MainActivity]@ead66bd t = android.view.SurfaceControl$Transaction@731afea fN = 148 android.view.SurfaceView.-$$Nest$mapplyOrMergeTransaction:0 android.view.SurfaceView$SurfaceViewPositionUpdateListener.positionChanged:2280 android.graphics.RenderNode$CompositePositionUpdateListener.positionChanged:410 
2026-07-05 12:23:43.427   329-359   VRI[MainAc...y]@ead66bd com.terrapulse.app                   I  mWNT: t=0xb4000071f1625080 fn= 148 HdrRenderState mRenderHdrSdrRatio=1.0 caller= android.view.SurfaceView.applyOrMergeTransaction:2125 android.view.SurfaceView.-$$Nest$mapplyOrMergeTransaction:0 android.view.SurfaceView$SurfaceViewPositionUpdateListener.positionChanged:2280 
2026-07-05 12:23:43.480   329-359   SurfaceView             com.terrapulse.app                   D  67705135 updateSurfacePosition RenderWorker, frameNr = 149, position = [11, 0, 1451, 3120] clip = [0, 0, 1430, 3120] surfaceSize = 1440x3120 renderNodeSize = 14403120shouldDisableClip = false
